[0.438s] DEBUG:colcon:Command line arguments: ['/usr/bin/colcon', 'build']
[0.438s] DEBUG:colcon:Parsed command line arguments: Namespace(log_base=None, log_level=None, verb_name='build', build_base='build', install_base='install', merge_install=False, symlink_install=False, test_result_base=None, continue_on_error=False, executor='parallel', parallel_workers=12, event_handlers=None, ignore_user_meta=False, metas=['./colcon.meta'], base_paths=['.'], packages_ignore=None, packages_ignore_regex=None, paths=None, packages_up_to=None, packages_up_to_regex=None, packages_above=None, packages_above_and_dependencies=None, packages_above_depth=None, packages_select_by_dep=None, packages_skip_by_dep=None, packages_skip_up_to=None, packages_select_build_failed=False, packages_skip_build_finished=False, packages_select_test_failures=False, packages_skip_test_passed=False, packages_select=None, packages_skip=None, packages_select_regex=None, packages_skip_regex=None, packages_start=None, packages_end=None, allow_overriding=[], cmake_args=None, cmake_target=None, cmake_target_skip_unavailable=False, cmake_clean_cache=False, cmake_clean_first=False, cmake_force_configure=False, ament_cmake_args=None, catkin_cmake_args=None, catkin_skip_building_tests=False, mixin_files=None, mixin=None, verb_parser=<colcon_mixin.mixin.mixin_argument.MixinArgumentDecorator object at 0x7861acd7a120>, verb_extension=<colcon_core.verb.build.BuildVerb object at 0x7861acd2ddf0>, main=<bound method BuildVerb.main of <colcon_core.verb.build.BuildVerb object at 0x7861acd2ddf0>>, mixin_verb=('build',))
[0.502s] Level 1:colcon.colcon_core.package_discovery:discover_packages(colcon_meta) check parameters
[0.502s] Level 1:colcon.colcon_core.package_discovery:discover_packages(recursive) check parameters
[0.502s] Level 1:colcon.colcon_core.package_discovery:discover_packages(ignore) check parameters
[0.502s] Level 1:colcon.colcon_core.package_discovery:discover_packages(path) check parameters
[0.502s] Level 1:colcon.colcon_core.package_discovery:discover_packages(colcon_meta) discover
[0.502s] Level 1:colcon.colcon_core.package_discovery:discover_packages(recursive) discover
[0.503s] INFO:colcon.colcon_core.package_discovery:Crawling recursively for packages in '/home/shreeshinator/AI_Challenge_Robotic_Arm'
[0.503s] Level 1:colcon.colcon_core.package_identification:_identify(.) by extensions ['ignore', 'ignore_ament_install']
[0.503s] Level 1:colcon.colcon_core.package_identification:_identify(.) by extension 'ignore'
[0.503s] Level 1:colcon.colcon_core.package_identification:_identify(.) by extension 'ignore_ament_install'
[0.503s] Level 1:colcon.colcon_core.package_identification:_identify(.) by extensions ['colcon_pkg']
[0.503s] Level 1:colcon.colcon_core.package_identification:_identify(.) by extension 'colcon_pkg'
[0.503s] Level 1:colcon.colcon_core.package_identification:_identify(.) by extensions ['colcon_meta']
[0.503s] Level 1:colcon.colcon_core.package_identification:_identify(.) by extension 'colcon_meta'
[0.504s] Level 1:colcon.colcon_core.package_identification:_identify(.) by extensions ['ros']
[0.504s] Level 1:colcon.colcon_core.package_identification:_identify(.) by extension 'ros'
[0.566s] Level 1:colcon.colcon_core.package_identification:_identify(.) by extensions ['cmake', 'python']
[0.566s] Level 1:colcon.colcon_core.package_identification:_identify(.) by extension 'cmake'
[0.566s] Level 1:colcon.colcon_core.package_identification:_identify(.) by extension 'python'
[0.566s] Level 1:colcon.colcon_core.package_identification:_identify(.) by extensions ['python_setup_py']
[0.566s] Level 1:colcon.colcon_core.package_identification:_identify(.) by extension 'python_setup_py'
[0.567s] Level 1:colcon.colcon_core.package_identification:_identify(build) by extensions ['ignore', 'ignore_ament_install']
[0.567s] Level 1:colcon.colcon_core.package_identification:_identify(build) by extension 'ignore'
[0.567s] Level 1:colcon.colcon_core.package_identification:_identify(build) ignored
[0.567s] Level 1:colcon.colcon_core.package_identification:_identify(install) by extensions ['ignore', 'ignore_ament_install']
[0.567s] Level 1:colcon.colcon_core.package_identification:_identify(install) by extension 'ignore'
[0.568s] Level 1:colcon.colcon_core.package_identification:_identify(install) ignored
[0.568s] Level 1:colcon.colcon_core.package_identification:_identify(log) by extensions ['ignore', 'ignore_ament_install']
[0.568s] Level 1:colcon.colcon_core.package_identification:_identify(log) by extension 'ignore'
[0.568s] Level 1:colcon.colcon_core.package_identification:_identify(log) ignored
[0.568s] Level 1:colcon.colcon_core.package_identification:_identify(src) by extensions ['ignore', 'ignore_ament_install']
[0.568s] Level 1:colcon.colcon_core.package_identification:_identify(src) by extension 'ignore'
[0.569s] Level 1:colcon.colcon_core.package_identification:_identify(src) by extension 'ignore_ament_install'
[0.569s] Level 1:colcon.colcon_core.package_identification:_identify(src) by extensions ['colcon_pkg']
[0.569s] Level 1:colcon.colcon_core.package_identification:_identify(src) by extension 'colcon_pkg'
[0.569s] Level 1:colcon.colcon_core.package_identification:_identify(src) by extensions ['colcon_meta']
[0.569s] Level 1:colcon.colcon_core.package_identification:_identify(src) by extension 'colcon_meta'
[0.569s] Level 1:colcon.colcon_core.package_identification:_identify(src) by extensions ['ros']
[0.569s] Level 1:colcon.colcon_core.package_identification:_identify(src) by extension 'ros'
[0.569s] Level 1:colcon.colcon_core.package_identification:_identify(src) by extensions ['cmake', 'python']
[0.569s] Level 1:colcon.colcon_core.package_identification:_identify(src) by extension 'cmake'
[0.569s] Level 1:colcon.colcon_core.package_identification:_identify(src) by extension 'python'
[0.570s] Level 1:colcon.colcon_core.package_identification:_identify(src) by extensions ['python_setup_py']
[0.570s] Level 1:colcon.colcon_core.package_identification:_identify(src) by extension 'python_setup_py'
[0.570s] Level 1:colcon.colcon_core.package_identification:_identify(src/modular_arm_bringup) by extensions ['ignore', 'ignore_ament_install']
[0.570s] Level 1:colcon.colcon_core.package_identification:_identify(src/modular_arm_bringup) by extension 'ignore'
[0.570s] Level 1:colcon.colcon_core.package_identification:_identify(src/modular_arm_bringup) by extension 'ignore_ament_install'
[0.570s] Level 1:colcon.colcon_core.package_identification:_identify(src/modular_arm_bringup) by extensions ['colcon_pkg']
[0.570s] Level 1:colcon.colcon_core.package_identification:_identify(src/modular_arm_bringup) by extension 'colcon_pkg'
[0.570s] Level 1:colcon.colcon_core.package_identification:_identify(src/modular_arm_bringup) by extensions ['colcon_meta']
[0.570s] Level 1:colcon.colcon_core.package_identification:_identify(src/modular_arm_bringup) by extension 'colcon_meta'
[0.570s] Level 1:colcon.colcon_core.package_identification:_identify(src/modular_arm_bringup) by extensions ['ros']
[0.571s] Level 1:colcon.colcon_core.package_identification:_identify(src/modular_arm_bringup) by extension 'ros'
[0.577s] DEBUG:colcon.colcon_core.package_identification:Package 'src/modular_arm_bringup' with type 'ros.ament_cmake' and name 'modular_arm_bringup'
[0.577s] Level 1:colcon.colcon_core.package_identification:_identify(src/modular_arm_description) by extensions ['ignore', 'ignore_ament_install']
[0.577s] Level 1:colcon.colcon_core.package_identification:_identify(src/modular_arm_description) by extension 'ignore'
[0.577s] Level 1:colcon.colcon_core.package_identification:_identify(src/modular_arm_description) by extension 'ignore_ament_install'
[0.578s] Level 1:colcon.colcon_core.package_identification:_identify(src/modular_arm_description) by extensions ['colcon_pkg']
[0.578s] Level 1:colcon.colcon_core.package_identification:_identify(src/modular_arm_description) by extension 'colcon_pkg'
[0.578s] Level 1:colcon.colcon_core.package_identification:_identify(src/modular_arm_description) by extensions ['colcon_meta']
[0.578s] Level 1:colcon.colcon_core.package_identification:_identify(src/modular_arm_description) by extension 'colcon_meta'
[0.578s] Level 1:colcon.colcon_core.package_identification:_identify(src/modular_arm_description) by extensions ['ros']
[0.578s] Level 1:colcon.colcon_core.package_identification:_identify(src/modular_arm_description) by extension 'ros'
[0.579s] DEBUG:colcon.colcon_core.package_identification:Package 'src/modular_arm_description' with type 'ros.ament_cmake' and name 'modular_arm_description'
[0.580s] Level 1:colcon.colcon_core.package_identification:_identify(src/modular_arm_interfaces) by extensions ['ignore', 'ignore_ament_install']
[0.580s] Level 1:colcon.colcon_core.package_identification:_identify(src/modular_arm_interfaces) by extension 'ignore'
[0.580s] Level 1:colcon.colcon_core.package_identification:_identify(src/modular_arm_interfaces) by extension 'ignore_ament_install'
[0.580s] Level 1:colcon.colcon_core.package_identification:_identify(src/modular_arm_interfaces) by extensions ['colcon_pkg']
[0.580s] Level 1:colcon.colcon_core.package_identification:_identify(src/modular_arm_interfaces) by extension 'colcon_pkg'
[0.580s] Level 1:colcon.colcon_core.package_identification:_identify(src/modular_arm_interfaces) by extensions ['colcon_meta']
[0.580s] Level 1:colcon.colcon_core.package_identification:_identify(src/modular_arm_interfaces) by extension 'colcon_meta'
[0.580s] Level 1:colcon.colcon_core.package_identification:_identify(src/modular_arm_interfaces) by extensions ['ros']
[0.580s] Level 1:colcon.colcon_core.package_identification:_identify(src/modular_arm_interfaces) by extension 'ros'
[0.581s] DEBUG:colcon.colcon_core.package_identification:Package 'src/modular_arm_interfaces' with type 'ros.ament_cmake' and name 'modular_arm_interfaces'
[0.581s] Level 1:colcon.colcon_core.package_identification:_identify(src/modular_arm_kinematics) by extensions ['ignore', 'ignore_ament_install']
[0.581s] Level 1:colcon.colcon_core.package_identification:_identify(src/modular_arm_kinematics) by extension 'ignore'
[0.582s] Level 1:colcon.colcon_core.package_identification:_identify(src/modular_arm_kinematics) by extension 'ignore_ament_install'
[0.582s] Level 1:colcon.colcon_core.package_identification:_identify(src/modular_arm_kinematics) by extensions ['colcon_pkg']
[0.582s] Level 1:colcon.colcon_core.package_identification:_identify(src/modular_arm_kinematics) by extension 'colcon_pkg'
[0.582s] Level 1:colcon.colcon_core.package_identification:_identify(src/modular_arm_kinematics) by extensions ['colcon_meta']
[0.582s] Level 1:colcon.colcon_core.package_identification:_identify(src/modular_arm_kinematics) by extension 'colcon_meta'
[0.582s] Level 1:colcon.colcon_core.package_identification:_identify(src/modular_arm_kinematics) by extensions ['ros']
[0.582s] Level 1:colcon.colcon_core.package_identification:_identify(src/modular_arm_kinematics) by extension 'ros'
[0.583s] DEBUG:colcon.colcon_core.package_identification:Package 'src/modular_arm_kinematics' with type 'ros.ament_python' and name 'modular_arm_kinematics'
[0.583s] Level 1:colcon.colcon_core.package_discovery:discover_packages(recursive) using defaults
[0.583s] Level 1:colcon.colcon_core.package_discovery:discover_packages(ignore) discover
[0.583s] Level 1:colcon.colcon_core.package_discovery:discover_packages(ignore) using defaults
[0.583s] Level 1:colcon.colcon_core.package_discovery:discover_packages(path) discover
[0.583s] Level 1:colcon.colcon_core.package_discovery:discover_packages(path) using defaults
[0.626s] Level 1:colcon.colcon_core.package_discovery:discover_packages(prefix_path) check parameters
[0.626s] Level 1:colcon.colcon_core.package_discovery:discover_packages(prefix_path) discover
[0.634s] DEBUG:colcon.colcon_installed_package_information.package_discovery:Found 4 installed packages in /home/shreeshinator/AI_Challenge_Robotic_Arm/install
[0.636s] DEBUG:colcon.colcon_installed_package_information.package_discovery:Found 334 installed packages in /opt/ros/jazzy
[0.639s] Level 1:colcon.colcon_core.package_discovery:discover_packages(prefix_path) using defaults
[0.696s] Level 5:colcon.colcon_core.verb:set package 'modular_arm_description' build argument 'cmake_args' from command line to 'None'
[0.697s] Level 5:colcon.colcon_core.verb:set package 'modular_arm_description' build argument 'cmake_target' from command line to 'None'
[0.697s] Level 5:colcon.colcon_core.verb:set package 'modular_arm_description' build argument 'cmake_target_skip_unavailable' from command line to 'False'
[0.697s] Level 5:colcon.colcon_core.verb:set package 'modular_arm_description' build argument 'cmake_clean_cache' from command line to 'False'
[0.697s] Level 5:colcon.colcon_core.verb:set package 'modular_arm_description' build argument 'cmake_clean_first' from command line to 'False'
[0.697s] Level 5:colcon.colcon_core.verb:set package 'modular_arm_description' build argument 'cmake_force_configure' from command line to 'False'
[0.697s] Level 5:colcon.colcon_core.verb:set package 'modular_arm_description' build argument 'ament_cmake_args' from command line to 'None'
[0.697s] Level 5:colcon.colcon_core.verb:set package 'modular_arm_description' build argument 'catkin_cmake_args' from command line to 'None'
[0.697s] Level 5:colcon.colcon_core.verb:set package 'modular_arm_description' build argument 'catkin_skip_building_tests' from command line to 'False'
[0.697s] DEBUG:colcon.colcon_core.verb:Building package 'modular_arm_description' with the following arguments: {'ament_cmake_args': None, 'build_base': '/home/shreeshinator/AI_Challenge_Robotic_Arm/build/modular_arm_description', 'catkin_cmake_args': None, 'catkin_skip_building_tests': False, 'cmake_args': None, 'cmake_clean_cache': False, 'cmake_clean_first': False, 'cmake_force_configure': False, 'cmake_target': None, 'cmake_target_skip_unavailable': False, 'install_base': '/home/shreeshinator/AI_Challenge_Robotic_Arm/install/modular_arm_description', 'merge_install': False, 'path': '/home/shreeshinator/AI_Challenge_Robotic_Arm/src/modular_arm_description', 'symlink_install': False, 'test_result_base': None}
[0.697s] Level 5:colcon.colcon_core.verb:set package 'modular_arm_interfaces' build argument 'cmake_args' from command line to 'None'
[0.698s] Level 5:colcon.colcon_core.verb:set package 'modular_arm_interfaces' build argument 'cmake_target' from command line to 'None'
[0.698s] Level 5:colcon.colcon_core.verb:set package 'modular_arm_interfaces' build argument 'cmake_target_skip_unavailable' from command line to 'False'
[0.698s] Level 5:colcon.colcon_core.verb:set package 'modular_arm_interfaces' build argument 'cmake_clean_cache' from command line to 'False'
[0.698s] Level 5:colcon.colcon_core.verb:set package 'modular_arm_interfaces' build argument 'cmake_clean_first' from command line to 'False'
[0.698s] Level 5:colcon.colcon_core.verb:set package 'modular_arm_interfaces' build argument 'cmake_force_configure' from command line to 'False'
[0.698s] Level 5:colcon.colcon_core.verb:set package 'modular_arm_interfaces' build argument 'ament_cmake_args' from command line to 'None'
[0.698s] Level 5:colcon.colcon_core.verb:set package 'modular_arm_interfaces' build argument 'catkin_cmake_args' from command line to 'None'
[0.698s] Level 5:colcon.colcon_core.verb:set package 'modular_arm_interfaces' build argument 'catkin_skip_building_tests' from command line to 'False'
[0.698s] DEBUG:colcon.colcon_core.verb:Building package 'modular_arm_interfaces' with the following arguments: {'ament_cmake_args': None, 'build_base': '/home/shreeshinator/AI_Challenge_Robotic_Arm/build/modular_arm_interfaces', 'catkin_cmake_args': None, 'catkin_skip_building_tests': False, 'cmake_args': None, 'cmake_clean_cache': False, 'cmake_clean_first': False, 'cmake_force_configure': False, 'cmake_target': None, 'cmake_target_skip_unavailable': False, 'install_base': '/home/shreeshinator/AI_Challenge_Robotic_Arm/install/modular_arm_interfaces', 'merge_install': False, 'path': '/home/shreeshinator/AI_Challenge_Robotic_Arm/src/modular_arm_interfaces', 'symlink_install': False, 'test_result_base': None}
[0.698s] Level 5:colcon.colcon_core.verb:set package 'modular_arm_kinematics' build argument 'cmake_args' from command line to 'None'
[0.698s] Level 5:colcon.colcon_core.verb:set package 'modular_arm_kinematics' build argument 'cmake_target' from command line to 'None'
[0.698s] Level 5:colcon.colcon_core.verb:set package 'modular_arm_kinematics' build argument 'cmake_target_skip_unavailable' from command line to 'False'
[0.698s] Level 5:colcon.colcon_core.verb:set package 'modular_arm_kinematics' build argument 'cmake_clean_cache' from command line to 'False'
[0.698s] Level 5:colcon.colcon_core.verb:set package 'modular_arm_kinematics' build argument 'cmake_clean_first' from command line to 'False'
[0.698s] Level 5:colcon.colcon_core.verb:set package 'modular_arm_kinematics' build argument 'cmake_force_configure' from command line to 'False'
[0.698s] Level 5:colcon.colcon_core.verb:set package 'modular_arm_kinematics' build argument 'ament_cmake_args' from command line to 'None'
[0.698s] Level 5:colcon.colcon_core.verb:set package 'modular_arm_kinematics' build argument 'catkin_cmake_args' from command line to 'None'
[0.698s] Level 5:colcon.colcon_core.verb:set package 'modular_arm_kinematics' build argument 'catkin_skip_building_tests' from command line to 'False'
[0.699s] DEBUG:colcon.colcon_core.verb:Building package 'modular_arm_kinematics' with the following arguments: {'ament_cmake_args': None, 'build_base': '/home/shreeshinator/AI_Challenge_Robotic_Arm/build/modular_arm_kinematics', 'catkin_cmake_args': None, 'catkin_skip_building_tests': False, 'cmake_args': None, 'cmake_clean_cache': False, 'cmake_clean_first': False, 'cmake_force_configure': False, 'cmake_target': None, 'cmake_target_skip_unavailable': False, 'install_base': '/home/shreeshinator/AI_Challenge_Robotic_Arm/install/modular_arm_kinematics', 'merge_install': False, 'path': '/home/shreeshinator/AI_Challenge_Robotic_Arm/src/modular_arm_kinematics', 'symlink_install': False, 'test_result_base': None}
[0.699s] Level 5:colcon.colcon_core.verb:set package 'modular_arm_bringup' build argument 'cmake_args' from command line to 'None'
[0.699s] Level 5:colcon.colcon_core.verb:set package 'modular_arm_bringup' build argument 'cmake_target' from command line to 'None'
[0.699s] Level 5:colcon.colcon_core.verb:set package 'modular_arm_bringup' build argument 'cmake_target_skip_unavailable' from command line to 'False'
[0.699s] Level 5:colcon.colcon_core.verb:set package 'modular_arm_bringup' build argument 'cmake_clean_cache' from command line to 'False'
[0.699s] Level 5:colcon.colcon_core.verb:set package 'modular_arm_bringup' build argument 'cmake_clean_first' from command line to 'False'
[0.699s] Level 5:colcon.colcon_core.verb:set package 'modular_arm_bringup' build argument 'cmake_force_configure' from command line to 'False'
[0.699s] Level 5:colcon.colcon_core.verb:set package 'modular_arm_bringup' build argument 'ament_cmake_args' from command line to 'None'
[0.699s] Level 5:colcon.colcon_core.verb:set package 'modular_arm_bringup' build argument 'catkin_cmake_args' from command line to 'None'
[0.699s] Level 5:colcon.colcon_core.verb:set package 'modular_arm_bringup' build argument 'catkin_skip_building_tests' from command line to 'False'
[0.699s] DEBUG:colcon.colcon_core.verb:Building package 'modular_arm_bringup' with the following arguments: {'ament_cmake_args': None, 'build_base': '/home/shreeshinator/AI_Challenge_Robotic_Arm/build/modular_arm_bringup', 'catkin_cmake_args': None, 'catkin_skip_building_tests': False, 'cmake_args': None, 'cmake_clean_cache': False, 'cmake_clean_first': False, 'cmake_force_configure': False, 'cmake_target': None, 'cmake_target_skip_unavailable': False, 'install_base': '/home/shreeshinator/AI_Challenge_Robotic_Arm/install/modular_arm_bringup', 'merge_install': False, 'path': '/home/shreeshinator/AI_Challenge_Robotic_Arm/src/modular_arm_bringup', 'symlink_install': False, 'test_result_base': None}
[0.699s] INFO:colcon.colcon_core.executor:Executing jobs using 'parallel' executor
[0.702s] DEBUG:colcon.colcon_parallel_executor.executor.parallel:run_until_complete
[0.703s] INFO:colcon.colcon_ros.task.ament_cmake.build:Building ROS package in '/home/shreeshinator/AI_Challenge_Robotic_Arm/src/modular_arm_interfaces' with build type 'ament_cmake'
[0.703s] INFO:colcon.colcon_cmake.task.cmake.build:Building CMake package in '/home/shreeshinator/AI_Challenge_Robotic_Arm/src/modular_arm_interfaces'
[0.718s] INFO:colcon.colcon_core.plugin_system:Skipping extension 'colcon_core.shell.bat': Not used on non-Windows systems
[0.719s] INFO:colcon.colcon_core.shell:Skip shell extension 'powershell' for command environment: Not usable outside of PowerShell
[0.719s] DEBUG:colcon.colcon_core.shell:Skip shell extension 'dsv' for command environment
[0.726s] INFO:colcon.colcon_ros.task.ament_cmake.build:Building ROS package in '/home/shreeshinator/AI_Challenge_Robotic_Arm/src/modular_arm_description' with build type 'ament_cmake'
[0.727s] INFO:colcon.colcon_cmake.task.cmake.build:Building CMake package in '/home/shreeshinator/AI_Challenge_Robotic_Arm/src/modular_arm_description'
[0.729s] INFO:colcon.colcon_core.shell:Skip shell extension 'powershell' for command environment: Not usable outside of PowerShell
[0.729s] DEBUG:colcon.colcon_core.shell:Skip shell extension 'dsv' for command environment
[0.753s] DEBUG:colcon.colcon_core.event_handler.log_command:Invoking command in '/home/shreeshinator/AI_Challenge_Robotic_Arm/build/modular_arm_interfaces': CMAKE_PREFIX_PATH=${CMAKE_PREFIX_PATH}:/home/shreeshinator/AI_Challenge_Robotic_Arm/install/modular_arm_kinematics:/opt/ros/jazzy /usr/bin/cmake --build /home/shreeshinator/AI_Challenge_Robotic_Arm/build/modular_arm_interfaces -- -j12 -l12
[0.775s] DEBUG:colcon.colcon_core.event_handler.log_command:Invoking command in '/home/shreeshinator/AI_Challenge_Robotic_Arm/build/modular_arm_description': CMAKE_PREFIX_PATH=${CMAKE_PREFIX_PATH}:/home/shreeshinator/AI_Challenge_Robotic_Arm/install/modular_arm_kinematics:/opt/ros/jazzy /usr/bin/cmake --build /home/shreeshinator/AI_Challenge_Robotic_Arm/build/modular_arm_description -- -j12 -l12
[0.901s] DEBUG:colcon.colcon_core.event_handler.log_command:Invoked command in '/home/shreeshinator/AI_Challenge_Robotic_Arm/build/modular_arm_description' returned '0': CMAKE_PREFIX_PATH=${CMAKE_PREFIX_PATH}:/home/shreeshinator/AI_Challenge_Robotic_Arm/install/modular_arm_kinematics:/opt/ros/jazzy /usr/bin/cmake --build /home/shreeshinator/AI_Challenge_Robotic_Arm/build/modular_arm_description -- -j12 -l12
[0.929s] DEBUG:colcon.colcon_core.event_handler.log_command:Invoking command in '/home/shreeshinator/AI_Challenge_Robotic_Arm/build/modular_arm_description': CMAKE_PREFIX_PATH=${CMAKE_PREFIX_PATH}:/home/shreeshinator/AI_Challenge_Robotic_Arm/install/modular_arm_kinematics:/opt/ros/jazzy /usr/bin/cmake --install /home/shreeshinator/AI_Challenge_Robotic_Arm/build/modular_arm_description
[0.962s] Level 1:colcon.colcon_core.environment:create_environment_scripts_only(modular_arm_description)
[0.964s] DEBUG:colcon.colcon_core.event_handler.log_command:Invoked command in '/home/shreeshinator/AI_Challenge_Robotic_Arm/build/modular_arm_description' returned '0': CMAKE_PREFIX_PATH=${CMAKE_PREFIX_PATH}:/home/shreeshinator/AI_Challenge_Robotic_Arm/install/modular_arm_kinematics:/opt/ros/jazzy /usr/bin/cmake --install /home/shreeshinator/AI_Challenge_Robotic_Arm/build/modular_arm_description
[0.976s] Level 1:colcon.colcon_core.environment:checking '/home/shreeshinator/AI_Challenge_Robotic_Arm/install/modular_arm_description' for CMake module files
[0.977s] Level 1:colcon.colcon_core.environment:checking '/home/shreeshinator/AI_Challenge_Robotic_Arm/install/modular_arm_description' for CMake config files
[0.977s] Level 1:colcon.colcon_core.shell:create_environment_hook('modular_arm_description', 'cmake_prefix_path')
[0.978s] INFO:colcon.colcon_core.shell:Creating environment hook '/home/shreeshinator/AI_Challenge_Robotic_Arm/install/modular_arm_description/share/modular_arm_description/hook/cmake_prefix_path.ps1'
[0.981s] INFO:colcon.colcon_core.shell:Creating environment descriptor '/home/shreeshinator/AI_Challenge_Robotic_Arm/install/modular_arm_description/share/modular_arm_description/hook/cmake_prefix_path.dsv'
[0.983s] INFO:colcon.colcon_core.shell:Creating environment hook '/home/shreeshinator/AI_Challenge_Robotic_Arm/install/modular_arm_description/share/modular_arm_description/hook/cmake_prefix_path.sh'
[0.985s] Level 1:colcon.colcon_core.environment:checking '/home/shreeshinator/AI_Challenge_Robotic_Arm/install/modular_arm_description/bin'
[0.985s] Level 1:colcon.colcon_core.environment:checking '/home/shreeshinator/AI_Challenge_Robotic_Arm/install/modular_arm_description/lib/pkgconfig/modular_arm_description.pc'
[0.986s] Level 1:colcon.colcon_core.environment:checking '/home/shreeshinator/AI_Challenge_Robotic_Arm/install/modular_arm_description/lib/python3.12/site-packages'
[0.986s] Level 1:colcon.colcon_core.environment:checking '/home/shreeshinator/AI_Challenge_Robotic_Arm/install/modular_arm_description/bin'
[0.988s] INFO:colcon.colcon_core.shell:Creating package script '/home/shreeshinator/AI_Challenge_Robotic_Arm/install/modular_arm_description/share/modular_arm_description/package.ps1'
[0.991s] INFO:colcon.colcon_core.shell:Creating package descriptor '/home/shreeshinator/AI_Challenge_Robotic_Arm/install/modular_arm_description/share/modular_arm_description/package.dsv'
[0.992s] INFO:colcon.colcon_core.shell:Creating package script '/home/shreeshinator/AI_Challenge_Robotic_Arm/install/modular_arm_description/share/modular_arm_description/package.sh'
[0.995s] INFO:colcon.colcon_core.shell:Creating package script '/home/shreeshinator/AI_Challenge_Robotic_Arm/install/modular_arm_description/share/modular_arm_description/package.bash'
[0.998s] INFO:colcon.colcon_core.shell:Creating package script '/home/shreeshinator/AI_Challenge_Robotic_Arm/install/modular_arm_description/share/modular_arm_description/package.zsh'
[1.000s] Level 1:colcon.colcon_core.environment:create_file_with_runtime_dependencies(/home/shreeshinator/AI_Challenge_Robotic_Arm/install/modular_arm_description/share/colcon-core/packages/modular_arm_description)
[1.001s] Level 1:colcon.colcon_core.environment:create_environment_scripts_only(modular_arm_description)
[1.002s] Level 1:colcon.colcon_core.environment:checking '/home/shreeshinator/AI_Challenge_Robotic_Arm/install/modular_arm_description' for CMake module files
[1.002s] Level 1:colcon.colcon_core.environment:checking '/home/shreeshinator/AI_Challenge_Robotic_Arm/install/modular_arm_description' for CMake config files
[1.003s] Level 1:colcon.colcon_core.shell:create_environment_hook('modular_arm_description', 'cmake_prefix_path')
[1.003s] INFO:colcon.colcon_core.shell:Creating environment hook '/home/shreeshinator/AI_Challenge_Robotic_Arm/install/modular_arm_description/share/modular_arm_description/hook/cmake_prefix_path.ps1'
[1.006s] INFO:colcon.colcon_core.shell:Creating environment descriptor '/home/shreeshinator/AI_Challenge_Robotic_Arm/install/modular_arm_description/share/modular_arm_description/hook/cmake_prefix_path.dsv'
[1.008s] INFO:colcon.colcon_core.shell:Creating environment hook '/home/shreeshinator/AI_Challenge_Robotic_Arm/install/modular_arm_description/share/modular_arm_description/hook/cmake_prefix_path.sh'
[1.010s] Level 1:colcon.colcon_core.environment:checking '/home/shreeshinator/AI_Challenge_Robotic_Arm/install/modular_arm_description/bin'
[1.012s] Level 1:colcon.colcon_core.environment:checking '/home/shreeshinator/AI_Challenge_Robotic_Arm/install/modular_arm_description/lib/pkgconfig/modular_arm_description.pc'
[1.012s] Level 1:colcon.colcon_core.environment:checking '/home/shreeshinator/AI_Challenge_Robotic_Arm/install/modular_arm_description/lib/python3.12/site-packages'
[1.012s] Level 1:colcon.colcon_core.environment:checking '/home/shreeshinator/AI_Challenge_Robotic_Arm/install/modular_arm_description/bin'
[1.015s] INFO:colcon.colcon_core.shell:Creating package script '/home/shreeshinator/AI_Challenge_Robotic_Arm/install/modular_arm_description/share/modular_arm_description/package.ps1'
[1.028s] INFO:colcon.colcon_core.shell:Creating package descriptor '/home/shreeshinator/AI_Challenge_Robotic_Arm/install/modular_arm_description/share/modular_arm_description/package.dsv'
[1.032s] INFO:colcon.colcon_core.shell:Creating package script '/home/shreeshinator/AI_Challenge_Robotic_Arm/install/modular_arm_description/share/modular_arm_description/package.sh'
[1.043s] INFO:colcon.colcon_core.shell:Creating package script '/home/shreeshinator/AI_Challenge_Robotic_Arm/install/modular_arm_description/share/modular_arm_description/package.bash'
[1.044s] INFO:colcon.colcon_core.shell:Creating package script '/home/shreeshinator/AI_Challenge_Robotic_Arm/install/modular_arm_description/share/modular_arm_description/package.zsh'
[1.046s] Level 1:colcon.colcon_core.environment:create_file_with_runtime_dependencies(/home/shreeshinator/AI_Challenge_Robotic_Arm/install/modular_arm_description/share/colcon-core/packages/modular_arm_description)
[1.519s] DEBUG:colcon.colcon_core.event_handler.log_command:Invoked command in '/home/shreeshinator/AI_Challenge_Robotic_Arm/build/modular_arm_interfaces' returned '0': CMAKE_PREFIX_PATH=${CMAKE_PREFIX_PATH}:/home/shreeshinator/AI_Challenge_Robotic_Arm/install/modular_arm_kinematics:/opt/ros/jazzy /usr/bin/cmake --build /home/shreeshinator/AI_Challenge_Robotic_Arm/build/modular_arm_interfaces -- -j12 -l12
[1.523s] DEBUG:colcon.colcon_core.event_handler.log_command:Invoking command in '/home/shreeshinator/AI_Challenge_Robotic_Arm/build/modular_arm_interfaces': CMAKE_PREFIX_PATH=${CMAKE_PREFIX_PATH}:/home/shreeshinator/AI_Challenge_Robotic_Arm/install/modular_arm_kinematics:/opt/ros/jazzy /usr/bin/cmake --install /home/shreeshinator/AI_Challenge_Robotic_Arm/build/modular_arm_interfaces
[1.654s] Level 1:colcon.colcon_core.environment:create_environment_scripts_only(modular_arm_interfaces)
[1.654s] Level 1:colcon.colcon_core.environment:checking '/home/shreeshinator/AI_Challenge_Robotic_Arm/install/modular_arm_interfaces' for CMake module files
[1.655s] DEBUG:colcon.colcon_core.event_handler.log_command:Invoked command in '/home/shreeshinator/AI_Challenge_Robotic_Arm/build/modular_arm_interfaces' returned '0': CMAKE_PREFIX_PATH=${CMAKE_PREFIX_PATH}:/home/shreeshinator/AI_Challenge_Robotic_Arm/install/modular_arm_kinematics:/opt/ros/jazzy /usr/bin/cmake --install /home/shreeshinator/AI_Challenge_Robotic_Arm/build/modular_arm_interfaces
[1.656s] Level 1:colcon.colcon_core.environment:checking '/home/shreeshinator/AI_Challenge_Robotic_Arm/install/modular_arm_interfaces' for CMake config files
[1.656s] Level 1:colcon.colcon_core.shell:create_environment_hook('modular_arm_interfaces', 'cmake_prefix_path')
[1.657s] INFO:colcon.colcon_core.shell:Creating environment hook '/home/shreeshinator/AI_Challenge_Robotic_Arm/install/modular_arm_interfaces/share/modular_arm_interfaces/hook/cmake_prefix_path.ps1'
[1.657s] INFO:colcon.colcon_core.shell:Creating environment descriptor '/home/shreeshinator/AI_Challenge_Robotic_Arm/install/modular_arm_interfaces/share/modular_arm_interfaces/hook/cmake_prefix_path.dsv'
[1.658s] INFO:colcon.colcon_core.shell:Creating environment hook '/home/shreeshinator/AI_Challenge_Robotic_Arm/install/modular_arm_interfaces/share/modular_arm_interfaces/hook/cmake_prefix_path.sh'
[1.659s] Level 1:colcon.colcon_core.environment:checking '/home/shreeshinator/AI_Challenge_Robotic_Arm/install/modular_arm_interfaces/lib'
[1.659s] Level 1:colcon.colcon_core.shell:create_environment_hook('modular_arm_interfaces', 'ld_library_path_lib')
[1.659s] INFO:colcon.colcon_core.shell:Creating environment hook '/home/shreeshinator/AI_Challenge_Robotic_Arm/install/modular_arm_interfaces/share/modular_arm_interfaces/hook/ld_library_path_lib.ps1'
[1.660s] INFO:colcon.colcon_core.shell:Creating environment descriptor '/home/shreeshinator/AI_Challenge_Robotic_Arm/install/modular_arm_interfaces/share/modular_arm_interfaces/hook/ld_library_path_lib.dsv'
[1.660s] INFO:colcon.colcon_core.shell:Creating environment hook '/home/shreeshinator/AI_Challenge_Robotic_Arm/install/modular_arm_interfaces/share/modular_arm_interfaces/hook/ld_library_path_lib.sh'
[1.661s] Level 1:colcon.colcon_core.environment:checking '/home/shreeshinator/AI_Challenge_Robotic_Arm/install/modular_arm_interfaces/bin'
[1.661s] Level 1:colcon.colcon_core.environment:checking '/home/shreeshinator/AI_Challenge_Robotic_Arm/install/modular_arm_interfaces/lib/pkgconfig/modular_arm_interfaces.pc'
[1.661s] Level 1:colcon.colcon_core.environment:checking '/home/shreeshinator/AI_Challenge_Robotic_Arm/install/modular_arm_interfaces/lib/python3.12/site-packages'
[1.661s] Level 1:colcon.colcon_core.shell:create_environment_hook('modular_arm_interfaces', 'pythonpath')
[1.662s] INFO:colcon.colcon_core.shell:Creating environment hook '/home/shreeshinator/AI_Challenge_Robotic_Arm/install/modular_arm_interfaces/share/modular_arm_interfaces/hook/pythonpath.ps1'
[1.662s] INFO:colcon.colcon_core.shell:Creating environment descriptor '/home/shreeshinator/AI_Challenge_Robotic_Arm/install/modular_arm_interfaces/share/modular_arm_interfaces/hook/pythonpath.dsv'
[1.663s] INFO:colcon.colcon_core.shell:Creating environment hook '/home/shreeshinator/AI_Challenge_Robotic_Arm/install/modular_arm_interfaces/share/modular_arm_interfaces/hook/pythonpath.sh'
[1.663s] Level 1:colcon.colcon_core.environment:checking '/home/shreeshinator/AI_Challenge_Robotic_Arm/install/modular_arm_interfaces/bin'
[1.664s] INFO:colcon.colcon_core.shell:Creating package script '/home/shreeshinator/AI_Challenge_Robotic_Arm/install/modular_arm_interfaces/share/modular_arm_interfaces/package.ps1'
[1.665s] INFO:colcon.colcon_core.shell:Creating package descriptor '/home/shreeshinator/AI_Challenge_Robotic_Arm/install/modular_arm_interfaces/share/modular_arm_interfaces/package.dsv'
[1.665s] INFO:colcon.colcon_core.shell:Creating package script '/home/shreeshinator/AI_Challenge_Robotic_Arm/install/modular_arm_interfaces/share/modular_arm_interfaces/package.sh'
[1.666s] INFO:colcon.colcon_core.shell:Creating package script '/home/shreeshinator/AI_Challenge_Robotic_Arm/install/modular_arm_interfaces/share/modular_arm_interfaces/package.bash'
[1.667s] INFO:colcon.colcon_core.shell:Creating package script '/home/shreeshinator/AI_Challenge_Robotic_Arm/install/modular_arm_interfaces/share/modular_arm_interfaces/package.zsh'
[1.667s] Level 1:colcon.colcon_core.environment:create_file_with_runtime_dependencies(/home/shreeshinator/AI_Challenge_Robotic_Arm/install/modular_arm_interfaces/share/colcon-core/packages/modular_arm_interfaces)
[1.670s] Level 1:colcon.colcon_core.environment:create_environment_scripts_only(modular_arm_interfaces)
[1.670s] Level 1:colcon.colcon_core.environment:checking '/home/shreeshinator/AI_Challenge_Robotic_Arm/install/modular_arm_interfaces' for CMake module files
[1.671s] Level 1:colcon.colcon_core.environment:checking '/home/shreeshinator/AI_Challenge_Robotic_Arm/install/modular_arm_interfaces' for CMake config files
[1.672s] Level 1:colcon.colcon_core.shell:create_environment_hook('modular_arm_interfaces', 'cmake_prefix_path')
[1.673s] INFO:colcon.colcon_core.shell:Creating environment hook '/home/shreeshinator/AI_Challenge_Robotic_Arm/install/modular_arm_interfaces/share/modular_arm_interfaces/hook/cmake_prefix_path.ps1'
[1.674s] INFO:colcon.colcon_core.shell:Creating environment descriptor '/home/shreeshinator/AI_Challenge_Robotic_Arm/install/modular_arm_interfaces/share/modular_arm_interfaces/hook/cmake_prefix_path.dsv'
[1.675s] INFO:colcon.colcon_core.shell:Creating environment hook '/home/shreeshinator/AI_Challenge_Robotic_Arm/install/modular_arm_interfaces/share/modular_arm_interfaces/hook/cmake_prefix_path.sh'
[1.676s] Level 1:colcon.colcon_core.environment:checking '/home/shreeshinator/AI_Challenge_Robotic_Arm/install/modular_arm_interfaces/lib'
[1.677s] Level 1:colcon.colcon_core.shell:create_environment_hook('modular_arm_interfaces', 'ld_library_path_lib')
[1.677s] INFO:colcon.colcon_core.shell:Creating environment hook '/home/shreeshinator/AI_Challenge_Robotic_Arm/install/modular_arm_interfaces/share/modular_arm_interfaces/hook/ld_library_path_lib.ps1'
[1.677s] INFO:colcon.colcon_core.shell:Creating environment descriptor '/home/shreeshinator/AI_Challenge_Robotic_Arm/install/modular_arm_interfaces/share/modular_arm_interfaces/hook/ld_library_path_lib.dsv'
[1.678s] INFO:colcon.colcon_core.shell:Creating environment hook '/home/shreeshinator/AI_Challenge_Robotic_Arm/install/modular_arm_interfaces/share/modular_arm_interfaces/hook/ld_library_path_lib.sh'
[1.679s] Level 1:colcon.colcon_core.environment:checking '/home/shreeshinator/AI_Challenge_Robotic_Arm/install/modular_arm_interfaces/bin'
[1.679s] Level 1:colcon.colcon_core.environment:checking '/home/shreeshinator/AI_Challenge_Robotic_Arm/install/modular_arm_interfaces/lib/pkgconfig/modular_arm_interfaces.pc'
[1.679s] Level 1:colcon.colcon_core.environment:checking '/home/shreeshinator/AI_Challenge_Robotic_Arm/install/modular_arm_interfaces/lib/python3.12/site-packages'
[1.680s] Level 1:colcon.colcon_core.shell:create_environment_hook('modular_arm_interfaces', 'pythonpath')
[1.680s] INFO:colcon.colcon_core.shell:Creating environment hook '/home/shreeshinator/AI_Challenge_Robotic_Arm/install/modular_arm_interfaces/share/modular_arm_interfaces/hook/pythonpath.ps1'
[1.680s] INFO:colcon.colcon_core.shell:Creating environment descriptor '/home/shreeshinator/AI_Challenge_Robotic_Arm/install/modular_arm_interfaces/share/modular_arm_interfaces/hook/pythonpath.dsv'
[1.681s] INFO:colcon.colcon_core.shell:Creating environment hook '/home/shreeshinator/AI_Challenge_Robotic_Arm/install/modular_arm_interfaces/share/modular_arm_interfaces/hook/pythonpath.sh'
[1.682s] Level 1:colcon.colcon_core.environment:checking '/home/shreeshinator/AI_Challenge_Robotic_Arm/install/modular_arm_interfaces/bin'
[1.682s] INFO:colcon.colcon_core.shell:Creating package script '/home/shreeshinator/AI_Challenge_Robotic_Arm/install/modular_arm_interfaces/share/modular_arm_interfaces/package.ps1'
[1.683s] INFO:colcon.colcon_core.shell:Creating package descriptor '/home/shreeshinator/AI_Challenge_Robotic_Arm/install/modular_arm_interfaces/share/modular_arm_interfaces/package.dsv'
[1.684s] INFO:colcon.colcon_core.shell:Creating package script '/home/shreeshinator/AI_Challenge_Robotic_Arm/install/modular_arm_interfaces/share/modular_arm_interfaces/package.sh'
[1.684s] INFO:colcon.colcon_core.shell:Creating package script '/home/shreeshinator/AI_Challenge_Robotic_Arm/install/modular_arm_interfaces/share/modular_arm_interfaces/package.bash'
[1.685s] INFO:colcon.colcon_core.shell:Creating package script '/home/shreeshinator/AI_Challenge_Robotic_Arm/install/modular_arm_interfaces/share/modular_arm_interfaces/package.zsh'
[1.686s] Level 1:colcon.colcon_core.environment:create_file_with_runtime_dependencies(/home/shreeshinator/AI_Challenge_Robotic_Arm/install/modular_arm_interfaces/share/colcon-core/packages/modular_arm_interfaces)
[1.687s] INFO:colcon.colcon_ros.task.ament_python.build:Building ROS package in '/home/shreeshinator/AI_Challenge_Robotic_Arm/src/modular_arm_kinematics' with build type 'ament_python'
[1.687s] Level 1:colcon.colcon_core.shell:create_environment_hook('modular_arm_kinematics', 'ament_prefix_path')
[1.687s] INFO:colcon.colcon_core.shell:Creating environment hook '/home/shreeshinator/AI_Challenge_Robotic_Arm/install/modular_arm_kinematics/share/modular_arm_kinematics/hook/ament_prefix_path.ps1'
[1.689s] INFO:colcon.colcon_core.shell:Creating environment descriptor '/home/shreeshinator/AI_Challenge_Robotic_Arm/install/modular_arm_kinematics/share/modular_arm_kinematics/hook/ament_prefix_path.dsv'
[1.691s] INFO:colcon.colcon_core.shell:Creating environment hook '/home/shreeshinator/AI_Challenge_Robotic_Arm/install/modular_arm_kinematics/share/modular_arm_kinematics/hook/ament_prefix_path.sh'
[1.692s] INFO:colcon.colcon_core.shell:Skip shell extension 'powershell' for command environment: Not usable outside of PowerShell
[1.692s] DEBUG:colcon.colcon_core.shell:Skip shell extension 'dsv' for command environment
[2.272s] INFO:colcon.colcon_core.task.python.build:Building Python package in '/home/shreeshinator/AI_Challenge_Robotic_Arm/src/modular_arm_kinematics'
[2.272s] INFO:colcon.colcon_core.shell:Skip shell extension 'powershell' for command environment: Not usable outside of PowerShell
[2.272s] DEBUG:colcon.colcon_core.shell:Skip shell extension 'dsv' for command environment
[3.874s] DEBUG:colcon.colcon_core.task.python.build:Available setuptools commands: bdist, install_egg_info, install_headers, build_py, sdist, register, install, clean, build, alias, test, install_lib, extract_messages, develop, symlink_data, saveopts, dist_info, build_ext, egg_info, upload_docs, easy_install, rotate, bdist_rpm, setopt, check, build_scripts, compile_catalog, init_catalog, install_data, editable_wheel, install_scripts, bdist_dumb, bdist_egg, upload, build_clib, update_catalog
[3.882s] DEBUG:colcon.colcon_core.event_handler.log_command:Invoking command in '/home/shreeshinator/AI_Challenge_Robotic_Arm/src/modular_arm_kinematics': CMAKE_PREFIX_PATH=/home/shreeshinator/AI_Challenge_Robotic_Arm/install/modular_arm_interfaces:/home/shreeshinator/AI_Challenge_Robotic_Arm/install/modular_arm_bringup:/home/shreeshinator/AI_Challenge_Robotic_Arm/install/modular_arm_description:/opt/ros/jazzy/opt/gz_sim_vendor:/opt/ros/jazzy/opt/gz_sensors_vendor:/opt/ros/jazzy/opt/gz_physics_vendor:/opt/ros/jazzy/opt/sdformat_vendor:/opt/ros/jazzy/opt/gz_gui_vendor:/opt/ros/jazzy/opt/gz_transport_vendor:/opt/ros/jazzy/opt/gz_rendering_vendor:/opt/ros/jazzy/opt/gz_plugin_vendor:/opt/ros/jazzy/opt/gz_fuel_tools_vendor:/opt/ros/jazzy/opt/gz_msgs_vendor:/opt/ros/jazzy/opt/gz_common_vendor:/opt/ros/jazzy/opt/gz_math_vendor:/opt/ros/jazzy/opt/gz_utils_vendor:/opt/ros/jazzy/opt/gz_tools_vendor:/opt/ros/jazzy/opt/gz_ogre_next_vendor:/opt/ros/jazzy/opt/gz_dartsim_vendor:/opt/ros/jazzy/opt/gz_cmake_vendor PYTHONPATH=/home/shreeshinator/AI_Challenge_Robotic_Arm/build/modular_arm_kinematics/prefix_override:/usr/lib/python3/dist-packages/colcon_core/task/python/colcon_distutils_commands:/home/shreeshinator/AI_Challenge_Robotic_Arm/install/modular_arm_kinematics/lib/python3.12/site-packages:/home/shreeshinator/AI_Challenge_Robotic_Arm/install/modular_arm_interfaces/lib/python3.12/site-packages:/home/shreeshinator/AI_Challenge_Robotic_Arm/install/modular_arm_kinematics/lib/python3.12/site-packages:/opt/ros/jazzy/lib/python3.12/site-packages /usr/bin/python3 -W ignore:setup.py install is deprecated -W ignore:easy_install command is deprecated setup.py egg_info --egg-base ../../build/modular_arm_kinematics build --build-base /home/shreeshinator/AI_Challenge_Robotic_Arm/build/modular_arm_kinematics/build install --record /home/shreeshinator/AI_Challenge_Robotic_Arm/build/modular_arm_kinematics/install.log --install-scripts $base/lib/modular_arm_kinematics --single-version-externally-managed install_data
[4.701s] Level 1:colcon.colcon_core.environment:checking '/home/shreeshinator/AI_Challenge_Robotic_Arm/install/modular_arm_kinematics' for CMake module files
[4.703s] DEBUG:colcon.colcon_core.event_handler.log_command:Invoked command in '/home/shreeshinator/AI_Challenge_Robotic_Arm/src/modular_arm_kinematics' returned '0': CMAKE_PREFIX_PATH=/home/shreeshinator/AI_Challenge_Robotic_Arm/install/modular_arm_interfaces:/home/shreeshinator/AI_Challenge_Robotic_Arm/install/modular_arm_bringup:/home/shreeshinator/AI_Challenge_Robotic_Arm/install/modular_arm_description:/opt/ros/jazzy/opt/gz_sim_vendor:/opt/ros/jazzy/opt/gz_sensors_vendor:/opt/ros/jazzy/opt/gz_physics_vendor:/opt/ros/jazzy/opt/sdformat_vendor:/opt/ros/jazzy/opt/gz_gui_vendor:/opt/ros/jazzy/opt/gz_transport_vendor:/opt/ros/jazzy/opt/gz_rendering_vendor:/opt/ros/jazzy/opt/gz_plugin_vendor:/opt/ros/jazzy/opt/gz_fuel_tools_vendor:/opt/ros/jazzy/opt/gz_msgs_vendor:/opt/ros/jazzy/opt/gz_common_vendor:/opt/ros/jazzy/opt/gz_math_vendor:/opt/ros/jazzy/opt/gz_utils_vendor:/opt/ros/jazzy/opt/gz_tools_vendor:/opt/ros/jazzy/opt/gz_ogre_next_vendor:/opt/ros/jazzy/opt/gz_dartsim_vendor:/opt/ros/jazzy/opt/gz_cmake_vendor PYTHONPATH=/home/shreeshinator/AI_Challenge_Robotic_Arm/build/modular_arm_kinematics/prefix_override:/usr/lib/python3/dist-packages/colcon_core/task/python/colcon_distutils_commands:/home/shreeshinator/AI_Challenge_Robotic_Arm/install/modular_arm_kinematics/lib/python3.12/site-packages:/home/shreeshinator/AI_Challenge_Robotic_Arm/install/modular_arm_interfaces/lib/python3.12/site-packages:/home/shreeshinator/AI_Challenge_Robotic_Arm/install/modular_arm_kinematics/lib/python3.12/site-packages:/opt/ros/jazzy/lib/python3.12/site-packages /usr/bin/python3 -W ignore:setup.py install is deprecated -W ignore:easy_install command is deprecated setup.py egg_info --egg-base ../../build/modular_arm_kinematics build --build-base /home/shreeshinator/AI_Challenge_Robotic_Arm/build/modular_arm_kinematics/build install --record /home/shreeshinator/AI_Challenge_Robotic_Arm/build/modular_arm_kinematics/install.log --install-scripts $base/lib/modular_arm_kinematics --single-version-externally-managed install_data
[4.704s] Level 1:colcon.colcon_core.environment:checking '/home/shreeshinator/AI_Challenge_Robotic_Arm/install/modular_arm_kinematics' for CMake config files
[4.705s] Level 1:colcon.colcon_core.environment:checking '/home/shreeshinator/AI_Challenge_Robotic_Arm/install/modular_arm_kinematics/lib'
[4.706s] Level 1:colcon.colcon_core.environment:checking '/home/shreeshinator/AI_Challenge_Robotic_Arm/install/modular_arm_kinematics/bin'
[4.706s] Level 1:colcon.colcon_core.environment:checking '/home/shreeshinator/AI_Challenge_Robotic_Arm/install/modular_arm_kinematics/lib/pkgconfig/modular_arm_kinematics.pc'
[4.706s] Level 1:colcon.colcon_core.environment:checking '/home/shreeshinator/AI_Challenge_Robotic_Arm/install/modular_arm_kinematics/lib/python3.12/site-packages'
[4.707s] Level 1:colcon.colcon_core.shell:create_environment_hook('modular_arm_kinematics', 'pythonpath')
[4.707s] INFO:colcon.colcon_core.shell:Creating environment hook '/home/shreeshinator/AI_Challenge_Robotic_Arm/install/modular_arm_kinematics/share/modular_arm_kinematics/hook/pythonpath.ps1'
[4.708s] INFO:colcon.colcon_core.shell:Creating environment descriptor '/home/shreeshinator/AI_Challenge_Robotic_Arm/install/modular_arm_kinematics/share/modular_arm_kinematics/hook/pythonpath.dsv'
[4.709s] INFO:colcon.colcon_core.shell:Creating environment hook '/home/shreeshinator/AI_Challenge_Robotic_Arm/install/modular_arm_kinematics/share/modular_arm_kinematics/hook/pythonpath.sh'
[4.710s] Level 1:colcon.colcon_core.environment:checking '/home/shreeshinator/AI_Challenge_Robotic_Arm/install/modular_arm_kinematics/bin'
[4.710s] Level 1:colcon.colcon_core.environment:create_environment_scripts_only(modular_arm_kinematics)
[4.711s] INFO:colcon.colcon_core.shell:Creating package script '/home/shreeshinator/AI_Challenge_Robotic_Arm/install/modular_arm_kinematics/share/modular_arm_kinematics/package.ps1'
[4.712s] INFO:colcon.colcon_core.shell:Creating package descriptor '/home/shreeshinator/AI_Challenge_Robotic_Arm/install/modular_arm_kinematics/share/modular_arm_kinematics/package.dsv'
[4.712s] INFO:colcon.colcon_core.shell:Creating package script '/home/shreeshinator/AI_Challenge_Robotic_Arm/install/modular_arm_kinematics/share/modular_arm_kinematics/package.sh'
[4.713s] INFO:colcon.colcon_core.shell:Creating package script '/home/shreeshinator/AI_Challenge_Robotic_Arm/install/modular_arm_kinematics/share/modular_arm_kinematics/package.bash'
[4.714s] INFO:colcon.colcon_core.shell:Creating package script '/home/shreeshinator/AI_Challenge_Robotic_Arm/install/modular_arm_kinematics/share/modular_arm_kinematics/package.zsh'
[4.715s] Level 1:colcon.colcon_core.environment:create_file_with_runtime_dependencies(/home/shreeshinator/AI_Challenge_Robotic_Arm/install/modular_arm_kinematics/share/colcon-core/packages/modular_arm_kinematics)
[4.716s] INFO:colcon.colcon_ros.task.ament_cmake.build:Building ROS package in '/home/shreeshinator/AI_Challenge_Robotic_Arm/src/modular_arm_bringup' with build type 'ament_cmake'
[4.718s] INFO:colcon.colcon_cmake.task.cmake.build:Building CMake package in '/home/shreeshinator/AI_Challenge_Robotic_Arm/src/modular_arm_bringup'
[4.718s] INFO:colcon.colcon_core.shell:Skip shell extension 'powershell' for command environment: Not usable outside of PowerShell
[4.719s] DEBUG:colcon.colcon_core.shell:Skip shell extension 'dsv' for command environment
[5.214s] DEBUG:colcon.colcon_core.event_handler.log_command:Invoking command in '/home/shreeshinator/AI_Challenge_Robotic_Arm/build/modular_arm_bringup': AMENT_PREFIX_PATH=/home/shreeshinator/AI_Challenge_Robotic_Arm/install/modular_arm_kinematics:/home/shreeshinator/AI_Challenge_Robotic_Arm/install/modular_arm_bringup:/home/shreeshinator/AI_Challenge_Robotic_Arm/install/modular_arm_interfaces:/home/shreeshinator/AI_Challenge_Robotic_Arm/install/modular_arm_description:/opt/ros/jazzy CMAKE_PREFIX_PATH=/home/shreeshinator/AI_Challenge_Robotic_Arm/install/modular_arm_interfaces:/home/shreeshinator/AI_Challenge_Robotic_Arm/install/modular_arm_description:/home/shreeshinator/AI_Challenge_Robotic_Arm/install/modular_arm_bringup:/opt/ros/jazzy/opt/gz_sim_vendor:/opt/ros/jazzy/opt/gz_sensors_vendor:/opt/ros/jazzy/opt/gz_physics_vendor:/opt/ros/jazzy/opt/sdformat_vendor:/opt/ros/jazzy/opt/gz_gui_vendor:/opt/ros/jazzy/opt/gz_transport_vendor:/opt/ros/jazzy/opt/gz_rendering_vendor:/opt/ros/jazzy/opt/gz_plugin_vendor:/opt/ros/jazzy/opt/gz_fuel_tools_vendor:/opt/ros/jazzy/opt/gz_msgs_vendor:/opt/ros/jazzy/opt/gz_common_vendor:/opt/ros/jazzy/opt/gz_math_vendor:/opt/ros/jazzy/opt/gz_utils_vendor:/opt/ros/jazzy/opt/gz_tools_vendor:/opt/ros/jazzy/opt/gz_ogre_next_vendor:/opt/ros/jazzy/opt/gz_dartsim_vendor:/opt/ros/jazzy/opt/gz_cmake_vendor:/home/shreeshinator/AI_Challenge_Robotic_Arm/install/modular_arm_kinematics:/opt/ros/jazzy /usr/bin/cmake --build /home/shreeshinator/AI_Challenge_Robotic_Arm/build/modular_arm_bringup -- -j12 -l12
[5.293s] DEBUG:colcon.colcon_core.event_handler.log_command:Invoked command in '/home/shreeshinator/AI_Challenge_Robotic_Arm/build/modular_arm_bringup' returned '0': AMENT_PREFIX_PATH=/home/shreeshinator/AI_Challenge_Robotic_Arm/install/modular_arm_kinematics:/home/shreeshinator/AI_Challenge_Robotic_Arm/install/modular_arm_bringup:/home/shreeshinator/AI_Challenge_Robotic_Arm/install/modular_arm_interfaces:/home/shreeshinator/AI_Challenge_Robotic_Arm/install/modular_arm_description:/opt/ros/jazzy CMAKE_PREFIX_PATH=/home/shreeshinator/AI_Challenge_Robotic_Arm/install/modular_arm_interfaces:/home/shreeshinator/AI_Challenge_Robotic_Arm/install/modular_arm_description:/home/shreeshinator/AI_Challenge_Robotic_Arm/install/modular_arm_bringup:/opt/ros/jazzy/opt/gz_sim_vendor:/opt/ros/jazzy/opt/gz_sensors_vendor:/opt/ros/jazzy/opt/gz_physics_vendor:/opt/ros/jazzy/opt/sdformat_vendor:/opt/ros/jazzy/opt/gz_gui_vendor:/opt/ros/jazzy/opt/gz_transport_vendor:/opt/ros/jazzy/opt/gz_rendering_vendor:/opt/ros/jazzy/opt/gz_plugin_vendor:/opt/ros/jazzy/opt/gz_fuel_tools_vendor:/opt/ros/jazzy/opt/gz_msgs_vendor:/opt/ros/jazzy/opt/gz_common_vendor:/opt/ros/jazzy/opt/gz_math_vendor:/opt/ros/jazzy/opt/gz_utils_vendor:/opt/ros/jazzy/opt/gz_tools_vendor:/opt/ros/jazzy/opt/gz_ogre_next_vendor:/opt/ros/jazzy/opt/gz_dartsim_vendor:/opt/ros/jazzy/opt/gz_cmake_vendor:/home/shreeshinator/AI_Challenge_Robotic_Arm/install/modular_arm_kinematics:/opt/ros/jazzy /usr/bin/cmake --build /home/shreeshinator/AI_Challenge_Robotic_Arm/build/modular_arm_bringup -- -j12 -l12
[5.299s] DEBUG:colcon.colcon_core.event_handler.log_command:Invoking command in '/home/shreeshinator/AI_Challenge_Robotic_Arm/build/modular_arm_bringup': AMENT_PREFIX_PATH=/home/shreeshinator/AI_Challenge_Robotic_Arm/install/modular_arm_kinematics:/home/shreeshinator/AI_Challenge_Robotic_Arm/install/modular_arm_bringup:/home/shreeshinator/AI_Challenge_Robotic_Arm/install/modular_arm_interfaces:/home/shreeshinator/AI_Challenge_Robotic_Arm/install/modular_arm_description:/opt/ros/jazzy CMAKE_PREFIX_PATH=/home/shreeshinator/AI_Challenge_Robotic_Arm/install/modular_arm_interfaces:/home/shreeshinator/AI_Challenge_Robotic_Arm/install/modular_arm_description:/home/shreeshinator/AI_Challenge_Robotic_Arm/install/modular_arm_bringup:/opt/ros/jazzy/opt/gz_sim_vendor:/opt/ros/jazzy/opt/gz_sensors_vendor:/opt/ros/jazzy/opt/gz_physics_vendor:/opt/ros/jazzy/opt/sdformat_vendor:/opt/ros/jazzy/opt/gz_gui_vendor:/opt/ros/jazzy/opt/gz_transport_vendor:/opt/ros/jazzy/opt/gz_rendering_vendor:/opt/ros/jazzy/opt/gz_plugin_vendor:/opt/ros/jazzy/opt/gz_fuel_tools_vendor:/opt/ros/jazzy/opt/gz_msgs_vendor:/opt/ros/jazzy/opt/gz_common_vendor:/opt/ros/jazzy/opt/gz_math_vendor:/opt/ros/jazzy/opt/gz_utils_vendor:/opt/ros/jazzy/opt/gz_tools_vendor:/opt/ros/jazzy/opt/gz_ogre_next_vendor:/opt/ros/jazzy/opt/gz_dartsim_vendor:/opt/ros/jazzy/opt/gz_cmake_vendor:/home/shreeshinator/AI_Challenge_Robotic_Arm/install/modular_arm_kinematics:/opt/ros/jazzy /usr/bin/cmake --install /home/shreeshinator/AI_Challenge_Robotic_Arm/build/modular_arm_bringup
[5.321s] Level 1:colcon.colcon_core.environment:create_environment_scripts_only(modular_arm_bringup)
[5.322s] Level 1:colcon.colcon_core.environment:checking '/home/shreeshinator/AI_Challenge_Robotic_Arm/install/modular_arm_bringup' for CMake module files
[5.323s] DEBUG:colcon.colcon_core.event_handler.log_command:Invoked command in '/home/shreeshinator/AI_Challenge_Robotic_Arm/build/modular_arm_bringup' returned '0': AMENT_PREFIX_PATH=/home/shreeshinator/AI_Challenge_Robotic_Arm/install/modular_arm_kinematics:/home/shreeshinator/AI_Challenge_Robotic_Arm/install/modular_arm_bringup:/home/shreeshinator/AI_Challenge_Robotic_Arm/install/modular_arm_interfaces:/home/shreeshinator/AI_Challenge_Robotic_Arm/install/modular_arm_description:/opt/ros/jazzy CMAKE_PREFIX_PATH=/home/shreeshinator/AI_Challenge_Robotic_Arm/install/modular_arm_interfaces:/home/shreeshinator/AI_Challenge_Robotic_Arm/install/modular_arm_description:/home/shreeshinator/AI_Challenge_Robotic_Arm/install/modular_arm_bringup:/opt/ros/jazzy/opt/gz_sim_vendor:/opt/ros/jazzy/opt/gz_sensors_vendor:/opt/ros/jazzy/opt/gz_physics_vendor:/opt/ros/jazzy/opt/sdformat_vendor:/opt/ros/jazzy/opt/gz_gui_vendor:/opt/ros/jazzy/opt/gz_transport_vendor:/opt/ros/jazzy/opt/gz_rendering_vendor:/opt/ros/jazzy/opt/gz_plugin_vendor:/opt/ros/jazzy/opt/gz_fuel_tools_vendor:/opt/ros/jazzy/opt/gz_msgs_vendor:/opt/ros/jazzy/opt/gz_common_vendor:/opt/ros/jazzy/opt/gz_math_vendor:/opt/ros/jazzy/opt/gz_utils_vendor:/opt/ros/jazzy/opt/gz_tools_vendor:/opt/ros/jazzy/opt/gz_ogre_next_vendor:/opt/ros/jazzy/opt/gz_dartsim_vendor:/opt/ros/jazzy/opt/gz_cmake_vendor:/home/shreeshinator/AI_Challenge_Robotic_Arm/install/modular_arm_kinematics:/opt/ros/jazzy /usr/bin/cmake --install /home/shreeshinator/AI_Challenge_Robotic_Arm/build/modular_arm_bringup
[5.324s] Level 1:colcon.colcon_core.environment:checking '/home/shreeshinator/AI_Challenge_Robotic_Arm/install/modular_arm_bringup' for CMake config files
[5.325s] Level 1:colcon.colcon_core.shell:create_environment_hook('modular_arm_bringup', 'cmake_prefix_path')
[5.325s] INFO:colcon.colcon_core.shell:Creating environment hook '/home/shreeshinator/AI_Challenge_Robotic_Arm/install/modular_arm_bringup/share/modular_arm_bringup/hook/cmake_prefix_path.ps1'
[5.327s] INFO:colcon.colcon_core.shell:Creating environment descriptor '/home/shreeshinator/AI_Challenge_Robotic_Arm/install/modular_arm_bringup/share/modular_arm_bringup/hook/cmake_prefix_path.dsv'
[5.328s] INFO:colcon.colcon_core.shell:Creating environment hook '/home/shreeshinator/AI_Challenge_Robotic_Arm/install/modular_arm_bringup/share/modular_arm_bringup/hook/cmake_prefix_path.sh'
[5.329s] Level 1:colcon.colcon_core.environment:checking '/home/shreeshinator/AI_Challenge_Robotic_Arm/install/modular_arm_bringup/bin'
[5.329s] Level 1:colcon.colcon_core.environment:checking '/home/shreeshinator/AI_Challenge_Robotic_Arm/install/modular_arm_bringup/lib/pkgconfig/modular_arm_bringup.pc'
[5.329s] Level 1:colcon.colcon_core.environment:checking '/home/shreeshinator/AI_Challenge_Robotic_Arm/install/modular_arm_bringup/lib/python3.12/site-packages'
[5.330s] Level 1:colcon.colcon_core.environment:checking '/home/shreeshinator/AI_Challenge_Robotic_Arm/install/modular_arm_bringup/bin'
[5.330s] INFO:colcon.colcon_core.shell:Creating package script '/home/shreeshinator/AI_Challenge_Robotic_Arm/install/modular_arm_bringup/share/modular_arm_bringup/package.ps1'
[5.331s] INFO:colcon.colcon_core.shell:Creating package descriptor '/home/shreeshinator/AI_Challenge_Robotic_Arm/install/modular_arm_bringup/share/modular_arm_bringup/package.dsv'
[5.331s] INFO:colcon.colcon_core.shell:Creating package script '/home/shreeshinator/AI_Challenge_Robotic_Arm/install/modular_arm_bringup/share/modular_arm_bringup/package.sh'
[5.332s] INFO:colcon.colcon_core.shell:Creating package script '/home/shreeshinator/AI_Challenge_Robotic_Arm/install/modular_arm_bringup/share/modular_arm_bringup/package.bash'
[5.333s] INFO:colcon.colcon_core.shell:Creating package script '/home/shreeshinator/AI_Challenge_Robotic_Arm/install/modular_arm_bringup/share/modular_arm_bringup/package.zsh'
[5.334s] Level 1:colcon.colcon_core.environment:create_file_with_runtime_dependencies(/home/shreeshinator/AI_Challenge_Robotic_Arm/install/modular_arm_bringup/share/colcon-core/packages/modular_arm_bringup)
[5.336s] Level 1:colcon.colcon_core.environment:create_environment_scripts_only(modular_arm_bringup)
[5.337s] Level 1:colcon.colcon_core.environment:checking '/home/shreeshinator/AI_Challenge_Robotic_Arm/install/modular_arm_bringup' for CMake module files
[5.338s] Level 1:colcon.colcon_core.environment:checking '/home/shreeshinator/AI_Challenge_Robotic_Arm/install/modular_arm_bringup' for CMake config files
[5.339s] Level 1:colcon.colcon_core.shell:create_environment_hook('modular_arm_bringup', 'cmake_prefix_path')
[5.339s] INFO:colcon.colcon_core.shell:Creating environment hook '/home/shreeshinator/AI_Challenge_Robotic_Arm/install/modular_arm_bringup/share/modular_arm_bringup/hook/cmake_prefix_path.ps1'
[5.340s] INFO:colcon.colcon_core.shell:Creating environment descriptor '/home/shreeshinator/AI_Challenge_Robotic_Arm/install/modular_arm_bringup/share/modular_arm_bringup/hook/cmake_prefix_path.dsv'
[5.341s] INFO:colcon.colcon_core.shell:Creating environment hook '/home/shreeshinator/AI_Challenge_Robotic_Arm/install/modular_arm_bringup/share/modular_arm_bringup/hook/cmake_prefix_path.sh'
[5.342s] Level 1:colcon.colcon_core.environment:checking '/home/shreeshinator/AI_Challenge_Robotic_Arm/install/modular_arm_bringup/bin'
[5.342s] Level 1:colcon.colcon_core.environment:checking '/home/shreeshinator/AI_Challenge_Robotic_Arm/install/modular_arm_bringup/lib/pkgconfig/modular_arm_bringup.pc'
[5.342s] Level 1:colcon.colcon_core.environment:checking '/home/shreeshinator/AI_Challenge_Robotic_Arm/install/modular_arm_bringup/lib/python3.12/site-packages'
[5.343s] Level 1:colcon.colcon_core.environment:checking '/home/shreeshinator/AI_Challenge_Robotic_Arm/install/modular_arm_bringup/bin'
[5.343s] INFO:colcon.colcon_core.shell:Creating package script '/home/shreeshinator/AI_Challenge_Robotic_Arm/install/modular_arm_bringup/share/modular_arm_bringup/package.ps1'
[5.345s] INFO:colcon.colcon_core.shell:Creating package descriptor '/home/shreeshinator/AI_Challenge_Robotic_Arm/install/modular_arm_bringup/share/modular_arm_bringup/package.dsv'
[5.346s] INFO:colcon.colcon_core.shell:Creating package script '/home/shreeshinator/AI_Challenge_Robotic_Arm/install/modular_arm_bringup/share/modular_arm_bringup/package.sh'
[5.347s] INFO:colcon.colcon_core.shell:Creating package script '/home/shreeshinator/AI_Challenge_Robotic_Arm/install/modular_arm_bringup/share/modular_arm_bringup/package.bash'
[5.350s] INFO:colcon.colcon_core.shell:Creating package script '/home/shreeshinator/AI_Challenge_Robotic_Arm/install/modular_arm_bringup/share/modular_arm_bringup/package.zsh'
[5.355s] Level 1:colcon.colcon_core.environment:create_file_with_runtime_dependencies(/home/shreeshinator/AI_Challenge_Robotic_Arm/install/modular_arm_bringup/share/colcon-core/packages/modular_arm_bringup)
[5.357s] DEBUG:colcon.colcon_parallel_executor.executor.parallel:closing loop
[5.358s] DEBUG:colcon.colcon_parallel_executor.executor.parallel:loop closed
[5.359s] DEBUG:colcon.colcon_parallel_executor.executor.parallel:run_until_complete finished with '0'
[5.359s] DEBUG:colcon.colcon_core.event_reactor:joining thread
[5.436s] INFO:colcon.colcon_core.plugin_system:Skipping extension 'colcon_notification.desktop_notification.notify_send': Could not find 'notify-send'
[5.436s] INFO:colcon.colcon_core.plugin_system:Skipping extension 'colcon_notification.desktop_notification.terminal_notifier': Not used on non-Darwin systems
[5.438s] INFO:colcon.colcon_core.plugin_system:Skipping extension 'colcon_notification.desktop_notification.win32': Not used on non-Windows systems
[5.439s] INFO:colcon.colcon_notification.desktop_notification:Sending desktop notification using 'notify2'
[5.474s] DEBUG:colcon.colcon_notification.desktop_notification.notify2:Failed to initialize notify2: org.freedesktop.DBus.Error.ServiceUnknown: The name org.freedesktop.Notifications was not provided by any .service files
[5.474s] DEBUG:colcon.colcon_core.event_reactor:joined thread
[5.475s] INFO:colcon.colcon_core.shell:Creating prefix script '/home/shreeshinator/AI_Challenge_Robotic_Arm/install/local_setup.ps1'
[5.477s] INFO:colcon.colcon_core.shell:Creating prefix util module '/home/shreeshinator/AI_Challenge_Robotic_Arm/install/_local_setup_util_ps1.py'
[5.479s] INFO:colcon.colcon_core.shell:Creating prefix chain script '/home/shreeshinator/AI_Challenge_Robotic_Arm/install/setup.ps1'
[5.481s] INFO:colcon.colcon_core.shell:Creating prefix script '/home/shreeshinator/AI_Challenge_Robotic_Arm/install/local_setup.sh'
[5.482s] INFO:colcon.colcon_core.shell:Creating prefix util module '/home/shreeshinator/AI_Challenge_Robotic_Arm/install/_local_setup_util_sh.py'
[5.483s] INFO:colcon.colcon_core.shell:Creating prefix chain script '/home/shreeshinator/AI_Challenge_Robotic_Arm/install/setup.sh'
[5.486s] INFO:colcon.colcon_core.shell:Creating prefix script '/home/shreeshinator/AI_Challenge_Robotic_Arm/install/local_setup.bash'
[5.487s] INFO:colcon.colcon_core.shell:Creating prefix chain script '/home/shreeshinator/AI_Challenge_Robotic_Arm/install/setup.bash'
[5.489s] INFO:colcon.colcon_core.shell:Creating prefix script '/home/shreeshinator/AI_Challenge_Robotic_Arm/install/local_setup.zsh'
[5.491s] INFO:colcon.colcon_core.shell:Creating prefix chain script '/home/shreeshinator/AI_Challenge_Robotic_Arm/install/setup.zsh'
