[0.039s] Invoking command in '/home/shreeshinator/ros2_ws/build/modular_arm_description': CMAKE_PREFIX_PATH=${CMAKE_PREFIX_PATH}:/opt/ros/jazzy DEBUGINFOD_URLS=https://debuginfod.ubuntu.com /usr/bin/cmake /home/shreeshinator/ros2_ws/src/modular_arm_description -DCMAKE_INSTALL_PREFIX=/home/shreeshinator/ros2_ws/install/modular_arm_description
[0.081s] -- Found ament_cmake: 2.5.6 (/opt/ros/jazzy/share/ament_cmake/cmake)
[0.487s] -- Override CMake install command with custom implementation using symlinks instead of copying resources
[0.539s] Traceback (most recent call last):
[0.540s]   File "/opt/ros/jazzy/share/ament_cmake_core/cmake/core/package_xml_2_cmake.py", line 22, in <module>
[0.540s]     from catkin_pkg.package import parse_package_string
[0.540s] ModuleNotFoundError: No module named 'catkin_pkg'
[0.550s] [31mCMake Error at /opt/ros/jazzy/share/ament_cmake_core/cmake/core/ament_package_xml.cmake:95 (message):
[0.550s]   execute_process(/home/shreeshinator/.local/bin/python3.12
[0.550s]   /opt/ros/jazzy/share/ament_cmake_core/cmake/core/package_xml_2_cmake.py
[0.551s]   /home/shreeshinator/ros2_ws/src/modular_arm_description/package.xml
[0.551s]   /home/shreeshinator/ros2_ws/build/modular_arm_description/ament_cmake_core/package.cmake)
[0.551s]   returned error code 1
[0.551s] Call Stack (most recent call first):
[0.551s]   /opt/ros/jazzy/share/ament_cmake_core/cmake/core/ament_package_xml.cmake:49 (_ament_package_xml)
[0.551s]   /opt/ros/jazzy/share/ament_cmake_core/cmake/core/ament_package.cmake:63 (ament_package_xml)
[0.551s]   CMakeLists.txt:10 (ament_package)
[0.551s] 
[0.551s] [0m
[0.551s] -- Configuring incomplete, errors occurred!
[0.558s] Invoked command in '/home/shreeshinator/ros2_ws/build/modular_arm_description' returned '1': CMAKE_PREFIX_PATH=${CMAKE_PREFIX_PATH}:/opt/ros/jazzy DEBUGINFOD_URLS=https://debuginfod.ubuntu.com /usr/bin/cmake /home/shreeshinator/ros2_ws/src/modular_arm_description -DCMAKE_INSTALL_PREFIX=/home/shreeshinator/ros2_ws/install/modular_arm_description
