running egg_info
creating ../../build/modular_arm_kinematics/modular_arm_kinematics.egg-info
writing ../../build/modular_arm_kinematics/modular_arm_kinematics.egg-info/PKG-INFO
writing dependency_links to ../../build/modular_arm_kinematics/modular_arm_kinematics.egg-info/dependency_links.txt
writing entry points to ../../build/modular_arm_kinematics/modular_arm_kinematics.egg-info/entry_points.txt
writing requirements to ../../build/modular_arm_kinematics/modular_arm_kinematics.egg-info/requires.txt
writing top-level names to ../../build/modular_arm_kinematics/modular_arm_kinematics.egg-info/top_level.txt
writing manifest file '../../build/modular_arm_kinematics/modular_arm_kinematics.egg-info/SOURCES.txt'
reading manifest file '../../build/modular_arm_kinematics/modular_arm_kinematics.egg-info/SOURCES.txt'
writing manifest file '../../build/modular_arm_kinematics/modular_arm_kinematics.egg-info/SOURCES.txt'
running build
running build_py
creating /home/shreeshinator/AI_Challenge_Robotic_Arm/build/modular_arm_kinematics/build
creating /home/shreeshinator/AI_Challenge_Robotic_Arm/build/modular_arm_kinematics/build/lib
creating /home/shreeshinator/AI_Challenge_Robotic_Arm/build/modular_arm_kinematics/build/lib/modular_arm_kinematics
copying modular_arm_kinematics/move_to_node.py -> /home/shreeshinator/AI_Challenge_Robotic_Arm/build/modular_arm_kinematics/build/lib/modular_arm_kinematics
copying modular_arm_kinematics/__init__.py -> /home/shreeshinator/AI_Challenge_Robotic_Arm/build/modular_arm_kinematics/build/lib/modular_arm_kinematics
copying modular_arm_kinematics/fk.py -> /home/shreeshinator/AI_Challenge_Robotic_Arm/build/modular_arm_kinematics/build/lib/modular_arm_kinematics
copying modular_arm_kinematics/ik.py -> /home/shreeshinator/AI_Challenge_Robotic_Arm/build/modular_arm_kinematics/build/lib/modular_arm_kinematics
running install
running install_lib
creating /home/shreeshinator/AI_Challenge_Robotic_Arm/install/modular_arm_kinematics/lib/python3.12/site-packages/modular_arm_kinematics
copying /home/shreeshinator/AI_Challenge_Robotic_Arm/build/modular_arm_kinematics/build/lib/modular_arm_kinematics/move_to_node.py -> /home/shreeshinator/AI_Challenge_Robotic_Arm/install/modular_arm_kinematics/lib/python3.12/site-packages/modular_arm_kinematics
copying /home/shreeshinator/AI_Challenge_Robotic_Arm/build/modular_arm_kinematics/build/lib/modular_arm_kinematics/__init__.py -> /home/shreeshinator/AI_Challenge_Robotic_Arm/install/modular_arm_kinematics/lib/python3.12/site-packages/modular_arm_kinematics
copying /home/shreeshinator/AI_Challenge_Robotic_Arm/build/modular_arm_kinematics/build/lib/modular_arm_kinematics/fk.py -> /home/shreeshinator/AI_Challenge_Robotic_Arm/install/modular_arm_kinematics/lib/python3.12/site-packages/modular_arm_kinematics
copying /home/shreeshinator/AI_Challenge_Robotic_Arm/build/modular_arm_kinematics/build/lib/modular_arm_kinematics/ik.py -> /home/shreeshinator/AI_Challenge_Robotic_Arm/install/modular_arm_kinematics/lib/python3.12/site-packages/modular_arm_kinematics
byte-compiling /home/shreeshinator/AI_Challenge_Robotic_Arm/install/modular_arm_kinematics/lib/python3.12/site-packages/modular_arm_kinematics/move_to_node.py to move_to_node.cpython-312.pyc
byte-compiling /home/shreeshinator/AI_Challenge_Robotic_Arm/install/modular_arm_kinematics/lib/python3.12/site-packages/modular_arm_kinematics/__init__.py to __init__.cpython-312.pyc
byte-compiling /home/shreeshinator/AI_Challenge_Robotic_Arm/install/modular_arm_kinematics/lib/python3.12/site-packages/modular_arm_kinematics/fk.py to fk.cpython-312.pyc
byte-compiling /home/shreeshinator/AI_Challenge_Robotic_Arm/install/modular_arm_kinematics/lib/python3.12/site-packages/modular_arm_kinematics/ik.py to ik.cpython-312.pyc
running install_data
creating /home/shreeshinator/AI_Challenge_Robotic_Arm/install/modular_arm_kinematics/share/ament_index
creating /home/shreeshinator/AI_Challenge_Robotic_Arm/install/modular_arm_kinematics/share/ament_index/resource_index
creating /home/shreeshinator/AI_Challenge_Robotic_Arm/install/modular_arm_kinematics/share/ament_index/resource_index/packages
copying resource/modular_arm_kinematics -> /home/shreeshinator/AI_Challenge_Robotic_Arm/install/modular_arm_kinematics/share/ament_index/resource_index/packages
copying package.xml -> /home/shreeshinator/AI_Challenge_Robotic_Arm/install/modular_arm_kinematics/share/modular_arm_kinematics
creating /home/shreeshinator/AI_Challenge_Robotic_Arm/install/modular_arm_kinematics/share/modular_arm_kinematics/launch
copying launch/kinematics.launch.py -> /home/shreeshinator/AI_Challenge_Robotic_Arm/install/modular_arm_kinematics/share/modular_arm_kinematics/launch
running install_egg_info
Copying ../../build/modular_arm_kinematics/modular_arm_kinematics.egg-info to /home/shreeshinator/AI_Challenge_Robotic_Arm/install/modular_arm_kinematics/lib/python3.12/site-packages/modular_arm_kinematics-0.1.0-py3.12.egg-info
running install_scripts
Installing move_to_node script to /home/shreeshinator/AI_Challenge_Robotic_Arm/install/modular_arm_kinematics/lib/modular_arm_kinematics
writing list of installed files to '/home/shreeshinator/AI_Challenge_Robotic_Arm/build/modular_arm_kinematics/install.log'
