[2.985s] Invoking command in '/home/shreeshinator/AI_Challenge_Robotic_Arm/src/modular_arm_kinematics': AMENT_PREFIX_PATH=/home/shreeshinator/AI_Challenge_Robotic_Arm/install/modular_arm_interfaces:${AMENT_PREFIX_PATH} CMAKE_PREFIX_PATH=/home/shreeshinator/AI_Challenge_Robotic_Arm/install/modular_arm_interfaces:${CMAKE_PREFIX_PATH} LD_LIBRARY_PATH=/home/shreeshinator/AI_Challenge_Robotic_Arm/install/modular_arm_interfaces/lib:${LD_LIBRARY_PATH} PYTHONPATH=/home/shreeshinator/AI_Challenge_Robotic_Arm/build/modular_arm_kinematics/prefix_override:/usr/lib/python3/dist-packages/colcon_core/task/python/colcon_distutils_commands:/home/shreeshinator/AI_Challenge_Robotic_Arm/install/modular_arm_kinematics/lib/python3.12/site-packages:/home/shreeshinator/AI_Challenge_Robotic_Arm/install/modular_arm_interfaces/lib/python3.12/site-packages:${PYTHONPATH} /usr/bin/python3 -W ignore:setup.py install is deprecated -W ignore:easy_install command is deprecated setup.py egg_info --egg-base ../../build/modular_arm_kinematics build --build-base /home/shreeshinator/AI_Challenge_Robotic_Arm/build/modular_arm_kinematics/build install --record /home/shreeshinator/AI_Challenge_Robotic_Arm/build/modular_arm_kinematics/install.log --install-scripts $base/lib/modular_arm_kinematics --single-version-externally-managed install_data
[3.403s] running egg_info
[3.403s] creating ../../build/modular_arm_kinematics/modular_arm_kinematics.egg-info
[3.428s] writing ../../build/modular_arm_kinematics/modular_arm_kinematics.egg-info/PKG-INFO
[3.428s] writing dependency_links to ../../build/modular_arm_kinematics/modular_arm_kinematics.egg-info/dependency_links.txt
[3.429s] writing entry points to ../../build/modular_arm_kinematics/modular_arm_kinematics.egg-info/entry_points.txt
[3.429s] writing requirements to ../../build/modular_arm_kinematics/modular_arm_kinematics.egg-info/requires.txt
[3.430s] writing top-level names to ../../build/modular_arm_kinematics/modular_arm_kinematics.egg-info/top_level.txt
[3.430s] writing manifest file '../../build/modular_arm_kinematics/modular_arm_kinematics.egg-info/SOURCES.txt'
[3.496s] reading manifest file '../../build/modular_arm_kinematics/modular_arm_kinematics.egg-info/SOURCES.txt'
[3.497s] writing manifest file '../../build/modular_arm_kinematics/modular_arm_kinematics.egg-info/SOURCES.txt'
[3.498s] running build
[3.501s] running build_py
[3.502s] creating /home/shreeshinator/AI_Challenge_Robotic_Arm/build/modular_arm_kinematics/build
[3.503s] creating /home/shreeshinator/AI_Challenge_Robotic_Arm/build/modular_arm_kinematics/build/lib
[3.504s] creating /home/shreeshinator/AI_Challenge_Robotic_Arm/build/modular_arm_kinematics/build/lib/modular_arm_kinematics
[3.505s] copying modular_arm_kinematics/move_to_node.py -> /home/shreeshinator/AI_Challenge_Robotic_Arm/build/modular_arm_kinematics/build/lib/modular_arm_kinematics
[3.527s] copying modular_arm_kinematics/__init__.py -> /home/shreeshinator/AI_Challenge_Robotic_Arm/build/modular_arm_kinematics/build/lib/modular_arm_kinematics
[3.527s] copying modular_arm_kinematics/fk.py -> /home/shreeshinator/AI_Challenge_Robotic_Arm/build/modular_arm_kinematics/build/lib/modular_arm_kinematics
[3.528s] copying modular_arm_kinematics/ik.py -> /home/shreeshinator/AI_Challenge_Robotic_Arm/build/modular_arm_kinematics/build/lib/modular_arm_kinematics
[3.529s] running install
[3.541s] running install_lib
[3.568s] creating /home/shreeshinator/AI_Challenge_Robotic_Arm/install/modular_arm_kinematics/lib/python3.12/site-packages/modular_arm_kinematics
[3.569s] copying /home/shreeshinator/AI_Challenge_Robotic_Arm/build/modular_arm_kinematics/build/lib/modular_arm_kinematics/move_to_node.py -> /home/shreeshinator/AI_Challenge_Robotic_Arm/install/modular_arm_kinematics/lib/python3.12/site-packages/modular_arm_kinematics
[3.569s] copying /home/shreeshinator/AI_Challenge_Robotic_Arm/build/modular_arm_kinematics/build/lib/modular_arm_kinematics/__init__.py -> /home/shreeshinator/AI_Challenge_Robotic_Arm/install/modular_arm_kinematics/lib/python3.12/site-packages/modular_arm_kinematics
[3.569s] copying /home/shreeshinator/AI_Challenge_Robotic_Arm/build/modular_arm_kinematics/build/lib/modular_arm_kinematics/fk.py -> /home/shreeshinator/AI_Challenge_Robotic_Arm/install/modular_arm_kinematics/lib/python3.12/site-packages/modular_arm_kinematics
[3.570s] copying /home/shreeshinator/AI_Challenge_Robotic_Arm/build/modular_arm_kinematics/build/lib/modular_arm_kinematics/ik.py -> /home/shreeshinator/AI_Challenge_Robotic_Arm/install/modular_arm_kinematics/lib/python3.12/site-packages/modular_arm_kinematics
[3.570s] byte-compiling /home/shreeshinator/AI_Challenge_Robotic_Arm/install/modular_arm_kinematics/lib/python3.12/site-packages/modular_arm_kinematics/move_to_node.py to move_to_node.cpython-312.pyc
[3.572s] byte-compiling /home/shreeshinator/AI_Challenge_Robotic_Arm/install/modular_arm_kinematics/lib/python3.12/site-packages/modular_arm_kinematics/__init__.py to __init__.cpython-312.pyc
[3.572s] byte-compiling /home/shreeshinator/AI_Challenge_Robotic_Arm/install/modular_arm_kinematics/lib/python3.12/site-packages/modular_arm_kinematics/fk.py to fk.cpython-312.pyc
[3.574s] byte-compiling /home/shreeshinator/AI_Challenge_Robotic_Arm/install/modular_arm_kinematics/lib/python3.12/site-packages/modular_arm_kinematics/ik.py to ik.cpython-312.pyc
[3.574s] running install_data
[3.575s] creating /home/shreeshinator/AI_Challenge_Robotic_Arm/install/modular_arm_kinematics/share/ament_index
[3.575s] creating /home/shreeshinator/AI_Challenge_Robotic_Arm/install/modular_arm_kinematics/share/ament_index/resource_index
[3.576s] creating /home/shreeshinator/AI_Challenge_Robotic_Arm/install/modular_arm_kinematics/share/ament_index/resource_index/packages
[3.576s] copying resource/modular_arm_kinematics -> /home/shreeshinator/AI_Challenge_Robotic_Arm/install/modular_arm_kinematics/share/ament_index/resource_index/packages
[3.577s] copying package.xml -> /home/shreeshinator/AI_Challenge_Robotic_Arm/install/modular_arm_kinematics/share/modular_arm_kinematics
[3.577s] creating /home/shreeshinator/AI_Challenge_Robotic_Arm/install/modular_arm_kinematics/share/modular_arm_kinematics/launch
[3.577s] copying launch/kinematics.launch.py -> /home/shreeshinator/AI_Challenge_Robotic_Arm/install/modular_arm_kinematics/share/modular_arm_kinematics/launch
[3.578s] running install_egg_info
[3.612s] Copying ../../build/modular_arm_kinematics/modular_arm_kinematics.egg-info to /home/shreeshinator/AI_Challenge_Robotic_Arm/install/modular_arm_kinematics/lib/python3.12/site-packages/modular_arm_kinematics-0.1.0-py3.12.egg-info
[3.613s] running install_scripts
[3.804s] Installing move_to_node script to /home/shreeshinator/AI_Challenge_Robotic_Arm/install/modular_arm_kinematics/lib/modular_arm_kinematics
[3.805s] writing list of installed files to '/home/shreeshinator/AI_Challenge_Robotic_Arm/build/modular_arm_kinematics/install.log'
[3.862s] Invoked command in '/home/shreeshinator/AI_Challenge_Robotic_Arm/src/modular_arm_kinematics' returned '0': AMENT_PREFIX_PATH=/home/shreeshinator/AI_Challenge_Robotic_Arm/install/modular_arm_interfaces:${AMENT_PREFIX_PATH} CMAKE_PREFIX_PATH=/home/shreeshinator/AI_Challenge_Robotic_Arm/install/modular_arm_interfaces:${CMAKE_PREFIX_PATH} LD_LIBRARY_PATH=/home/shreeshinator/AI_Challenge_Robotic_Arm/install/modular_arm_interfaces/lib:${LD_LIBRARY_PATH} PYTHONPATH=/home/shreeshinator/AI_Challenge_Robotic_Arm/build/modular_arm_kinematics/prefix_override:/usr/lib/python3/dist-packages/colcon_core/task/python/colcon_distutils_commands:/home/shreeshinator/AI_Challenge_Robotic_Arm/install/modular_arm_kinematics/lib/python3.12/site-packages:/home/shreeshinator/AI_Challenge_Robotic_Arm/install/modular_arm_interfaces/lib/python3.12/site-packages:${PYTHONPATH} /usr/bin/python3 -W ignore:setup.py install is deprecated -W ignore:easy_install command is deprecated setup.py egg_info --egg-base ../../build/modular_arm_kinematics build --build-base /home/shreeshinator/AI_Challenge_Robotic_Arm/build/modular_arm_kinematics/build install --record /home/shreeshinator/AI_Challenge_Robotic_Arm/build/modular_arm_kinematics/install.log --install-scripts $base/lib/modular_arm_kinematics --single-version-externally-managed install_data
