[0.021s] Invoking command in '/home/shreeshinator/AI_Challenge_Robotic_Arm/build/modular_arm_description': CMAKE_PREFIX_PATH=${CMAKE_PREFIX_PATH}:/opt/ros/jazzy /usr/bin/cmake /home/shreeshinator/AI_Challenge_Robotic_Arm/src/modular_arm_description -DCMAKE_INSTALL_PREFIX=/home/shreeshinator/AI_Challenge_Robotic_Arm/install/modular_arm_description
[0.389s] -- The C compiler identification is GNU 13.3.0
[1.416s] -- The CXX compiler identification is GNU 13.3.0
[2.354s] -- Detecting C compiler ABI info
[2.877s] -- Detecting C compiler ABI info - done
[2.890s] -- Check for working C compiler: /usr/bin/cc - skipped
[2.893s] -- Detecting C compile features
[2.895s] -- Detecting C compile features - done
[3.109s] -- Detecting CXX compiler ABI info
[3.612s] -- Detecting CXX compiler ABI info - done
[3.642s] -- Check for working CXX compiler: /usr/bin/c++ - skipped
[3.645s] -- Detecting CXX compile features
[3.645s] -- Detecting CXX compile features - done
[3.691s] -- Found ament_cmake: 2.5.6 (/opt/ros/jazzy/share/ament_cmake/cmake)
[3.944s] -- Found Python3: /usr/bin/python3 (found version "3.12.3") found components: Interpreter 
[4.417s] -- Configuring done (4.4s)
[4.425s] -- Generating done (0.0s)
[4.428s] -- Build files have been written to: /home/shreeshinator/AI_Challenge_Robotic_Arm/build/modular_arm_description
[4.440s] Invoked command in '/home/shreeshinator/AI_Challenge_Robotic_Arm/build/modular_arm_description' returned '0': CMAKE_PREFIX_PATH=${CMAKE_PREFIX_PATH}:/opt/ros/jazzy /usr/bin/cmake /home/shreeshinator/AI_Challenge_Robotic_Arm/src/modular_arm_description -DCMAKE_INSTALL_PREFIX=/home/shreeshinator/AI_Challenge_Robotic_Arm/install/modular_arm_description
[4.443s] Invoking command in '/home/shreeshinator/AI_Challenge_Robotic_Arm/build/modular_arm_description': CMAKE_PREFIX_PATH=${CMAKE_PREFIX_PATH}:/opt/ros/jazzy /usr/bin/cmake --build /home/shreeshinator/AI_Challenge_Robotic_Arm/build/modular_arm_description -- -j12 -l12
[4.509s] Invoked command in '/home/shreeshinator/AI_Challenge_Robotic_Arm/build/modular_arm_description' returned '0': CMAKE_PREFIX_PATH=${CMAKE_PREFIX_PATH}:/opt/ros/jazzy /usr/bin/cmake --build /home/shreeshinator/AI_Challenge_Robotic_Arm/build/modular_arm_description -- -j12 -l12
[4.527s] Invoking command in '/home/shreeshinator/AI_Challenge_Robotic_Arm/build/modular_arm_description': CMAKE_PREFIX_PATH=${CMAKE_PREFIX_PATH}:/opt/ros/jazzy /usr/bin/cmake --install /home/shreeshinator/AI_Challenge_Robotic_Arm/build/modular_arm_description
[4.538s] -- Install configuration: ""
[4.538s] -- Installing: /home/shreeshinator/AI_Challenge_Robotic_Arm/install/modular_arm_description/share/modular_arm_description/urdf
[4.541s] -- Installing: /home/shreeshinator/AI_Challenge_Robotic_Arm/install/modular_arm_description/share/modular_arm_description/urdf/modular_arm.urdf.xacro
[4.544s] -- Installing: /home/shreeshinator/AI_Challenge_Robotic_Arm/install/modular_arm_description/share/modular_arm_description/urdf/modular_arm.gazebo.xacro
[4.544s] -- Installing: /home/shreeshinator/AI_Challenge_Robotic_Arm/install/modular_arm_description/share/modular_arm_description/launch
[4.545s] -- Installing: /home/shreeshinator/AI_Challenge_Robotic_Arm/install/modular_arm_description/share/modular_arm_description/launch/gazebo.launch.py
[4.546s] -- Installing: /home/shreeshinator/AI_Challenge_Robotic_Arm/install/modular_arm_description/share/modular_arm_description/launch/display.launch.py
[4.547s] -- Installing: /home/shreeshinator/AI_Challenge_Robotic_Arm/install/modular_arm_description/share/modular_arm_description/config
[4.548s] -- Installing: /home/shreeshinator/AI_Challenge_Robotic_Arm/install/modular_arm_description/share/modular_arm_description/config/ros2_controllers.yaml
[4.549s] -- Installing: /home/shreeshinator/AI_Challenge_Robotic_Arm/install/modular_arm_description/share/modular_arm_description/rviz
[4.550s] -- Installing: /home/shreeshinator/AI_Challenge_Robotic_Arm/install/modular_arm_description/share/modular_arm_description/rviz/view_arm.rviz
[4.552s] -- Installing: /home/shreeshinator/AI_Challenge_Robotic_Arm/install/modular_arm_description/share/ament_index/resource_index/package_run_dependencies/modular_arm_description
[4.552s] -- Installing: /home/shreeshinator/AI_Challenge_Robotic_Arm/install/modular_arm_description/share/ament_index/resource_index/parent_prefix_path/modular_arm_description
[4.552s] -- Installing: /home/shreeshinator/AI_Challenge_Robotic_Arm/install/modular_arm_description/share/modular_arm_description/environment/ament_prefix_path.sh
[4.553s] -- Installing: /home/shreeshinator/AI_Challenge_Robotic_Arm/install/modular_arm_description/share/modular_arm_description/environment/ament_prefix_path.dsv
[4.554s] -- Installing: /home/shreeshinator/AI_Challenge_Robotic_Arm/install/modular_arm_description/share/modular_arm_description/environment/path.sh
[4.554s] -- Installing: /home/shreeshinator/AI_Challenge_Robotic_Arm/install/modular_arm_description/share/modular_arm_description/environment/path.dsv
[4.554s] -- Installing: /home/shreeshinator/AI_Challenge_Robotic_Arm/install/modular_arm_description/share/modular_arm_description/local_setup.bash
[4.554s] -- Installing: /home/shreeshinator/AI_Challenge_Robotic_Arm/install/modular_arm_description/share/modular_arm_description/local_setup.sh
[4.555s] -- Installing: /home/shreeshinator/AI_Challenge_Robotic_Arm/install/modular_arm_description/share/modular_arm_description/local_setup.zsh
[4.555s] -- Installing: /home/shreeshinator/AI_Challenge_Robotic_Arm/install/modular_arm_description/share/modular_arm_description/local_setup.dsv
[4.556s] -- Installing: /home/shreeshinator/AI_Challenge_Robotic_Arm/install/modular_arm_description/share/modular_arm_description/package.dsv
[4.557s] -- Installing: /home/shreeshinator/AI_Challenge_Robotic_Arm/install/modular_arm_description/share/ament_index/resource_index/packages/modular_arm_description
[4.557s] -- Installing: /home/shreeshinator/AI_Challenge_Robotic_Arm/install/modular_arm_description/share/modular_arm_description/cmake/modular_arm_descriptionConfig.cmake
[4.557s] -- Installing: /home/shreeshinator/AI_Challenge_Robotic_Arm/install/modular_arm_description/share/modular_arm_description/cmake/modular_arm_descriptionConfig-version.cmake
[4.559s] -- Installing: /home/shreeshinator/AI_Challenge_Robotic_Arm/install/modular_arm_description/share/modular_arm_description/package.xml
[4.560s] Invoked command in '/home/shreeshinator/AI_Challenge_Robotic_Arm/build/modular_arm_description' returned '0': CMAKE_PREFIX_PATH=${CMAKE_PREFIX_PATH}:/opt/ros/jazzy /usr/bin/cmake --install /home/shreeshinator/AI_Challenge_Robotic_Arm/build/modular_arm_description
