[0.772s] DEBUG:colcon:Command line arguments: ['/usr/bin/colcon', 'build']
[0.773s] DEBUG:colcon:Parsed command line arguments: Namespace(log_base=None, log_level=None, verb_name='build', build_base='build', install_base='install', merge_install=False, symlink_install=False, test_result_base=None, continue_on_error=False, executor='parallel', parallel_workers=12, event_handlers=None, ignore_user_meta=False, metas=['./colcon.meta'], base_paths=['.'], packages_ignore=None, packages_ignore_regex=None, paths=None, packages_up_to=None, packages_up_to_regex=None, packages_above=None, packages_above_and_dependencies=None, packages_above_depth=None, packages_select_by_dep=None, packages_skip_by_dep=None, packages_skip_up_to=None, packages_select_build_failed=False, packages_skip_build_finished=False, packages_select_test_failures=False, packages_skip_test_passed=False, packages_select=None, packages_skip=None, packages_select_regex=None, packages_skip_regex=None, packages_start=None, packages_end=None, allow_overriding=[], cmake_args=None, cmake_target=None, cmake_target_skip_unavailable=False, cmake_clean_cache=False, cmake_clean_first=False, cmake_force_configure=False, ament_cmake_args=None, catkin_cmake_args=None, catkin_skip_building_tests=False, mixin_files=None, mixin=None, verb_parser=<colcon_mixin.mixin.mixin_argument.MixinArgumentDecorator object at 0x7d2715189a00>, verb_extension=<colcon_core.verb.build.BuildVerb object at 0x7d27151896d0>, main=<bound method BuildVerb.main of <colcon_core.verb.build.BuildVerb object at 0x7d27151896d0>>, mixin_verb=('build',))
[0.846s] Level 1:colcon.colcon_core.package_discovery:discover_packages(colcon_meta) check parameters
[0.846s] Level 1:colcon.colcon_core.package_discovery:discover_packages(recursive) check parameters
[0.846s] Level 1:colcon.colcon_core.package_discovery:discover_packages(ignore) check parameters
[0.846s] Level 1:colcon.colcon_core.package_discovery:discover_packages(path) check parameters
[0.846s] Level 1:colcon.colcon_core.package_discovery:discover_packages(colcon_meta) discover
[0.846s] Level 1:colcon.colcon_core.package_discovery:discover_packages(recursive) discover
[0.846s] INFO:colcon.colcon_core.package_discovery:Crawling recursively for packages in '/home/shreeshinator/AI_Challenge_Robotic_Arm'
[0.846s] Level 1:colcon.colcon_core.package_identification:_identify(.) by extensions ['ignore', 'ignore_ament_install']
[0.847s] Level 1:colcon.colcon_core.package_identification:_identify(.) by extension 'ignore'
[0.847s] Level 1:colcon.colcon_core.package_identification:_identify(.) by extension 'ignore_ament_install'
[0.847s] Level 1:colcon.colcon_core.package_identification:_identify(.) by extensions ['colcon_pkg']
[0.847s] Level 1:colcon.colcon_core.package_identification:_identify(.) by extension 'colcon_pkg'
[0.847s] Level 1:colcon.colcon_core.package_identification:_identify(.) by extensions ['colcon_meta']
[0.847s] Level 1:colcon.colcon_core.package_identification:_identify(.) by extension 'colcon_meta'
[0.847s] Level 1:colcon.colcon_core.package_identification:_identify(.) by extensions ['ros']
[0.847s] Level 1:colcon.colcon_core.package_identification:_identify(.) by extension 'ros'
[0.908s] Level 1:colcon.colcon_core.package_identification:_identify(.) by extensions ['cmake', 'python']
[0.908s] Level 1:colcon.colcon_core.package_identification:_identify(.) by extension 'cmake'
[0.908s] Level 1:colcon.colcon_core.package_identification:_identify(.) by extension 'python'
[0.908s] Level 1:colcon.colcon_core.package_identification:_identify(.) by extensions ['python_setup_py']
[0.908s] Level 1:colcon.colcon_core.package_identification:_identify(.) by extension 'python_setup_py'
[0.908s] Level 1:colcon.colcon_core.package_identification:_identify(build) by extensions ['ignore', 'ignore_ament_install']
[0.908s] Level 1:colcon.colcon_core.package_identification:_identify(build) by extension 'ignore'
[0.908s] Level 1:colcon.colcon_core.package_identification:_identify(build) ignored
[0.909s] Level 1:colcon.colcon_core.package_identification:_identify(install) by extensions ['ignore', 'ignore_ament_install']
[0.909s] Level 1:colcon.colcon_core.package_identification:_identify(install) by extension 'ignore'
[0.909s] Level 1:colcon.colcon_core.package_identification:_identify(install) ignored
[0.909s] Level 1:colcon.colcon_core.package_identification:_identify(log) by extensions ['ignore', 'ignore_ament_install']
[0.909s] Level 1:colcon.colcon_core.package_identification:_identify(log) by extension 'ignore'
[0.909s] Level 1:colcon.colcon_core.package_identification:_identify(log) ignored
[0.910s] Level 1:colcon.colcon_core.package_identification:_identify(src) by extensions ['ignore', 'ignore_ament_install']
[0.911s] Level 1:colcon.colcon_core.package_identification:_identify(src) by extension 'ignore'
[0.911s] Level 1:colcon.colcon_core.package_identification:_identify(src) by extension 'ignore_ament_install'
[0.911s] Level 1:colcon.colcon_core.package_identification:_identify(src) by extensions ['colcon_pkg']
[0.911s] Level 1:colcon.colcon_core.package_identification:_identify(src) by extension 'colcon_pkg'
[0.911s] Level 1:colcon.colcon_core.package_identification:_identify(src) by extensions ['colcon_meta']
[0.911s] Level 1:colcon.colcon_core.package_identification:_identify(src) by extension 'colcon_meta'
[0.911s] Level 1:colcon.colcon_core.package_identification:_identify(src) by extensions ['ros']
[0.911s] Level 1:colcon.colcon_core.package_identification:_identify(src) by extension 'ros'
[0.911s] Level 1:colcon.colcon_core.package_identification:_identify(src) by extensions ['cmake', 'python']
[0.911s] Level 1:colcon.colcon_core.package_identification:_identify(src) by extension 'cmake'
[0.911s] Level 1:colcon.colcon_core.package_identification:_identify(src) by extension 'python'
[0.911s] Level 1:colcon.colcon_core.package_identification:_identify(src) by extensions ['python_setup_py']
[0.911s] Level 1:colcon.colcon_core.package_identification:_identify(src) by extension 'python_setup_py'
[0.912s] Level 1:colcon.colcon_core.package_identification:_identify(src/modular_arm_bringup) by extensions ['ignore', 'ignore_ament_install']
[0.912s] Level 1:colcon.colcon_core.package_identification:_identify(src/modular_arm_bringup) by extension 'ignore'
[0.913s] Level 1:colcon.colcon_core.package_identification:_identify(src/modular_arm_bringup) by extension 'ignore_ament_install'
[0.913s] Level 1:colcon.colcon_core.package_identification:_identify(src/modular_arm_bringup) by extensions ['colcon_pkg']
[0.913s] Level 1:colcon.colcon_core.package_identification:_identify(src/modular_arm_bringup) by extension 'colcon_pkg'
[0.913s] Level 1:colcon.colcon_core.package_identification:_identify(src/modular_arm_bringup) by extensions ['colcon_meta']
[0.913s] Level 1:colcon.colcon_core.package_identification:_identify(src/modular_arm_bringup) by extension 'colcon_meta'
[0.913s] Level 1:colcon.colcon_core.package_identification:_identify(src/modular_arm_bringup) by extensions ['ros']
[0.913s] Level 1:colcon.colcon_core.package_identification:_identify(src/modular_arm_bringup) by extension 'ros'
[0.921s] DEBUG:colcon.colcon_core.package_identification:Package 'src/modular_arm_bringup' with type 'ros.ament_cmake' and name 'modular_arm_bringup'
[0.922s] Level 1:colcon.colcon_core.package_identification:_identify(src/modular_arm_description) by extensions ['ignore', 'ignore_ament_install']
[0.922s] Level 1:colcon.colcon_core.package_identification:_identify(src/modular_arm_description) by extension 'ignore'
[0.922s] Level 1:colcon.colcon_core.package_identification:_identify(src/modular_arm_description) by extension 'ignore_ament_install'
[0.923s] Level 1:colcon.colcon_core.package_identification:_identify(src/modular_arm_description) by extensions ['colcon_pkg']
[0.923s] Level 1:colcon.colcon_core.package_identification:_identify(src/modular_arm_description) by extension 'colcon_pkg'
[0.923s] Level 1:colcon.colcon_core.package_identification:_identify(src/modular_arm_description) by extensions ['colcon_meta']
[0.923s] Level 1:colcon.colcon_core.package_identification:_identify(src/modular_arm_description) by extension 'colcon_meta'
[0.923s] Level 1:colcon.colcon_core.package_identification:_identify(src/modular_arm_description) by extensions ['ros']
[0.923s] Level 1:colcon.colcon_core.package_identification:_identify(src/modular_arm_description) by extension 'ros'
[0.924s] DEBUG:colcon.colcon_core.package_identification:Package 'src/modular_arm_description' with type 'ros.ament_cmake' and name 'modular_arm_description'
[0.925s] Level 1:colcon.colcon_core.package_identification:_identify(src/modular_arm_interfaces) by extensions ['ignore', 'ignore_ament_install']
[0.926s] Level 1:colcon.colcon_core.package_identification:_identify(src/modular_arm_interfaces) by extension 'ignore'
[0.926s] Level 1:colcon.colcon_core.package_identification:_identify(src/modular_arm_interfaces) by extension 'ignore_ament_install'
[0.926s] Level 1:colcon.colcon_core.package_identification:_identify(src/modular_arm_interfaces) by extensions ['colcon_pkg']
[0.926s] Level 1:colcon.colcon_core.package_identification:_identify(src/modular_arm_interfaces) by extension 'colcon_pkg'
[0.926s] Level 1:colcon.colcon_core.package_identification:_identify(src/modular_arm_interfaces) by extensions ['colcon_meta']
[0.926s] Level 1:colcon.colcon_core.package_identification:_identify(src/modular_arm_interfaces) by extension 'colcon_meta'
[0.926s] Level 1:colcon.colcon_core.package_identification:_identify(src/modular_arm_interfaces) by extensions ['ros']
[0.926s] Level 1:colcon.colcon_core.package_identification:_identify(src/modular_arm_interfaces) by extension 'ros'
[0.928s] DEBUG:colcon.colcon_core.package_identification:Package 'src/modular_arm_interfaces' with type 'ros.ament_cmake' and name 'modular_arm_interfaces'
[0.928s] Level 1:colcon.colcon_core.package_identification:_identify(src/modular_arm_kinematics) by extensions ['ignore', 'ignore_ament_install']
[0.928s] Level 1:colcon.colcon_core.package_identification:_identify(src/modular_arm_kinematics) by extension 'ignore'
[0.929s] Level 1:colcon.colcon_core.package_identification:_identify(src/modular_arm_kinematics) by extension 'ignore_ament_install'
[0.929s] Level 1:colcon.colcon_core.package_identification:_identify(src/modular_arm_kinematics) by extensions ['colcon_pkg']
[0.929s] Level 1:colcon.colcon_core.package_identification:_identify(src/modular_arm_kinematics) by extension 'colcon_pkg'
[0.929s] Level 1:colcon.colcon_core.package_identification:_identify(src/modular_arm_kinematics) by extensions ['colcon_meta']
[0.929s] Level 1:colcon.colcon_core.package_identification:_identify(src/modular_arm_kinematics) by extension 'colcon_meta'
[0.929s] Level 1:colcon.colcon_core.package_identification:_identify(src/modular_arm_kinematics) by extensions ['ros']
[0.929s] Level 1:colcon.colcon_core.package_identification:_identify(src/modular_arm_kinematics) by extension 'ros'
[0.930s] DEBUG:colcon.colcon_core.package_identification:Package 'src/modular_arm_kinematics' with type 'ros.ament_python' and name 'modular_arm_kinematics'
[0.930s] Level 1:colcon.colcon_core.package_discovery:discover_packages(recursive) using defaults
[0.930s] Level 1:colcon.colcon_core.package_discovery:discover_packages(ignore) discover
[0.930s] Level 1:colcon.colcon_core.package_discovery:discover_packages(ignore) using defaults
[0.930s] Level 1:colcon.colcon_core.package_discovery:discover_packages(path) discover
[0.930s] Level 1:colcon.colcon_core.package_discovery:discover_packages(path) using defaults
[0.975s] Level 1:colcon.colcon_core.package_discovery:discover_packages(prefix_path) check parameters
[0.975s] Level 1:colcon.colcon_core.package_discovery:discover_packages(prefix_path) discover
[0.984s] DEBUG:colcon.colcon_installed_package_information.package_discovery:Found 334 installed packages in /opt/ros/jazzy
[0.987s] Level 1:colcon.colcon_core.package_discovery:discover_packages(prefix_path) using defaults
[1.039s] Level 5:colcon.colcon_core.verb:set package 'modular_arm_description' build argument 'cmake_args' from command line to 'None'
[1.039s] Level 5:colcon.colcon_core.verb:set package 'modular_arm_description' build argument 'cmake_target' from command line to 'None'
[1.039s] Level 5:colcon.colcon_core.verb:set package 'modular_arm_description' build argument 'cmake_target_skip_unavailable' from command line to 'False'
[1.039s] Level 5:colcon.colcon_core.verb:set package 'modular_arm_description' build argument 'cmake_clean_cache' from command line to 'False'
[1.039s] Level 5:colcon.colcon_core.verb:set package 'modular_arm_description' build argument 'cmake_clean_first' from command line to 'False'
[1.039s] Level 5:colcon.colcon_core.verb:set package 'modular_arm_description' build argument 'cmake_force_configure' from command line to 'False'
[1.039s] Level 5:colcon.colcon_core.verb:set package 'modular_arm_description' build argument 'ament_cmake_args' from command line to 'None'
[1.039s] Level 5:colcon.colcon_core.verb:set package 'modular_arm_description' build argument 'catkin_cmake_args' from command line to 'None'
[1.039s] Level 5:colcon.colcon_core.verb:set package 'modular_arm_description' build argument 'catkin_skip_building_tests' from command line to 'False'
[1.040s] DEBUG:colcon.colcon_core.verb:Building package 'modular_arm_description' with the following arguments: {'ament_cmake_args': None, 'build_base': '/home/shreeshinator/AI_Challenge_Robotic_Arm/build/modular_arm_description', 'catkin_cmake_args': None, 'catkin_skip_building_tests': False, 'cmake_args': None, 'cmake_clean_cache': False, 'cmake_clean_first': False, 'cmake_force_configure': False, 'cmake_target': None, 'cmake_target_skip_unavailable': False, 'install_base': '/home/shreeshinator/AI_Challenge_Robotic_Arm/install/modular_arm_description', 'merge_install': False, 'path': '/home/shreeshinator/AI_Challenge_Robotic_Arm/src/modular_arm_description', 'symlink_install': False, 'test_result_base': None}
[1.040s] Level 5:colcon.colcon_core.verb:set package 'modular_arm_interfaces' build argument 'cmake_args' from command line to 'None'
[1.040s] Level 5:colcon.colcon_core.verb:set package 'modular_arm_interfaces' build argument 'cmake_target' from command line to 'None'
[1.040s] Level 5:colcon.colcon_core.verb:set package 'modular_arm_interfaces' build argument 'cmake_target_skip_unavailable' from command line to 'False'
[1.040s] Level 5:colcon.colcon_core.verb:set package 'modular_arm_interfaces' build argument 'cmake_clean_cache' from command line to 'False'
[1.040s] Level 5:colcon.colcon_core.verb:set package 'modular_arm_interfaces' build argument 'cmake_clean_first' from command line to 'False'
[1.040s] Level 5:colcon.colcon_core.verb:set package 'modular_arm_interfaces' build argument 'cmake_force_configure' from command line to 'False'
[1.040s] Level 5:colcon.colcon_core.verb:set package 'modular_arm_interfaces' build argument 'ament_cmake_args' from command line to 'None'
[1.040s] Level 5:colcon.colcon_core.verb:set package 'modular_arm_interfaces' build argument 'catkin_cmake_args' from command line to 'None'
[1.040s] Level 5:colcon.colcon_core.verb:set package 'modular_arm_interfaces' build argument 'catkin_skip_building_tests' from command line to 'False'
[1.040s] DEBUG:colcon.colcon_core.verb:Building package 'modular_arm_interfaces' with the following arguments: {'ament_cmake_args': None, 'build_base': '/home/shreeshinator/AI_Challenge_Robotic_Arm/build/modular_arm_interfaces', 'catkin_cmake_args': None, 'catkin_skip_building_tests': False, 'cmake_args': None, 'cmake_clean_cache': False, 'cmake_clean_first': False, 'cmake_force_configure': False, 'cmake_target': None, 'cmake_target_skip_unavailable': False, 'install_base': '/home/shreeshinator/AI_Challenge_Robotic_Arm/install/modular_arm_interfaces', 'merge_install': False, 'path': '/home/shreeshinator/AI_Challenge_Robotic_Arm/src/modular_arm_interfaces', 'symlink_install': False, 'test_result_base': None}
[1.040s] Level 5:colcon.colcon_core.verb:set package 'modular_arm_kinematics' build argument 'cmake_args' from command line to 'None'
[1.040s] Level 5:colcon.colcon_core.verb:set package 'modular_arm_kinematics' build argument 'cmake_target' from command line to 'None'
[1.040s] Level 5:colcon.colcon_core.verb:set package 'modular_arm_kinematics' build argument 'cmake_target_skip_unavailable' from command line to 'False'
[1.040s] Level 5:colcon.colcon_core.verb:set package 'modular_arm_kinematics' build argument 'cmake_clean_cache' from command line to 'False'
[1.040s] Level 5:colcon.colcon_core.verb:set package 'modular_arm_kinematics' build argument 'cmake_clean_first' from command line to 'False'
[1.040s] Level 5:colcon.colcon_core.verb:set package 'modular_arm_kinematics' build argument 'cmake_force_configure' from command line to 'False'
[1.041s] Level 5:colcon.colcon_core.verb:set package 'modular_arm_kinematics' build argument 'ament_cmake_args' from command line to 'None'
[1.041s] Level 5:colcon.colcon_core.verb:set package 'modular_arm_kinematics' build argument 'catkin_cmake_args' from command line to 'None'
[1.041s] Level 5:colcon.colcon_core.verb:set package 'modular_arm_kinematics' build argument 'catkin_skip_building_tests' from command line to 'False'
[1.041s] DEBUG:colcon.colcon_core.verb:Building package 'modular_arm_kinematics' with the following arguments: {'ament_cmake_args': None, 'build_base': '/home/shreeshinator/AI_Challenge_Robotic_Arm/build/modular_arm_kinematics', 'catkin_cmake_args': None, 'catkin_skip_building_tests': False, 'cmake_args': None, 'cmake_clean_cache': False, 'cmake_clean_first': False, 'cmake_force_configure': False, 'cmake_target': None, 'cmake_target_skip_unavailable': False, 'install_base': '/home/shreeshinator/AI_Challenge_Robotic_Arm/install/modular_arm_kinematics', 'merge_install': False, 'path': '/home/shreeshinator/AI_Challenge_Robotic_Arm/src/modular_arm_kinematics', 'symlink_install': False, 'test_result_base': None}
[1.041s] Level 5:colcon.colcon_core.verb:set package 'modular_arm_bringup' build argument 'cmake_args' from command line to 'None'
[1.041s] Level 5:colcon.colcon_core.verb:set package 'modular_arm_bringup' build argument 'cmake_target' from command line to 'None'
[1.041s] Level 5:colcon.colcon_core.verb:set package 'modular_arm_bringup' build argument 'cmake_target_skip_unavailable' from command line to 'False'
[1.041s] Level 5:colcon.colcon_core.verb:set package 'modular_arm_bringup' build argument 'cmake_clean_cache' from command line to 'False'
[1.041s] Level 5:colcon.colcon_core.verb:set package 'modular_arm_bringup' build argument 'cmake_clean_first' from command line to 'False'
[1.041s] Level 5:colcon.colcon_core.verb:set package 'modular_arm_bringup' build argument 'cmake_force_configure' from command line to 'False'
[1.041s] Level 5:colcon.colcon_core.verb:set package 'modular_arm_bringup' build argument 'ament_cmake_args' from command line to 'None'
[1.041s] Level 5:colcon.colcon_core.verb:set package 'modular_arm_bringup' build argument 'catkin_cmake_args' from command line to 'None'
[1.041s] Level 5:colcon.colcon_core.verb:set package 'modular_arm_bringup' build argument 'catkin_skip_building_tests' from command line to 'False'
[1.041s] DEBUG:colcon.colcon_core.verb:Building package 'modular_arm_bringup' with the following arguments: {'ament_cmake_args': None, 'build_base': '/home/shreeshinator/AI_Challenge_Robotic_Arm/build/modular_arm_bringup', 'catkin_cmake_args': None, 'catkin_skip_building_tests': False, 'cmake_args': None, 'cmake_clean_cache': False, 'cmake_clean_first': False, 'cmake_force_configure': False, 'cmake_target': None, 'cmake_target_skip_unavailable': False, 'install_base': '/home/shreeshinator/AI_Challenge_Robotic_Arm/install/modular_arm_bringup', 'merge_install': False, 'path': '/home/shreeshinator/AI_Challenge_Robotic_Arm/src/modular_arm_bringup', 'symlink_install': False, 'test_result_base': None}
[1.041s] INFO:colcon.colcon_core.executor:Executing jobs using 'parallel' executor
[1.043s] DEBUG:colcon.colcon_parallel_executor.executor.parallel:run_until_complete
[1.043s] INFO:colcon.colcon_ros.task.ament_cmake.build:Building ROS package in '/home/shreeshinator/AI_Challenge_Robotic_Arm/src/modular_arm_interfaces' with build type 'ament_cmake'
[1.044s] INFO:colcon.colcon_cmake.task.cmake.build:Building CMake package in '/home/shreeshinator/AI_Challenge_Robotic_Arm/src/modular_arm_interfaces'
[1.057s] INFO:colcon.colcon_core.plugin_system:Skipping extension 'colcon_core.shell.bat': Not used on non-Windows systems
[1.057s] INFO:colcon.colcon_core.shell:Skip shell extension 'powershell' for command environment: Not usable outside of PowerShell
[1.057s] DEBUG:colcon.colcon_core.shell:Skip shell extension 'dsv' for command environment
[1.064s] INFO:colcon.colcon_ros.task.ament_cmake.build:Building ROS package in '/home/shreeshinator/AI_Challenge_Robotic_Arm/src/modular_arm_description' with build type 'ament_cmake'
[1.064s] INFO:colcon.colcon_cmake.task.cmake.build:Building CMake package in '/home/shreeshinator/AI_Challenge_Robotic_Arm/src/modular_arm_description'
[1.064s] INFO:colcon.colcon_core.shell:Skip shell extension 'powershell' for command environment: Not usable outside of PowerShell
[1.064s] DEBUG:colcon.colcon_core.shell:Skip shell extension 'dsv' for command environment
[1.079s] DEBUG:colcon.colcon_core.event_handler.log_command:Invoking command in '/home/shreeshinator/AI_Challenge_Robotic_Arm/build/modular_arm_interfaces': CMAKE_PREFIX_PATH=${CMAKE_PREFIX_PATH}:/opt/ros/jazzy /usr/bin/cmake /home/shreeshinator/AI_Challenge_Robotic_Arm/src/modular_arm_interfaces -DCMAKE_INSTALL_PREFIX=/home/shreeshinator/AI_Challenge_Robotic_Arm/install/modular_arm_interfaces
[1.088s] DEBUG:colcon.colcon_core.event_handler.log_command:Invoking command in '/home/shreeshinator/AI_Challenge_Robotic_Arm/build/modular_arm_description': CMAKE_PREFIX_PATH=${CMAKE_PREFIX_PATH}:/opt/ros/jazzy /usr/bin/cmake /home/shreeshinator/AI_Challenge_Robotic_Arm/src/modular_arm_description -DCMAKE_INSTALL_PREFIX=/home/shreeshinator/AI_Challenge_Robotic_Arm/install/modular_arm_description
[5.506s] DEBUG:colcon.colcon_core.event_handler.log_command:Invoked command in '/home/shreeshinator/AI_Challenge_Robotic_Arm/build/modular_arm_description' returned '0': CMAKE_PREFIX_PATH=${CMAKE_PREFIX_PATH}:/opt/ros/jazzy /usr/bin/cmake /home/shreeshinator/AI_Challenge_Robotic_Arm/src/modular_arm_description -DCMAKE_INSTALL_PREFIX=/home/shreeshinator/AI_Challenge_Robotic_Arm/install/modular_arm_description
[5.509s] DEBUG:colcon.colcon_core.event_handler.log_command:Invoking command in '/home/shreeshinator/AI_Challenge_Robotic_Arm/build/modular_arm_description': CMAKE_PREFIX_PATH=${CMAKE_PREFIX_PATH}:/opt/ros/jazzy /usr/bin/cmake --build /home/shreeshinator/AI_Challenge_Robotic_Arm/build/modular_arm_description -- -j12 -l12
[5.575s] DEBUG:colcon.colcon_core.event_handler.log_command:Invoked command in '/home/shreeshinator/AI_Challenge_Robotic_Arm/build/modular_arm_description' returned '0': CMAKE_PREFIX_PATH=${CMAKE_PREFIX_PATH}:/opt/ros/jazzy /usr/bin/cmake --build /home/shreeshinator/AI_Challenge_Robotic_Arm/build/modular_arm_description -- -j12 -l12
[5.593s] DEBUG:colcon.colcon_core.event_handler.log_command:Invoking command in '/home/shreeshinator/AI_Challenge_Robotic_Arm/build/modular_arm_description': CMAKE_PREFIX_PATH=${CMAKE_PREFIX_PATH}:/opt/ros/jazzy /usr/bin/cmake --install /home/shreeshinator/AI_Challenge_Robotic_Arm/build/modular_arm_description
[5.625s] Level 1:colcon.colcon_core.environment:create_environment_scripts_only(modular_arm_description)
[5.626s] DEBUG:colcon.colcon_core.event_handler.log_command:Invoked command in '/home/shreeshinator/AI_Challenge_Robotic_Arm/build/modular_arm_description' returned '0': CMAKE_PREFIX_PATH=${CMAKE_PREFIX_PATH}:/opt/ros/jazzy /usr/bin/cmake --install /home/shreeshinator/AI_Challenge_Robotic_Arm/build/modular_arm_description
[5.639s] Level 1:colcon.colcon_core.environment:checking '/home/shreeshinator/AI_Challenge_Robotic_Arm/install/modular_arm_description' for CMake module files
[5.640s] Level 1:colcon.colcon_core.environment:checking '/home/shreeshinator/AI_Challenge_Robotic_Arm/install/modular_arm_description' for CMake config files
[5.640s] Level 1:colcon.colcon_core.shell:create_environment_hook('modular_arm_description', 'cmake_prefix_path')
[5.641s] INFO:colcon.colcon_core.shell:Creating environment hook '/home/shreeshinator/AI_Challenge_Robotic_Arm/install/modular_arm_description/share/modular_arm_description/hook/cmake_prefix_path.ps1'
[5.643s] INFO:colcon.colcon_core.shell:Creating environment descriptor '/home/shreeshinator/AI_Challenge_Robotic_Arm/install/modular_arm_description/share/modular_arm_description/hook/cmake_prefix_path.dsv'
[5.644s] INFO:colcon.colcon_core.shell:Creating environment hook '/home/shreeshinator/AI_Challenge_Robotic_Arm/install/modular_arm_description/share/modular_arm_description/hook/cmake_prefix_path.sh'
[5.646s] Level 1:colcon.colcon_core.environment:checking '/home/shreeshinator/AI_Challenge_Robotic_Arm/install/modular_arm_description/bin'
[5.646s] Level 1:colcon.colcon_core.environment:checking '/home/shreeshinator/AI_Challenge_Robotic_Arm/install/modular_arm_description/lib/pkgconfig/modular_arm_description.pc'
[5.647s] Level 1:colcon.colcon_core.environment:checking '/home/shreeshinator/AI_Challenge_Robotic_Arm/install/modular_arm_description/lib/python3.12/site-packages'
[5.647s] Level 1:colcon.colcon_core.environment:checking '/home/shreeshinator/AI_Challenge_Robotic_Arm/install/modular_arm_description/bin'
[5.647s] INFO:colcon.colcon_core.shell:Creating package script '/home/shreeshinator/AI_Challenge_Robotic_Arm/install/modular_arm_description/share/modular_arm_description/package.ps1'
[5.650s] INFO:colcon.colcon_core.shell:Creating package descriptor '/home/shreeshinator/AI_Challenge_Robotic_Arm/install/modular_arm_description/share/modular_arm_description/package.dsv'
[5.651s] INFO:colcon.colcon_core.shell:Creating package script '/home/shreeshinator/AI_Challenge_Robotic_Arm/install/modular_arm_description/share/modular_arm_description/package.sh'
[5.653s] INFO:colcon.colcon_core.shell:Creating package script '/home/shreeshinator/AI_Challenge_Robotic_Arm/install/modular_arm_description/share/modular_arm_description/package.bash'
[5.655s] INFO:colcon.colcon_core.shell:Creating package script '/home/shreeshinator/AI_Challenge_Robotic_Arm/install/modular_arm_description/share/modular_arm_description/package.zsh'
[5.656s] Level 1:colcon.colcon_core.environment:create_file_with_runtime_dependencies(/home/shreeshinator/AI_Challenge_Robotic_Arm/install/modular_arm_description/share/colcon-core/packages/modular_arm_description)
[5.657s] Level 1:colcon.colcon_core.environment:create_environment_scripts_only(modular_arm_description)
[5.658s] Level 1:colcon.colcon_core.environment:checking '/home/shreeshinator/AI_Challenge_Robotic_Arm/install/modular_arm_description' for CMake module files
[5.658s] Level 1:colcon.colcon_core.environment:checking '/home/shreeshinator/AI_Challenge_Robotic_Arm/install/modular_arm_description' for CMake config files
[5.659s] Level 1:colcon.colcon_core.shell:create_environment_hook('modular_arm_description', 'cmake_prefix_path')
[5.659s] INFO:colcon.colcon_core.shell:Creating environment hook '/home/shreeshinator/AI_Challenge_Robotic_Arm/install/modular_arm_description/share/modular_arm_description/hook/cmake_prefix_path.ps1'
[5.659s] INFO:colcon.colcon_core.shell:Creating environment descriptor '/home/shreeshinator/AI_Challenge_Robotic_Arm/install/modular_arm_description/share/modular_arm_description/hook/cmake_prefix_path.dsv'
[5.660s] INFO:colcon.colcon_core.shell:Creating environment hook '/home/shreeshinator/AI_Challenge_Robotic_Arm/install/modular_arm_description/share/modular_arm_description/hook/cmake_prefix_path.sh'
[5.660s] Level 1:colcon.colcon_core.environment:checking '/home/shreeshinator/AI_Challenge_Robotic_Arm/install/modular_arm_description/bin'
[5.660s] Level 1:colcon.colcon_core.environment:checking '/home/shreeshinator/AI_Challenge_Robotic_Arm/install/modular_arm_description/lib/pkgconfig/modular_arm_description.pc'
[5.661s] Level 1:colcon.colcon_core.environment:checking '/home/shreeshinator/AI_Challenge_Robotic_Arm/install/modular_arm_description/lib/python3.12/site-packages'
[5.661s] Level 1:colcon.colcon_core.environment:checking '/home/shreeshinator/AI_Challenge_Robotic_Arm/install/modular_arm_description/bin'
[5.661s] INFO:colcon.colcon_core.shell:Creating package script '/home/shreeshinator/AI_Challenge_Robotic_Arm/install/modular_arm_description/share/modular_arm_description/package.ps1'
[5.663s] INFO:colcon.colcon_core.shell:Creating package descriptor '/home/shreeshinator/AI_Challenge_Robotic_Arm/install/modular_arm_description/share/modular_arm_description/package.dsv'
[5.664s] INFO:colcon.colcon_core.shell:Creating package script '/home/shreeshinator/AI_Challenge_Robotic_Arm/install/modular_arm_description/share/modular_arm_description/package.sh'
[5.665s] INFO:colcon.colcon_core.shell:Creating package script '/home/shreeshinator/AI_Challenge_Robotic_Arm/install/modular_arm_description/share/modular_arm_description/package.bash'
[5.666s] INFO:colcon.colcon_core.shell:Creating package script '/home/shreeshinator/AI_Challenge_Robotic_Arm/install/modular_arm_description/share/modular_arm_description/package.zsh'
[5.667s] Level 1:colcon.colcon_core.environment:create_file_with_runtime_dependencies(/home/shreeshinator/AI_Challenge_Robotic_Arm/install/modular_arm_description/share/colcon-core/packages/modular_arm_description)
[10.596s] DEBUG:colcon.colcon_core.event_handler.log_command:Invoked command in '/home/shreeshinator/AI_Challenge_Robotic_Arm/build/modular_arm_interfaces' returned '0': CMAKE_PREFIX_PATH=${CMAKE_PREFIX_PATH}:/opt/ros/jazzy /usr/bin/cmake /home/shreeshinator/AI_Challenge_Robotic_Arm/src/modular_arm_interfaces -DCMAKE_INSTALL_PREFIX=/home/shreeshinator/AI_Challenge_Robotic_Arm/install/modular_arm_interfaces
[10.597s] DEBUG:colcon.colcon_core.event_handler.log_command:Invoking command in '/home/shreeshinator/AI_Challenge_Robotic_Arm/build/modular_arm_interfaces': CMAKE_PREFIX_PATH=${CMAKE_PREFIX_PATH}:/opt/ros/jazzy /usr/bin/cmake --build /home/shreeshinator/AI_Challenge_Robotic_Arm/build/modular_arm_interfaces -- -j12 -l12
[17.280s] DEBUG:colcon.colcon_core.event_handler.log_command:Invoked command in '/home/shreeshinator/AI_Challenge_Robotic_Arm/build/modular_arm_interfaces' returned '0': CMAKE_PREFIX_PATH=${CMAKE_PREFIX_PATH}:/opt/ros/jazzy /usr/bin/cmake --build /home/shreeshinator/AI_Challenge_Robotic_Arm/build/modular_arm_interfaces -- -j12 -l12
[17.283s] DEBUG:colcon.colcon_core.event_handler.log_command:Invoking command in '/home/shreeshinator/AI_Challenge_Robotic_Arm/build/modular_arm_interfaces': CMAKE_PREFIX_PATH=${CMAKE_PREFIX_PATH}:/opt/ros/jazzy /usr/bin/cmake --install /home/shreeshinator/AI_Challenge_Robotic_Arm/build/modular_arm_interfaces
[17.417s] Level 1:colcon.colcon_core.environment:create_environment_scripts_only(modular_arm_interfaces)
[17.418s] Level 1:colcon.colcon_core.environment:checking '/home/shreeshinator/AI_Challenge_Robotic_Arm/install/modular_arm_interfaces' for CMake module files
[17.418s] DEBUG:colcon.colcon_core.event_handler.log_command:Invoked command in '/home/shreeshinator/AI_Challenge_Robotic_Arm/build/modular_arm_interfaces' returned '0': CMAKE_PREFIX_PATH=${CMAKE_PREFIX_PATH}:/opt/ros/jazzy /usr/bin/cmake --install /home/shreeshinator/AI_Challenge_Robotic_Arm/build/modular_arm_interfaces
[17.419s] Level 1:colcon.colcon_core.environment:checking '/home/shreeshinator/AI_Challenge_Robotic_Arm/install/modular_arm_interfaces' for CMake config files
[17.419s] Level 1:colcon.colcon_core.shell:create_environment_hook('modular_arm_interfaces', 'cmake_prefix_path')
[17.419s] INFO:colcon.colcon_core.shell:Creating environment hook '/home/shreeshinator/AI_Challenge_Robotic_Arm/install/modular_arm_interfaces/share/modular_arm_interfaces/hook/cmake_prefix_path.ps1'
[17.420s] INFO:colcon.colcon_core.shell:Creating environment descriptor '/home/shreeshinator/AI_Challenge_Robotic_Arm/install/modular_arm_interfaces/share/modular_arm_interfaces/hook/cmake_prefix_path.dsv'
[17.420s] INFO:colcon.colcon_core.shell:Creating environment hook '/home/shreeshinator/AI_Challenge_Robotic_Arm/install/modular_arm_interfaces/share/modular_arm_interfaces/hook/cmake_prefix_path.sh'
[17.421s] Level 1:colcon.colcon_core.environment:checking '/home/shreeshinator/AI_Challenge_Robotic_Arm/install/modular_arm_interfaces/lib'
[17.421s] Level 1:colcon.colcon_core.shell:create_environment_hook('modular_arm_interfaces', 'ld_library_path_lib')
[17.421s] INFO:colcon.colcon_core.shell:Creating environment hook '/home/shreeshinator/AI_Challenge_Robotic_Arm/install/modular_arm_interfaces/share/modular_arm_interfaces/hook/ld_library_path_lib.ps1'
[17.422s] INFO:colcon.colcon_core.shell:Creating environment descriptor '/home/shreeshinator/AI_Challenge_Robotic_Arm/install/modular_arm_interfaces/share/modular_arm_interfaces/hook/ld_library_path_lib.dsv'
[17.422s] INFO:colcon.colcon_core.shell:Creating environment hook '/home/shreeshinator/AI_Challenge_Robotic_Arm/install/modular_arm_interfaces/share/modular_arm_interfaces/hook/ld_library_path_lib.sh'
[17.423s] Level 1:colcon.colcon_core.environment:checking '/home/shreeshinator/AI_Challenge_Robotic_Arm/install/modular_arm_interfaces/bin'
[17.423s] Level 1:colcon.colcon_core.environment:checking '/home/shreeshinator/AI_Challenge_Robotic_Arm/install/modular_arm_interfaces/lib/pkgconfig/modular_arm_interfaces.pc'
[17.423s] Level 1:colcon.colcon_core.environment:checking '/home/shreeshinator/AI_Challenge_Robotic_Arm/install/modular_arm_interfaces/lib/python3.12/site-packages'
[17.423s] Level 1:colcon.colcon_core.shell:create_environment_hook('modular_arm_interfaces', 'pythonpath')
[17.423s] INFO:colcon.colcon_core.shell:Creating environment hook '/home/shreeshinator/AI_Challenge_Robotic_Arm/install/modular_arm_interfaces/share/modular_arm_interfaces/hook/pythonpath.ps1'
[17.424s] INFO:colcon.colcon_core.shell:Creating environment descriptor '/home/shreeshinator/AI_Challenge_Robotic_Arm/install/modular_arm_interfaces/share/modular_arm_interfaces/hook/pythonpath.dsv'
[17.424s] INFO:colcon.colcon_core.shell:Creating environment hook '/home/shreeshinator/AI_Challenge_Robotic_Arm/install/modular_arm_interfaces/share/modular_arm_interfaces/hook/pythonpath.sh'
[17.425s] Level 1:colcon.colcon_core.environment:checking '/home/shreeshinator/AI_Challenge_Robotic_Arm/install/modular_arm_interfaces/bin'
[17.425s] INFO:colcon.colcon_core.shell:Creating package script '/home/shreeshinator/AI_Challenge_Robotic_Arm/install/modular_arm_interfaces/share/modular_arm_interfaces/package.ps1'
[17.426s] INFO:colcon.colcon_core.shell:Creating package descriptor '/home/shreeshinator/AI_Challenge_Robotic_Arm/install/modular_arm_interfaces/share/modular_arm_interfaces/package.dsv'
[17.426s] INFO:colcon.colcon_core.shell:Creating package script '/home/shreeshinator/AI_Challenge_Robotic_Arm/install/modular_arm_interfaces/share/modular_arm_interfaces/package.sh'
[17.427s] INFO:colcon.colcon_core.shell:Creating package script '/home/shreeshinator/AI_Challenge_Robotic_Arm/install/modular_arm_interfaces/share/modular_arm_interfaces/package.bash'
[17.427s] INFO:colcon.colcon_core.shell:Creating package script '/home/shreeshinator/AI_Challenge_Robotic_Arm/install/modular_arm_interfaces/share/modular_arm_interfaces/package.zsh'
[17.427s] Level 1:colcon.colcon_core.environment:create_file_with_runtime_dependencies(/home/shreeshinator/AI_Challenge_Robotic_Arm/install/modular_arm_interfaces/share/colcon-core/packages/modular_arm_interfaces)
[17.428s] Level 1:colcon.colcon_core.environment:create_environment_scripts_only(modular_arm_interfaces)
[17.428s] Level 1:colcon.colcon_core.environment:checking '/home/shreeshinator/AI_Challenge_Robotic_Arm/install/modular_arm_interfaces' for CMake module files
[17.429s] Level 1:colcon.colcon_core.environment:checking '/home/shreeshinator/AI_Challenge_Robotic_Arm/install/modular_arm_interfaces' for CMake config files
[17.429s] Level 1:colcon.colcon_core.shell:create_environment_hook('modular_arm_interfaces', 'cmake_prefix_path')
[17.430s] INFO:colcon.colcon_core.shell:Creating environment hook '/home/shreeshinator/AI_Challenge_Robotic_Arm/install/modular_arm_interfaces/share/modular_arm_interfaces/hook/cmake_prefix_path.ps1'
[17.430s] INFO:colcon.colcon_core.shell:Creating environment descriptor '/home/shreeshinator/AI_Challenge_Robotic_Arm/install/modular_arm_interfaces/share/modular_arm_interfaces/hook/cmake_prefix_path.dsv'
[17.431s] INFO:colcon.colcon_core.shell:Creating environment hook '/home/shreeshinator/AI_Challenge_Robotic_Arm/install/modular_arm_interfaces/share/modular_arm_interfaces/hook/cmake_prefix_path.sh'
[17.432s] Level 1:colcon.colcon_core.environment:checking '/home/shreeshinator/AI_Challenge_Robotic_Arm/install/modular_arm_interfaces/lib'
[17.432s] Level 1:colcon.colcon_core.shell:create_environment_hook('modular_arm_interfaces', 'ld_library_path_lib')
[17.432s] INFO:colcon.colcon_core.shell:Creating environment hook '/home/shreeshinator/AI_Challenge_Robotic_Arm/install/modular_arm_interfaces/share/modular_arm_interfaces/hook/ld_library_path_lib.ps1'
[17.433s] INFO:colcon.colcon_core.shell:Creating environment descriptor '/home/shreeshinator/AI_Challenge_Robotic_Arm/install/modular_arm_interfaces/share/modular_arm_interfaces/hook/ld_library_path_lib.dsv'
[17.433s] INFO:colcon.colcon_core.shell:Creating environment hook '/home/shreeshinator/AI_Challenge_Robotic_Arm/install/modular_arm_interfaces/share/modular_arm_interfaces/hook/ld_library_path_lib.sh'
[17.434s] Level 1:colcon.colcon_core.environment:checking '/home/shreeshinator/AI_Challenge_Robotic_Arm/install/modular_arm_interfaces/bin'
[17.434s] Level 1:colcon.colcon_core.environment:checking '/home/shreeshinator/AI_Challenge_Robotic_Arm/install/modular_arm_interfaces/lib/pkgconfig/modular_arm_interfaces.pc'
[17.434s] Level 1:colcon.colcon_core.environment:checking '/home/shreeshinator/AI_Challenge_Robotic_Arm/install/modular_arm_interfaces/lib/python3.12/site-packages'
[17.435s] Level 1:colcon.colcon_core.shell:create_environment_hook('modular_arm_interfaces', 'pythonpath')
[17.435s] INFO:colcon.colcon_core.shell:Creating environment hook '/home/shreeshinator/AI_Challenge_Robotic_Arm/install/modular_arm_interfaces/share/modular_arm_interfaces/hook/pythonpath.ps1'
[17.436s] INFO:colcon.colcon_core.shell:Creating environment descriptor '/home/shreeshinator/AI_Challenge_Robotic_Arm/install/modular_arm_interfaces/share/modular_arm_interfaces/hook/pythonpath.dsv'
[17.436s] INFO:colcon.colcon_core.shell:Creating environment hook '/home/shreeshinator/AI_Challenge_Robotic_Arm/install/modular_arm_interfaces/share/modular_arm_interfaces/hook/pythonpath.sh'
[17.437s] Level 1:colcon.colcon_core.environment:checking '/home/shreeshinator/AI_Challenge_Robotic_Arm/install/modular_arm_interfaces/bin'
[17.437s] INFO:colcon.colcon_core.shell:Creating package script '/home/shreeshinator/AI_Challenge_Robotic_Arm/install/modular_arm_interfaces/share/modular_arm_interfaces/package.ps1'
[17.438s] INFO:colcon.colcon_core.shell:Creating package descriptor '/home/shreeshinator/AI_Challenge_Robotic_Arm/install/modular_arm_interfaces/share/modular_arm_interfaces/package.dsv'
[17.439s] INFO:colcon.colcon_core.shell:Creating package script '/home/shreeshinator/AI_Challenge_Robotic_Arm/install/modular_arm_interfaces/share/modular_arm_interfaces/package.sh'
[17.439s] INFO:colcon.colcon_core.shell:Creating package script '/home/shreeshinator/AI_Challenge_Robotic_Arm/install/modular_arm_interfaces/share/modular_arm_interfaces/package.bash'
[17.440s] INFO:colcon.colcon_core.shell:Creating package script '/home/shreeshinator/AI_Challenge_Robotic_Arm/install/modular_arm_interfaces/share/modular_arm_interfaces/package.zsh'
[17.440s] Level 1:colcon.colcon_core.environment:create_file_with_runtime_dependencies(/home/shreeshinator/AI_Challenge_Robotic_Arm/install/modular_arm_interfaces/share/colcon-core/packages/modular_arm_interfaces)
[17.441s] INFO:colcon.colcon_ros.task.ament_python.build:Building ROS package in '/home/shreeshinator/AI_Challenge_Robotic_Arm/src/modular_arm_kinematics' with build type 'ament_python'
[17.441s] Level 1:colcon.colcon_core.shell:create_environment_hook('modular_arm_kinematics', 'ament_prefix_path')
[17.441s] INFO:colcon.colcon_core.shell:Creating environment hook '/home/shreeshinator/AI_Challenge_Robotic_Arm/install/modular_arm_kinematics/share/modular_arm_kinematics/hook/ament_prefix_path.ps1'
[17.444s] INFO:colcon.colcon_core.shell:Creating environment descriptor '/home/shreeshinator/AI_Challenge_Robotic_Arm/install/modular_arm_kinematics/share/modular_arm_kinematics/hook/ament_prefix_path.dsv'
[17.445s] INFO:colcon.colcon_core.shell:Creating environment hook '/home/shreeshinator/AI_Challenge_Robotic_Arm/install/modular_arm_kinematics/share/modular_arm_kinematics/hook/ament_prefix_path.sh'
[17.445s] INFO:colcon.colcon_core.shell:Skip shell extension 'powershell' for command environment: Not usable outside of PowerShell
[17.445s] DEBUG:colcon.colcon_core.shell:Skip shell extension 'dsv' for command environment
[18.352s] INFO:colcon.colcon_core.task.python.build:Building Python package in '/home/shreeshinator/AI_Challenge_Robotic_Arm/src/modular_arm_kinematics'
[18.353s] INFO:colcon.colcon_core.shell:Skip shell extension 'powershell' for command environment: Not usable outside of PowerShell
[18.353s] DEBUG:colcon.colcon_core.shell:Skip shell extension 'dsv' for command environment
[20.422s] DEBUG:colcon.colcon_core.task.python.build:Available setuptools commands: saveopts, install_lib, alias, build_clib, clean, bdist_rpm, upload, setopt, rotate, easy_install, update_catalog, install_data, test, bdist_dumb, install_headers, bdist, install, install_scripts, install_egg_info, egg_info, editable_wheel, register, sdist, symlink_data, build_ext, build_py, build_scripts, check, init_catalog, compile_catalog, develop, dist_info, bdist_egg, extract_messages, build, upload_docs
[20.427s] DEBUG:colcon.colcon_core.event_handler.log_command:Invoking command in '/home/shreeshinator/AI_Challenge_Robotic_Arm/src/modular_arm_kinematics': AMENT_PREFIX_PATH=/home/shreeshinator/AI_Challenge_Robotic_Arm/install/modular_arm_interfaces:${AMENT_PREFIX_PATH} CMAKE_PREFIX_PATH=/home/shreeshinator/AI_Challenge_Robotic_Arm/install/modular_arm_interfaces:${CMAKE_PREFIX_PATH} LD_LIBRARY_PATH=/home/shreeshinator/AI_Challenge_Robotic_Arm/install/modular_arm_interfaces/lib:${LD_LIBRARY_PATH} PYTHONPATH=/home/shreeshinator/AI_Challenge_Robotic_Arm/build/modular_arm_kinematics/prefix_override:/usr/lib/python3/dist-packages/colcon_core/task/python/colcon_distutils_commands:/home/shreeshinator/AI_Challenge_Robotic_Arm/install/modular_arm_kinematics/lib/python3.12/site-packages:/home/shreeshinator/AI_Challenge_Robotic_Arm/install/modular_arm_interfaces/lib/python3.12/site-packages:${PYTHONPATH} /usr/bin/python3 -W ignore:setup.py install is deprecated -W ignore:easy_install command is deprecated setup.py egg_info --egg-base ../../build/modular_arm_kinematics build --build-base /home/shreeshinator/AI_Challenge_Robotic_Arm/build/modular_arm_kinematics/build install --record /home/shreeshinator/AI_Challenge_Robotic_Arm/build/modular_arm_kinematics/install.log --install-scripts $base/lib/modular_arm_kinematics --single-version-externally-managed install_data
[21.303s] Level 1:colcon.colcon_core.environment:checking '/home/shreeshinator/AI_Challenge_Robotic_Arm/install/modular_arm_kinematics' for CMake module files
[21.304s] DEBUG:colcon.colcon_core.event_handler.log_command:Invoked command in '/home/shreeshinator/AI_Challenge_Robotic_Arm/src/modular_arm_kinematics' returned '0': AMENT_PREFIX_PATH=/home/shreeshinator/AI_Challenge_Robotic_Arm/install/modular_arm_interfaces:${AMENT_PREFIX_PATH} CMAKE_PREFIX_PATH=/home/shreeshinator/AI_Challenge_Robotic_Arm/install/modular_arm_interfaces:${CMAKE_PREFIX_PATH} LD_LIBRARY_PATH=/home/shreeshinator/AI_Challenge_Robotic_Arm/install/modular_arm_interfaces/lib:${LD_LIBRARY_PATH} PYTHONPATH=/home/shreeshinator/AI_Challenge_Robotic_Arm/build/modular_arm_kinematics/prefix_override:/usr/lib/python3/dist-packages/colcon_core/task/python/colcon_distutils_commands:/home/shreeshinator/AI_Challenge_Robotic_Arm/install/modular_arm_kinematics/lib/python3.12/site-packages:/home/shreeshinator/AI_Challenge_Robotic_Arm/install/modular_arm_interfaces/lib/python3.12/site-packages:${PYTHONPATH} /usr/bin/python3 -W ignore:setup.py install is deprecated -W ignore:easy_install command is deprecated setup.py egg_info --egg-base ../../build/modular_arm_kinematics build --build-base /home/shreeshinator/AI_Challenge_Robotic_Arm/build/modular_arm_kinematics/build install --record /home/shreeshinator/AI_Challenge_Robotic_Arm/build/modular_arm_kinematics/install.log --install-scripts $base/lib/modular_arm_kinematics --single-version-externally-managed install_data
[21.306s] Level 1:colcon.colcon_core.environment:checking '/home/shreeshinator/AI_Challenge_Robotic_Arm/install/modular_arm_kinematics' for CMake config files
[21.307s] Level 1:colcon.colcon_core.environment:checking '/home/shreeshinator/AI_Challenge_Robotic_Arm/install/modular_arm_kinematics/lib'
[21.307s] Level 1:colcon.colcon_core.environment:checking '/home/shreeshinator/AI_Challenge_Robotic_Arm/install/modular_arm_kinematics/bin'
[21.308s] Level 1:colcon.colcon_core.environment:checking '/home/shreeshinator/AI_Challenge_Robotic_Arm/install/modular_arm_kinematics/lib/pkgconfig/modular_arm_kinematics.pc'
[21.308s] Level 1:colcon.colcon_core.environment:checking '/home/shreeshinator/AI_Challenge_Robotic_Arm/install/modular_arm_kinematics/lib/python3.12/site-packages'
[21.308s] Level 1:colcon.colcon_core.shell:create_environment_hook('modular_arm_kinematics', 'pythonpath')
[21.309s] INFO:colcon.colcon_core.shell:Creating environment hook '/home/shreeshinator/AI_Challenge_Robotic_Arm/install/modular_arm_kinematics/share/modular_arm_kinematics/hook/pythonpath.ps1'
[21.310s] INFO:colcon.colcon_core.shell:Creating environment descriptor '/home/shreeshinator/AI_Challenge_Robotic_Arm/install/modular_arm_kinematics/share/modular_arm_kinematics/hook/pythonpath.dsv'
[21.311s] INFO:colcon.colcon_core.shell:Creating environment hook '/home/shreeshinator/AI_Challenge_Robotic_Arm/install/modular_arm_kinematics/share/modular_arm_kinematics/hook/pythonpath.sh'
[21.312s] Level 1:colcon.colcon_core.environment:checking '/home/shreeshinator/AI_Challenge_Robotic_Arm/install/modular_arm_kinematics/bin'
[21.312s] Level 1:colcon.colcon_core.environment:create_environment_scripts_only(modular_arm_kinematics)
[21.312s] INFO:colcon.colcon_core.shell:Creating package script '/home/shreeshinator/AI_Challenge_Robotic_Arm/install/modular_arm_kinematics/share/modular_arm_kinematics/package.ps1'
[21.313s] INFO:colcon.colcon_core.shell:Creating package descriptor '/home/shreeshinator/AI_Challenge_Robotic_Arm/install/modular_arm_kinematics/share/modular_arm_kinematics/package.dsv'
[21.314s] INFO:colcon.colcon_core.shell:Creating package script '/home/shreeshinator/AI_Challenge_Robotic_Arm/install/modular_arm_kinematics/share/modular_arm_kinematics/package.sh'
[21.315s] INFO:colcon.colcon_core.shell:Creating package script '/home/shreeshinator/AI_Challenge_Robotic_Arm/install/modular_arm_kinematics/share/modular_arm_kinematics/package.bash'
[21.315s] INFO:colcon.colcon_core.shell:Creating package script '/home/shreeshinator/AI_Challenge_Robotic_Arm/install/modular_arm_kinematics/share/modular_arm_kinematics/package.zsh'
[21.316s] Level 1:colcon.colcon_core.environment:create_file_with_runtime_dependencies(/home/shreeshinator/AI_Challenge_Robotic_Arm/install/modular_arm_kinematics/share/colcon-core/packages/modular_arm_kinematics)
[21.317s] INFO:colcon.colcon_ros.task.ament_cmake.build:Building ROS package in '/home/shreeshinator/AI_Challenge_Robotic_Arm/src/modular_arm_bringup' with build type 'ament_cmake'
[21.317s] INFO:colcon.colcon_cmake.task.cmake.build:Building CMake package in '/home/shreeshinator/AI_Challenge_Robotic_Arm/src/modular_arm_bringup'
[21.317s] INFO:colcon.colcon_core.shell:Skip shell extension 'powershell' for command environment: Not usable outside of PowerShell
[21.317s] DEBUG:colcon.colcon_core.shell:Skip shell extension 'dsv' for command environment
[22.324s] DEBUG:colcon.colcon_core.event_handler.log_command:Invoking command in '/home/shreeshinator/AI_Challenge_Robotic_Arm/build/modular_arm_bringup': AMENT_PREFIX_PATH=/home/shreeshinator/AI_Challenge_Robotic_Arm/install/modular_arm_kinematics:/home/shreeshinator/AI_Challenge_Robotic_Arm/install/modular_arm_interfaces:/home/shreeshinator/AI_Challenge_Robotic_Arm/install/modular_arm_description:${AMENT_PREFIX_PATH} CMAKE_PREFIX_PATH=/home/shreeshinator/AI_Challenge_Robotic_Arm/install/modular_arm_interfaces:/home/shreeshinator/AI_Challenge_Robotic_Arm/install/modular_arm_description:/opt/ros/jazzy/opt/gz_sim_vendor:/opt/ros/jazzy/opt/gz_sensors_vendor:/opt/ros/jazzy/opt/gz_physics_vendor:/opt/ros/jazzy/opt/sdformat_vendor:/opt/ros/jazzy/opt/gz_gui_vendor:/opt/ros/jazzy/opt/gz_transport_vendor:/opt/ros/jazzy/opt/gz_rendering_vendor:/opt/ros/jazzy/opt/gz_plugin_vendor:/opt/ros/jazzy/opt/gz_fuel_tools_vendor:/opt/ros/jazzy/opt/gz_msgs_vendor:/opt/ros/jazzy/opt/gz_common_vendor:/opt/ros/jazzy/opt/gz_math_vendor:/opt/ros/jazzy/opt/gz_utils_vendor:/opt/ros/jazzy/opt/gz_tools_vendor:/opt/ros/jazzy/opt/gz_ogre_next_vendor:/opt/ros/jazzy/opt/gz_dartsim_vendor:/opt/ros/jazzy/opt/gz_cmake_vendor:/opt/ros/jazzy LD_LIBRARY_PATH=/home/shreeshinator/AI_Challenge_Robotic_Arm/install/modular_arm_interfaces/lib:${LD_LIBRARY_PATH} PYTHONPATH=/home/shreeshinator/AI_Challenge_Robotic_Arm/install/modular_arm_kinematics/lib/python3.12/site-packages:/home/shreeshinator/AI_Challenge_Robotic_Arm/install/modular_arm_interfaces/lib/python3.12/site-packages:${PYTHONPATH} /usr/bin/cmake /home/shreeshinator/AI_Challenge_Robotic_Arm/src/modular_arm_bringup -DCMAKE_INSTALL_PREFIX=/home/shreeshinator/AI_Challenge_Robotic_Arm/install/modular_arm_bringup
[28.331s] DEBUG:colcon.colcon_core.event_handler.log_command:Invoked command in '/home/shreeshinator/AI_Challenge_Robotic_Arm/build/modular_arm_bringup' returned '0': AMENT_PREFIX_PATH=/home/shreeshinator/AI_Challenge_Robotic_Arm/install/modular_arm_kinematics:/home/shreeshinator/AI_Challenge_Robotic_Arm/install/modular_arm_interfaces:/home/shreeshinator/AI_Challenge_Robotic_Arm/install/modular_arm_description:${AMENT_PREFIX_PATH} CMAKE_PREFIX_PATH=/home/shreeshinator/AI_Challenge_Robotic_Arm/install/modular_arm_interfaces:/home/shreeshinator/AI_Challenge_Robotic_Arm/install/modular_arm_description:/opt/ros/jazzy/opt/gz_sim_vendor:/opt/ros/jazzy/opt/gz_sensors_vendor:/opt/ros/jazzy/opt/gz_physics_vendor:/opt/ros/jazzy/opt/sdformat_vendor:/opt/ros/jazzy/opt/gz_gui_vendor:/opt/ros/jazzy/opt/gz_transport_vendor:/opt/ros/jazzy/opt/gz_rendering_vendor:/opt/ros/jazzy/opt/gz_plugin_vendor:/opt/ros/jazzy/opt/gz_fuel_tools_vendor:/opt/ros/jazzy/opt/gz_msgs_vendor:/opt/ros/jazzy/opt/gz_common_vendor:/opt/ros/jazzy/opt/gz_math_vendor:/opt/ros/jazzy/opt/gz_utils_vendor:/opt/ros/jazzy/opt/gz_tools_vendor:/opt/ros/jazzy/opt/gz_ogre_next_vendor:/opt/ros/jazzy/opt/gz_dartsim_vendor:/opt/ros/jazzy/opt/gz_cmake_vendor:/opt/ros/jazzy LD_LIBRARY_PATH=/home/shreeshinator/AI_Challenge_Robotic_Arm/install/modular_arm_interfaces/lib:${LD_LIBRARY_PATH} PYTHONPATH=/home/shreeshinator/AI_Challenge_Robotic_Arm/install/modular_arm_kinematics/lib/python3.12/site-packages:/home/shreeshinator/AI_Challenge_Robotic_Arm/install/modular_arm_interfaces/lib/python3.12/site-packages:${PYTHONPATH} /usr/bin/cmake /home/shreeshinator/AI_Challenge_Robotic_Arm/src/modular_arm_bringup -DCMAKE_INSTALL_PREFIX=/home/shreeshinator/AI_Challenge_Robotic_Arm/install/modular_arm_bringup
[28.334s] DEBUG:colcon.colcon_core.event_handler.log_command:Invoking command in '/home/shreeshinator/AI_Challenge_Robotic_Arm/build/modular_arm_bringup': AMENT_PREFIX_PATH=/home/shreeshinator/AI_Challenge_Robotic_Arm/install/modular_arm_kinematics:/home/shreeshinator/AI_Challenge_Robotic_Arm/install/modular_arm_interfaces:/home/shreeshinator/AI_Challenge_Robotic_Arm/install/modular_arm_description:${AMENT_PREFIX_PATH} CMAKE_PREFIX_PATH=/home/shreeshinator/AI_Challenge_Robotic_Arm/install/modular_arm_interfaces:/home/shreeshinator/AI_Challenge_Robotic_Arm/install/modular_arm_description:/opt/ros/jazzy/opt/gz_sim_vendor:/opt/ros/jazzy/opt/gz_sensors_vendor:/opt/ros/jazzy/opt/gz_physics_vendor:/opt/ros/jazzy/opt/sdformat_vendor:/opt/ros/jazzy/opt/gz_gui_vendor:/opt/ros/jazzy/opt/gz_transport_vendor:/opt/ros/jazzy/opt/gz_rendering_vendor:/opt/ros/jazzy/opt/gz_plugin_vendor:/opt/ros/jazzy/opt/gz_fuel_tools_vendor:/opt/ros/jazzy/opt/gz_msgs_vendor:/opt/ros/jazzy/opt/gz_common_vendor:/opt/ros/jazzy/opt/gz_math_vendor:/opt/ros/jazzy/opt/gz_utils_vendor:/opt/ros/jazzy/opt/gz_tools_vendor:/opt/ros/jazzy/opt/gz_ogre_next_vendor:/opt/ros/jazzy/opt/gz_dartsim_vendor:/opt/ros/jazzy/opt/gz_cmake_vendor:/opt/ros/jazzy LD_LIBRARY_PATH=/home/shreeshinator/AI_Challenge_Robotic_Arm/install/modular_arm_interfaces/lib:${LD_LIBRARY_PATH} PYTHONPATH=/home/shreeshinator/AI_Challenge_Robotic_Arm/install/modular_arm_kinematics/lib/python3.12/site-packages:/home/shreeshinator/AI_Challenge_Robotic_Arm/install/modular_arm_interfaces/lib/python3.12/site-packages:${PYTHONPATH} /usr/bin/cmake --build /home/shreeshinator/AI_Challenge_Robotic_Arm/build/modular_arm_bringup -- -j12 -l12
[28.407s] DEBUG:colcon.colcon_core.event_handler.log_command:Invoked command in '/home/shreeshinator/AI_Challenge_Robotic_Arm/build/modular_arm_bringup' returned '0': AMENT_PREFIX_PATH=/home/shreeshinator/AI_Challenge_Robotic_Arm/install/modular_arm_kinematics:/home/shreeshinator/AI_Challenge_Robotic_Arm/install/modular_arm_interfaces:/home/shreeshinator/AI_Challenge_Robotic_Arm/install/modular_arm_description:${AMENT_PREFIX_PATH} CMAKE_PREFIX_PATH=/home/shreeshinator/AI_Challenge_Robotic_Arm/install/modular_arm_interfaces:/home/shreeshinator/AI_Challenge_Robotic_Arm/install/modular_arm_description:/opt/ros/jazzy/opt/gz_sim_vendor:/opt/ros/jazzy/opt/gz_sensors_vendor:/opt/ros/jazzy/opt/gz_physics_vendor:/opt/ros/jazzy/opt/sdformat_vendor:/opt/ros/jazzy/opt/gz_gui_vendor:/opt/ros/jazzy/opt/gz_transport_vendor:/opt/ros/jazzy/opt/gz_rendering_vendor:/opt/ros/jazzy/opt/gz_plugin_vendor:/opt/ros/jazzy/opt/gz_fuel_tools_vendor:/opt/ros/jazzy/opt/gz_msgs_vendor:/opt/ros/jazzy/opt/gz_common_vendor:/opt/ros/jazzy/opt/gz_math_vendor:/opt/ros/jazzy/opt/gz_utils_vendor:/opt/ros/jazzy/opt/gz_tools_vendor:/opt/ros/jazzy/opt/gz_ogre_next_vendor:/opt/ros/jazzy/opt/gz_dartsim_vendor:/opt/ros/jazzy/opt/gz_cmake_vendor:/opt/ros/jazzy LD_LIBRARY_PATH=/home/shreeshinator/AI_Challenge_Robotic_Arm/install/modular_arm_interfaces/lib:${LD_LIBRARY_PATH} PYTHONPATH=/home/shreeshinator/AI_Challenge_Robotic_Arm/install/modular_arm_kinematics/lib/python3.12/site-packages:/home/shreeshinator/AI_Challenge_Robotic_Arm/install/modular_arm_interfaces/lib/python3.12/site-packages:${PYTHONPATH} /usr/bin/cmake --build /home/shreeshinator/AI_Challenge_Robotic_Arm/build/modular_arm_bringup -- -j12 -l12
[28.410s] DEBUG:colcon.colcon_core.event_handler.log_command:Invoking command in '/home/shreeshinator/AI_Challenge_Robotic_Arm/build/modular_arm_bringup': AMENT_PREFIX_PATH=/home/shreeshinator/AI_Challenge_Robotic_Arm/install/modular_arm_kinematics:/home/shreeshinator/AI_Challenge_Robotic_Arm/install/modular_arm_interfaces:/home/shreeshinator/AI_Challenge_Robotic_Arm/install/modular_arm_description:${AMENT_PREFIX_PATH} CMAKE_PREFIX_PATH=/home/shreeshinator/AI_Challenge_Robotic_Arm/install/modular_arm_interfaces:/home/shreeshinator/AI_Challenge_Robotic_Arm/install/modular_arm_description:/opt/ros/jazzy/opt/gz_sim_vendor:/opt/ros/jazzy/opt/gz_sensors_vendor:/opt/ros/jazzy/opt/gz_physics_vendor:/opt/ros/jazzy/opt/sdformat_vendor:/opt/ros/jazzy/opt/gz_gui_vendor:/opt/ros/jazzy/opt/gz_transport_vendor:/opt/ros/jazzy/opt/gz_rendering_vendor:/opt/ros/jazzy/opt/gz_plugin_vendor:/opt/ros/jazzy/opt/gz_fuel_tools_vendor:/opt/ros/jazzy/opt/gz_msgs_vendor:/opt/ros/jazzy/opt/gz_common_vendor:/opt/ros/jazzy/opt/gz_math_vendor:/opt/ros/jazzy/opt/gz_utils_vendor:/opt/ros/jazzy/opt/gz_tools_vendor:/opt/ros/jazzy/opt/gz_ogre_next_vendor:/opt/ros/jazzy/opt/gz_dartsim_vendor:/opt/ros/jazzy/opt/gz_cmake_vendor:/opt/ros/jazzy LD_LIBRARY_PATH=/home/shreeshinator/AI_Challenge_Robotic_Arm/install/modular_arm_interfaces/lib:${LD_LIBRARY_PATH} PYTHONPATH=/home/shreeshinator/AI_Challenge_Robotic_Arm/install/modular_arm_kinematics/lib/python3.12/site-packages:/home/shreeshinator/AI_Challenge_Robotic_Arm/install/modular_arm_interfaces/lib/python3.12/site-packages:${PYTHONPATH} /usr/bin/cmake --install /home/shreeshinator/AI_Challenge_Robotic_Arm/build/modular_arm_bringup
[28.437s] Level 1:colcon.colcon_core.environment:create_environment_scripts_only(modular_arm_bringup)
[28.437s] Level 1:colcon.colcon_core.environment:checking '/home/shreeshinator/AI_Challenge_Robotic_Arm/install/modular_arm_bringup' for CMake module files
[28.438s] DEBUG:colcon.colcon_core.event_handler.log_command:Invoked command in '/home/shreeshinator/AI_Challenge_Robotic_Arm/build/modular_arm_bringup' returned '0': AMENT_PREFIX_PATH=/home/shreeshinator/AI_Challenge_Robotic_Arm/install/modular_arm_kinematics:/home/shreeshinator/AI_Challenge_Robotic_Arm/install/modular_arm_interfaces:/home/shreeshinator/AI_Challenge_Robotic_Arm/install/modular_arm_description:${AMENT_PREFIX_PATH} CMAKE_PREFIX_PATH=/home/shreeshinator/AI_Challenge_Robotic_Arm/install/modular_arm_interfaces:/home/shreeshinator/AI_Challenge_Robotic_Arm/install/modular_arm_description:/opt/ros/jazzy/opt/gz_sim_vendor:/opt/ros/jazzy/opt/gz_sensors_vendor:/opt/ros/jazzy/opt/gz_physics_vendor:/opt/ros/jazzy/opt/sdformat_vendor:/opt/ros/jazzy/opt/gz_gui_vendor:/opt/ros/jazzy/opt/gz_transport_vendor:/opt/ros/jazzy/opt/gz_rendering_vendor:/opt/ros/jazzy/opt/gz_plugin_vendor:/opt/ros/jazzy/opt/gz_fuel_tools_vendor:/opt/ros/jazzy/opt/gz_msgs_vendor:/opt/ros/jazzy/opt/gz_common_vendor:/opt/ros/jazzy/opt/gz_math_vendor:/opt/ros/jazzy/opt/gz_utils_vendor:/opt/ros/jazzy/opt/gz_tools_vendor:/opt/ros/jazzy/opt/gz_ogre_next_vendor:/opt/ros/jazzy/opt/gz_dartsim_vendor:/opt/ros/jazzy/opt/gz_cmake_vendor:/opt/ros/jazzy LD_LIBRARY_PATH=/home/shreeshinator/AI_Challenge_Robotic_Arm/install/modular_arm_interfaces/lib:${LD_LIBRARY_PATH} PYTHONPATH=/home/shreeshinator/AI_Challenge_Robotic_Arm/install/modular_arm_kinematics/lib/python3.12/site-packages:/home/shreeshinator/AI_Challenge_Robotic_Arm/install/modular_arm_interfaces/lib/python3.12/site-packages:${PYTHONPATH} /usr/bin/cmake --install /home/shreeshinator/AI_Challenge_Robotic_Arm/build/modular_arm_bringup
[28.439s] Level 1:colcon.colcon_core.environment:checking '/home/shreeshinator/AI_Challenge_Robotic_Arm/install/modular_arm_bringup' for CMake config files
[28.439s] Level 1:colcon.colcon_core.shell:create_environment_hook('modular_arm_bringup', 'cmake_prefix_path')
[28.439s] INFO:colcon.colcon_core.shell:Creating environment hook '/home/shreeshinator/AI_Challenge_Robotic_Arm/install/modular_arm_bringup/share/modular_arm_bringup/hook/cmake_prefix_path.ps1'
[28.440s] INFO:colcon.colcon_core.shell:Creating environment descriptor '/home/shreeshinator/AI_Challenge_Robotic_Arm/install/modular_arm_bringup/share/modular_arm_bringup/hook/cmake_prefix_path.dsv'
[28.441s] INFO:colcon.colcon_core.shell:Creating environment hook '/home/shreeshinator/AI_Challenge_Robotic_Arm/install/modular_arm_bringup/share/modular_arm_bringup/hook/cmake_prefix_path.sh'
[28.442s] Level 1:colcon.colcon_core.environment:checking '/home/shreeshinator/AI_Challenge_Robotic_Arm/install/modular_arm_bringup/bin'
[28.442s] Level 1:colcon.colcon_core.environment:checking '/home/shreeshinator/AI_Challenge_Robotic_Arm/install/modular_arm_bringup/lib/pkgconfig/modular_arm_bringup.pc'
[28.442s] Level 1:colcon.colcon_core.environment:checking '/home/shreeshinator/AI_Challenge_Robotic_Arm/install/modular_arm_bringup/lib/python3.12/site-packages'
[28.443s] Level 1:colcon.colcon_core.environment:checking '/home/shreeshinator/AI_Challenge_Robotic_Arm/install/modular_arm_bringup/bin'
[28.443s] INFO:colcon.colcon_core.shell:Creating package script '/home/shreeshinator/AI_Challenge_Robotic_Arm/install/modular_arm_bringup/share/modular_arm_bringup/package.ps1'
[28.444s] INFO:colcon.colcon_core.shell:Creating package descriptor '/home/shreeshinator/AI_Challenge_Robotic_Arm/install/modular_arm_bringup/share/modular_arm_bringup/package.dsv'
[28.444s] INFO:colcon.colcon_core.shell:Creating package script '/home/shreeshinator/AI_Challenge_Robotic_Arm/install/modular_arm_bringup/share/modular_arm_bringup/package.sh'
[28.445s] INFO:colcon.colcon_core.shell:Creating package script '/home/shreeshinator/AI_Challenge_Robotic_Arm/install/modular_arm_bringup/share/modular_arm_bringup/package.bash'
[28.445s] INFO:colcon.colcon_core.shell:Creating package script '/home/shreeshinator/AI_Challenge_Robotic_Arm/install/modular_arm_bringup/share/modular_arm_bringup/package.zsh'
[28.446s] Level 1:colcon.colcon_core.environment:create_file_with_runtime_dependencies(/home/shreeshinator/AI_Challenge_Robotic_Arm/install/modular_arm_bringup/share/colcon-core/packages/modular_arm_bringup)
[28.447s] Level 1:colcon.colcon_core.environment:create_environment_scripts_only(modular_arm_bringup)
[28.447s] Level 1:colcon.colcon_core.environment:checking '/home/shreeshinator/AI_Challenge_Robotic_Arm/install/modular_arm_bringup' for CMake module files
[28.448s] Level 1:colcon.colcon_core.environment:checking '/home/shreeshinator/AI_Challenge_Robotic_Arm/install/modular_arm_bringup' for CMake config files
[28.448s] Level 1:colcon.colcon_core.shell:create_environment_hook('modular_arm_bringup', 'cmake_prefix_path')
[28.448s] INFO:colcon.colcon_core.shell:Creating environment hook '/home/shreeshinator/AI_Challenge_Robotic_Arm/install/modular_arm_bringup/share/modular_arm_bringup/hook/cmake_prefix_path.ps1'
[28.449s] INFO:colcon.colcon_core.shell:Creating environment descriptor '/home/shreeshinator/AI_Challenge_Robotic_Arm/install/modular_arm_bringup/share/modular_arm_bringup/hook/cmake_prefix_path.dsv'
[28.450s] INFO:colcon.colcon_core.shell:Creating environment hook '/home/shreeshinator/AI_Challenge_Robotic_Arm/install/modular_arm_bringup/share/modular_arm_bringup/hook/cmake_prefix_path.sh'
[28.451s] Level 1:colcon.colcon_core.environment:checking '/home/shreeshinator/AI_Challenge_Robotic_Arm/install/modular_arm_bringup/bin'
[28.451s] Level 1:colcon.colcon_core.environment:checking '/home/shreeshinator/AI_Challenge_Robotic_Arm/install/modular_arm_bringup/lib/pkgconfig/modular_arm_bringup.pc'
[28.452s] Level 1:colcon.colcon_core.environment:checking '/home/shreeshinator/AI_Challenge_Robotic_Arm/install/modular_arm_bringup/lib/python3.12/site-packages'
[28.452s] Level 1:colcon.colcon_core.environment:checking '/home/shreeshinator/AI_Challenge_Robotic_Arm/install/modular_arm_bringup/bin'
[28.453s] INFO:colcon.colcon_core.shell:Creating package script '/home/shreeshinator/AI_Challenge_Robotic_Arm/install/modular_arm_bringup/share/modular_arm_bringup/package.ps1'
[28.454s] INFO:colcon.colcon_core.shell:Creating package descriptor '/home/shreeshinator/AI_Challenge_Robotic_Arm/install/modular_arm_bringup/share/modular_arm_bringup/package.dsv'
[28.454s] INFO:colcon.colcon_core.shell:Creating package script '/home/shreeshinator/AI_Challenge_Robotic_Arm/install/modular_arm_bringup/share/modular_arm_bringup/package.sh'
[28.455s] INFO:colcon.colcon_core.shell:Creating package script '/home/shreeshinator/AI_Challenge_Robotic_Arm/install/modular_arm_bringup/share/modular_arm_bringup/package.bash'
[28.455s] INFO:colcon.colcon_core.shell:Creating package script '/home/shreeshinator/AI_Challenge_Robotic_Arm/install/modular_arm_bringup/share/modular_arm_bringup/package.zsh'
[28.455s] Level 1:colcon.colcon_core.environment:create_file_with_runtime_dependencies(/home/shreeshinator/AI_Challenge_Robotic_Arm/install/modular_arm_bringup/share/colcon-core/packages/modular_arm_bringup)
[28.456s] DEBUG:colcon.colcon_parallel_executor.executor.parallel:closing loop
[28.456s] DEBUG:colcon.colcon_parallel_executor.executor.parallel:loop closed
[28.456s] DEBUG:colcon.colcon_parallel_executor.executor.parallel:run_until_complete finished with '0'
[28.456s] DEBUG:colcon.colcon_core.event_reactor:joining thread
[28.569s] INFO:colcon.colcon_core.plugin_system:Skipping extension 'colcon_notification.desktop_notification.notify_send': Could not find 'notify-send'
[28.569s] INFO:colcon.colcon_core.plugin_system:Skipping extension 'colcon_notification.desktop_notification.terminal_notifier': Not used on non-Darwin systems
[28.570s] INFO:colcon.colcon_core.plugin_system:Skipping extension 'colcon_notification.desktop_notification.win32': Not used on non-Windows systems
[28.570s] INFO:colcon.colcon_notification.desktop_notification:Sending desktop notification using 'notify2'
[28.572s] DEBUG:colcon.colcon_notification.desktop_notification.notify2:Failed to initialize notify2: org.freedesktop.DBus.Error.ServiceUnknown: The name org.freedesktop.Notifications was not provided by any .service files
[28.572s] DEBUG:colcon.colcon_core.event_reactor:joined thread
[28.572s] INFO:colcon.colcon_core.shell:Creating prefix script '/home/shreeshinator/AI_Challenge_Robotic_Arm/install/local_setup.ps1'
[28.581s] INFO:colcon.colcon_core.shell:Creating prefix util module '/home/shreeshinator/AI_Challenge_Robotic_Arm/install/_local_setup_util_ps1.py'
[28.583s] INFO:colcon.colcon_core.shell:Creating prefix chain script '/home/shreeshinator/AI_Challenge_Robotic_Arm/install/setup.ps1'
[28.584s] INFO:colcon.colcon_core.shell:Creating prefix script '/home/shreeshinator/AI_Challenge_Robotic_Arm/install/local_setup.sh'
[28.585s] INFO:colcon.colcon_core.shell:Creating prefix util module '/home/shreeshinator/AI_Challenge_Robotic_Arm/install/_local_setup_util_sh.py'
[28.586s] INFO:colcon.colcon_core.shell:Creating prefix chain script '/home/shreeshinator/AI_Challenge_Robotic_Arm/install/setup.sh'
[28.588s] INFO:colcon.colcon_core.shell:Creating prefix script '/home/shreeshinator/AI_Challenge_Robotic_Arm/install/local_setup.bash'
[28.589s] INFO:colcon.colcon_core.shell:Creating prefix chain script '/home/shreeshinator/AI_Challenge_Robotic_Arm/install/setup.bash'
[28.591s] INFO:colcon.colcon_core.shell:Creating prefix script '/home/shreeshinator/AI_Challenge_Robotic_Arm/install/local_setup.zsh'
[28.592s] INFO:colcon.colcon_core.shell:Creating prefix chain script '/home/shreeshinator/AI_Challenge_Robotic_Arm/install/setup.zsh'
