[2.192s] Invoking command in '/home/shreeshinator/AI_Challenge_Robotic_Arm/src/modular_arm_kinematics': CMAKE_PREFIX_PATH=/home/shreeshinator/AI_Challenge_Robotic_Arm/install/modular_arm_interfaces:/home/shreeshinator/AI_Challenge_Robotic_Arm/install/modular_arm_bringup:/home/shreeshinator/AI_Challenge_Robotic_Arm/install/modular_arm_description:/opt/ros/jazzy/opt/gz_sim_vendor:/opt/ros/jazzy/opt/gz_sensors_vendor:/opt/ros/jazzy/opt/gz_physics_vendor:/opt/ros/jazzy/opt/sdformat_vendor:/opt/ros/jazzy/opt/gz_gui_vendor:/opt/ros/jazzy/opt/gz_transport_vendor:/opt/ros/jazzy/opt/gz_rendering_vendor:/opt/ros/jazzy/opt/gz_plugin_vendor:/opt/ros/jazzy/opt/gz_fuel_tools_vendor:/opt/ros/jazzy/opt/gz_msgs_vendor:/opt/ros/jazzy/opt/gz_common_vendor:/opt/ros/jazzy/opt/gz_math_vendor:/opt/ros/jazzy/opt/gz_utils_vendor:/opt/ros/jazzy/opt/gz_tools_vendor:/opt/ros/jazzy/opt/gz_ogre_next_vendor:/opt/ros/jazzy/opt/gz_dartsim_vendor:/opt/ros/jazzy/opt/gz_cmake_vendor PYTHONPATH=/home/shreeshinator/AI_Challenge_Robotic_Arm/build/modular_arm_kinematics/prefix_override:/usr/lib/python3/dist-packages/colcon_core/task/python/colcon_distutils_commands:/home/shreeshinator/AI_Challenge_Robotic_Arm/install/modular_arm_kinematics/lib/python3.12/site-packages:/home/shreeshinator/AI_Challenge_Robotic_Arm/install/modular_arm_interfaces/lib/python3.12/site-packages:/home/shreeshinator/AI_Challenge_Robotic_Arm/install/modular_arm_kinematics/lib/python3.12/site-packages:/opt/ros/jazzy/lib/python3.12/site-packages /usr/bin/python3 -W ignore:setup.py install is deprecated -W ignore:easy_install command is deprecated setup.py egg_info --egg-base ../../build/modular_arm_kinematics build --build-base /home/shreeshinator/AI_Challenge_Robotic_Arm/build/modular_arm_kinematics/build install --record /home/shreeshinator/AI_Challenge_Robotic_Arm/build/modular_arm_kinematics/install.log --install-scripts $base/lib/modular_arm_kinematics --single-version-externally-managed install_data
[2.589s] running egg_info
[2.621s] writing ../../build/modular_arm_kinematics/modular_arm_kinematics.egg-info/PKG-INFO
[2.621s] writing dependency_links to ../../build/modular_arm_kinematics/modular_arm_kinematics.egg-info/dependency_links.txt
[2.622s] writing entry points to ../../build/modular_arm_kinematics/modular_arm_kinematics.egg-info/entry_points.txt
[2.622s] writing requirements to ../../build/modular_arm_kinematics/modular_arm_kinematics.egg-info/requires.txt
[2.622s] writing top-level names to ../../build/modular_arm_kinematics/modular_arm_kinematics.egg-info/top_level.txt
[2.689s] reading manifest file '../../build/modular_arm_kinematics/modular_arm_kinematics.egg-info/SOURCES.txt'
[2.693s] writing manifest file '../../build/modular_arm_kinematics/modular_arm_kinematics.egg-info/SOURCES.txt'
[2.694s] running build
[2.695s] running build_py
[2.695s] running install
[2.703s] running install_lib
[2.730s] running install_data
[2.731s] running install_egg_info
[2.769s] removing '/home/shreeshinator/AI_Challenge_Robotic_Arm/install/modular_arm_kinematics/lib/python3.12/site-packages/modular_arm_kinematics-0.1.0-py3.12.egg-info' (and everything under it)
[2.771s] Copying ../../build/modular_arm_kinematics/modular_arm_kinematics.egg-info to /home/shreeshinator/AI_Challenge_Robotic_Arm/install/modular_arm_kinematics/lib/python3.12/site-packages/modular_arm_kinematics-0.1.0-py3.12.egg-info
[2.774s] running install_scripts
[2.957s] Installing move_to_node script to /home/shreeshinator/AI_Challenge_Robotic_Arm/install/modular_arm_kinematics/lib/modular_arm_kinematics
[2.958s] writing list of installed files to '/home/shreeshinator/AI_Challenge_Robotic_Arm/build/modular_arm_kinematics/install.log'
[3.013s] Invoked command in '/home/shreeshinator/AI_Challenge_Robotic_Arm/src/modular_arm_kinematics' returned '0': CMAKE_PREFIX_PATH=/home/shreeshinator/AI_Challenge_Robotic_Arm/install/modular_arm_interfaces:/home/shreeshinator/AI_Challenge_Robotic_Arm/install/modular_arm_bringup:/home/shreeshinator/AI_Challenge_Robotic_Arm/install/modular_arm_description:/opt/ros/jazzy/opt/gz_sim_vendor:/opt/ros/jazzy/opt/gz_sensors_vendor:/opt/ros/jazzy/opt/gz_physics_vendor:/opt/ros/jazzy/opt/sdformat_vendor:/opt/ros/jazzy/opt/gz_gui_vendor:/opt/ros/jazzy/opt/gz_transport_vendor:/opt/ros/jazzy/opt/gz_rendering_vendor:/opt/ros/jazzy/opt/gz_plugin_vendor:/opt/ros/jazzy/opt/gz_fuel_tools_vendor:/opt/ros/jazzy/opt/gz_msgs_vendor:/opt/ros/jazzy/opt/gz_common_vendor:/opt/ros/jazzy/opt/gz_math_vendor:/opt/ros/jazzy/opt/gz_utils_vendor:/opt/ros/jazzy/opt/gz_tools_vendor:/opt/ros/jazzy/opt/gz_ogre_next_vendor:/opt/ros/jazzy/opt/gz_dartsim_vendor:/opt/ros/jazzy/opt/gz_cmake_vendor PYTHONPATH=/home/shreeshinator/AI_Challenge_Robotic_Arm/build/modular_arm_kinematics/prefix_override:/usr/lib/python3/dist-packages/colcon_core/task/python/colcon_distutils_commands:/home/shreeshinator/AI_Challenge_Robotic_Arm/install/modular_arm_kinematics/lib/python3.12/site-packages:/home/shreeshinator/AI_Challenge_Robotic_Arm/install/modular_arm_interfaces/lib/python3.12/site-packages:/home/shreeshinator/AI_Challenge_Robotic_Arm/install/modular_arm_kinematics/lib/python3.12/site-packages:/opt/ros/jazzy/lib/python3.12/site-packages /usr/bin/python3 -W ignore:setup.py install is deprecated -W ignore:easy_install command is deprecated setup.py egg_info --egg-base ../../build/modular_arm_kinematics build --build-base /home/shreeshinator/AI_Challenge_Robotic_Arm/build/modular_arm_kinematics/build install --record /home/shreeshinator/AI_Challenge_Robotic_Arm/build/modular_arm_kinematics/install.log --install-scripts $base/lib/modular_arm_kinematics --single-version-externally-managed install_data
