-- The C compiler identification is GNU 13.3.0
-- The CXX compiler identification is GNU 13.3.0
-- Detecting C compiler ABI info
-- Detecting C compiler ABI info - done
-- Check for working C compiler: /usr/bin/cc - skipped
-- Detecting C compile features
-- Detecting C compile features - done
-- Detecting CXX compiler ABI info
-- Detecting CXX compiler ABI info - done
-- Check for working CXX compiler: /usr/bin/c++ - skipped
-- Detecting CXX compile features
-- Detecting CXX compile features - done
-- Found ament_cmake: 2.5.6 (/opt/ros/jazzy/share/ament_cmake/cmake)
-- Found Python3: /usr/bin/python3 (found version "3.12.3") found components: Interpreter 
-- Found rosidl_default_generators: 1.6.1 (/opt/ros/jazzy/share/rosidl_default_generators/cmake)
-- Using all available rosidl_typesupport_c: rosidl_typesupport_fastrtps_c;rosidl_typesupport_introspection_c
-- Using all available rosidl_typesupport_cpp: rosidl_typesupport_fastrtps_cpp;rosidl_typesupport_introspection_cpp
-- Found rosidl_adapter: 4.6.9 (/opt/ros/jazzy/share/rosidl_adapter/cmake)
-- Found std_msgs: 5.3.8 (/opt/ros/jazzy/share/std_msgs/cmake)
-- Found ament_cmake_ros: 0.12.1 (/opt/ros/jazzy/share/ament_cmake_ros/cmake)
-- Using all available rosidl_typesupport_c: rosidl_typesupport_fastrtps_c;rosidl_typesupport_introspection_c
-- Using all available rosidl_typesupport_cpp: rosidl_typesupport_fastrtps_cpp;rosidl_typesupport_introspection_cpp
-- Found python_cmake_module: 0.11.1 (/opt/ros/jazzy/share/python_cmake_module/cmake)
-- Found PythonExtra: /usr/bin/python3  
-- Found Python3: /usr/bin/python3 (found version "3.12.3") found components: Interpreter Development NumPy Development.Module Development.Embed 
-- Found Python3: /usr/bin/python3 (found version "3.12.3") found components: Interpreter 
-- Configuring done (9.4s)
-- Generating done (0.1s)
-- Build files have been written to: /home/shreeshinator/AI_Challenge_Robotic_Arm/build/modular_arm_interfaces
[  2%] [34m[1mGenerating Rust code for ROS interfaces[0m
[  5%] [34m[1mGenerating type hashes for ROS interfaces[0m
[  5%] Built target ament_cmake_python_copy_modular_arm_interfaces
running egg_info
creating modular_arm_interfaces.egg-info
writing modular_arm_interfaces.egg-info/PKG-INFO
writing dependency_links to modular_arm_interfaces.egg-info/dependency_links.txt
writing top-level names to modular_arm_interfaces.egg-info/top_level.txt
writing manifest file 'modular_arm_interfaces.egg-info/SOURCES.txt'
[  5%] Built target modular_arm_interfaces__rosidl_generator_type_description
[  8%] [34m[1mGenerating C code for ROS interfaces[0m
[  8%] Built target modular_arm_interfaces__rs
[ 11%] [34m[1mGenerating C++ code for ROS interfaces[0m
reading manifest file 'modular_arm_interfaces.egg-info/SOURCES.txt'
writing manifest file 'modular_arm_interfaces.egg-info/SOURCES.txt'
[ 11%] Built target ament_cmake_python_build_modular_arm_interfaces_egg
[ 11%] Built target modular_arm_interfaces__cpp
[ 14%] [32mBuilding C object CMakeFiles/modular_arm_interfaces__rosidl_generator_c.dir/rosidl_generator_c/modular_arm_interfaces/srv/detail/move_to__description.c.o[0m
[ 17%] [32mBuilding C object CMakeFiles/modular_arm_interfaces__rosidl_generator_c.dir/rosidl_generator_c/modular_arm_interfaces/srv/detail/move_to__functions.c.o[0m
[ 20%] [32mBuilding C object CMakeFiles/modular_arm_interfaces__rosidl_generator_c.dir/rosidl_generator_c/modular_arm_interfaces/srv/detail/move_to__type_support.c.o[0m
[ 22%] [32m[1mLinking C shared library libmodular_arm_interfaces__rosidl_generator_c.so[0m
[ 22%] Built target modular_arm_interfaces__rosidl_generator_c
[ 25%] [34m[1mGenerating C introspection for ROS interfaces[0m
[ 28%] [34m[1mGenerating C type support dispatch for ROS interfaces[0m
[ 31%] [34m[1mGenerating C++ type support for eProsima Fast-RTPS[0m
[ 34%] [34m[1mGenerating C++ type support dispatch for ROS interfaces[0m
[ 37%] [34m[1mGenerating C++ introspection for ROS interfaces[0m
[ 40%] [34m[1mGenerating C type support for eProsima Fast-RTPS[0m
[ 42%] [32mBuilding CXX object CMakeFiles/modular_arm_interfaces__rosidl_typesupport_c.dir/rosidl_typesupport_c/modular_arm_interfaces/srv/move_to__type_support.cpp.o[0m
[ 45%] [32mBuilding CXX object CMakeFiles/modular_arm_interfaces__rosidl_typesupport_cpp.dir/rosidl_typesupport_cpp/modular_arm_interfaces/srv/move_to__type_support.cpp.o[0m
[ 48%] [32mBuilding CXX object CMakeFiles/modular_arm_interfaces__rosidl_typesupport_introspection_cpp.dir/rosidl_typesupport_introspection_cpp/modular_arm_interfaces/srv/detail/move_to__type_support.cpp.o[0m
[ 51%] [32mBuilding C object CMakeFiles/modular_arm_interfaces__rosidl_typesupport_introspection_c.dir/rosidl_typesupport_introspection_c/modular_arm_interfaces/srv/detail/move_to__type_support.c.o[0m
[ 54%] [32m[1mLinking CXX shared library libmodular_arm_interfaces__rosidl_typesupport_c.so[0m
[ 57%] [32mBuilding CXX object CMakeFiles/modular_arm_interfaces__rosidl_typesupport_fastrtps_cpp.dir/rosidl_typesupport_fastrtps_cpp/modular_arm_interfaces/srv/detail/dds_fastrtps/move_to__type_support.cpp.o[0m
[ 60%] [32mBuilding CXX object CMakeFiles/modular_arm_interfaces__rosidl_typesupport_fastrtps_c.dir/rosidl_typesupport_fastrtps_c/modular_arm_interfaces/srv/detail/move_to__type_support_c.cpp.o[0m
[ 62%] [32m[1mLinking C shared library libmodular_arm_interfaces__rosidl_typesupport_introspection_c.so[0m
[ 62%] Built target modular_arm_interfaces__rosidl_typesupport_c
[ 62%] Built target modular_arm_interfaces__rosidl_typesupport_introspection_c
[ 65%] [32m[1mLinking CXX shared library libmodular_arm_interfaces__rosidl_typesupport_cpp.so[0m
[ 68%] [32m[1mLinking CXX shared library libmodular_arm_interfaces__rosidl_typesupport_introspection_cpp.so[0m
[ 71%] [32m[1mLinking CXX shared library libmodular_arm_interfaces__rosidl_typesupport_fastrtps_c.so[0m
[ 71%] Built target modular_arm_interfaces__rosidl_typesupport_cpp
[ 74%] [32m[1mLinking CXX shared library libmodular_arm_interfaces__rosidl_typesupport_fastrtps_cpp.so[0m
[ 74%] Built target modular_arm_interfaces__rosidl_typesupport_introspection_cpp
[ 74%] Built target modular_arm_interfaces__rosidl_typesupport_fastrtps_c
[ 74%] Built target modular_arm_interfaces__rosidl_typesupport_fastrtps_cpp
[ 74%] Built target modular_arm_interfaces
[ 77%] [34m[1mGenerating Python code for ROS interfaces[0m
[ 77%] Built target modular_arm_interfaces__py
[ 80%] [32mBuilding C object CMakeFiles/modular_arm_interfaces__rosidl_generator_py.dir/rosidl_generator_py/modular_arm_interfaces/srv/_move_to_s.c.o[0m
[ 82%] [32m[1mLinking C shared library libmodular_arm_interfaces__rosidl_generator_py.so[0m
[ 82%] Built target modular_arm_interfaces__rosidl_generator_py
[ 85%] [32mBuilding C object CMakeFiles/modular_arm_interfaces_s__rosidl_typesupport_c.dir/rosidl_generator_py/modular_arm_interfaces/_modular_arm_interfaces_s.ep.rosidl_typesupport_c.c.o[0m
[ 88%] [32mBuilding C object CMakeFiles/modular_arm_interfaces_s__rosidl_typesupport_introspection_c.dir/rosidl_generator_py/modular_arm_interfaces/_modular_arm_interfaces_s.ep.rosidl_typesupport_introspection_c.c.o[0m
[ 91%] [32mBuilding C object CMakeFiles/modular_arm_interfaces_s__rosidl_typesupport_fastrtps_c.dir/rosidl_generator_py/modular_arm_interfaces/_modular_arm_interfaces_s.ep.rosidl_typesupport_fastrtps_c.c.o[0m
[ 94%] [32m[1mLinking C shared module rosidl_generator_py/modular_arm_interfaces/modular_arm_interfaces_s__rosidl_typesupport_introspection_c.so[0m
[ 97%] [32m[1mLinking C shared module rosidl_generator_py/modular_arm_interfaces/modular_arm_interfaces_s__rosidl_typesupport_c.so[0m
[100%] [32m[1mLinking C shared module rosidl_generator_py/modular_arm_interfaces/modular_arm_interfaces_s__rosidl_typesupport_fastrtps_c.so[0m
[100%] Built target modular_arm_interfaces_s__rosidl_typesupport_introspection_c
[100%] Built target modular_arm_interfaces_s__rosidl_typesupport_c
[100%] Built target modular_arm_interfaces_s__rosidl_typesupport_fastrtps_c
-- Install configuration: ""
-- Installing: /home/shreeshinator/AI_Challenge_Robotic_Arm/install/modular_arm_interfaces/share/ament_index/resource_index/rosidl_interfaces/modular_arm_interfaces
-- Installing: /home/shreeshinator/AI_Challenge_Robotic_Arm/install/modular_arm_interfaces/share/modular_arm_interfaces/srv/MoveTo.json
-- Installing: /home/shreeshinator/AI_Challenge_Robotic_Arm/install/modular_arm_interfaces/include/modular_arm_interfaces/modular_arm_interfaces
-- Installing: /home/shreeshinator/AI_Challenge_Robotic_Arm/install/modular_arm_interfaces/include/modular_arm_interfaces/modular_arm_interfaces/msg
-- Installing: /home/shreeshinator/AI_Challenge_Robotic_Arm/install/modular_arm_interfaces/include/modular_arm_interfaces/modular_arm_interfaces/msg/rosidl_generator_c__visibility_control.h
-- Installing: /home/shreeshinator/AI_Challenge_Robotic_Arm/install/modular_arm_interfaces/include/modular_arm_interfaces/modular_arm_interfaces/srv
-- Installing: /home/shreeshinator/AI_Challenge_Robotic_Arm/install/modular_arm_interfaces/include/modular_arm_interfaces/modular_arm_interfaces/srv/detail
-- Installing: /home/shreeshinator/AI_Challenge_Robotic_Arm/install/modular_arm_interfaces/include/modular_arm_interfaces/modular_arm_interfaces/srv/detail/move_to__functions.h
-- Installing: /home/shreeshinator/AI_Challenge_Robotic_Arm/install/modular_arm_interfaces/include/modular_arm_interfaces/modular_arm_interfaces/srv/detail/move_to__functions.c
-- Installing: /home/shreeshinator/AI_Challenge_Robotic_Arm/install/modular_arm_interfaces/include/modular_arm_interfaces/modular_arm_interfaces/srv/detail/move_to__type_support.h
-- Installing: /home/shreeshinator/AI_Challenge_Robotic_Arm/install/modular_arm_interfaces/include/modular_arm_interfaces/modular_arm_interfaces/srv/detail/move_to__struct.h
-- Installing: /home/shreeshinator/AI_Challenge_Robotic_Arm/install/modular_arm_interfaces/include/modular_arm_interfaces/modular_arm_interfaces/srv/detail/move_to__description.c
-- Installing: /home/shreeshinator/AI_Challenge_Robotic_Arm/install/modular_arm_interfaces/include/modular_arm_interfaces/modular_arm_interfaces/srv/detail/move_to__type_support.c
-- Installing: /home/shreeshinator/AI_Challenge_Robotic_Arm/install/modular_arm_interfaces/include/modular_arm_interfaces/modular_arm_interfaces/srv/move_to.h
-- Installing: /home/shreeshinator/AI_Challenge_Robotic_Arm/install/modular_arm_interfaces/share/modular_arm_interfaces/environment/library_path.sh
-- Installing: /home/shreeshinator/AI_Challenge_Robotic_Arm/install/modular_arm_interfaces/share/modular_arm_interfaces/environment/library_path.dsv
-- Installing: /home/shreeshinator/AI_Challenge_Robotic_Arm/install/modular_arm_interfaces/lib/libmodular_arm_interfaces__rosidl_generator_c.so
-- Set non-toolchain portion of runtime path of "/home/shreeshinator/AI_Challenge_Robotic_Arm/install/modular_arm_interfaces/lib/libmodular_arm_interfaces__rosidl_generator_c.so" to ""
-- Up-to-date: /home/shreeshinator/AI_Challenge_Robotic_Arm/install/modular_arm_interfaces/include/modular_arm_interfaces/modular_arm_interfaces
-- Up-to-date: /home/shreeshinator/AI_Challenge_Robotic_Arm/install/modular_arm_interfaces/include/modular_arm_interfaces/modular_arm_interfaces/msg
-- Installing: /home/shreeshinator/AI_Challenge_Robotic_Arm/install/modular_arm_interfaces/include/modular_arm_interfaces/modular_arm_interfaces/msg/rosidl_typesupport_fastrtps_c__visibility_control.h
-- Up-to-date: /home/shreeshinator/AI_Challenge_Robotic_Arm/install/modular_arm_interfaces/include/modular_arm_interfaces/modular_arm_interfaces/srv
-- Up-to-date: /home/shreeshinator/AI_Challenge_Robotic_Arm/install/modular_arm_interfaces/include/modular_arm_interfaces/modular_arm_interfaces/srv/detail
-- Installing: /home/shreeshinator/AI_Challenge_Robotic_Arm/install/modular_arm_interfaces/include/modular_arm_interfaces/modular_arm_interfaces/srv/detail/move_to__rosidl_typesupport_fastrtps_c.h
-- Installing: /home/shreeshinator/AI_Challenge_Robotic_Arm/install/modular_arm_interfaces/lib/libmodular_arm_interfaces__rosidl_typesupport_fastrtps_c.so
-- Set non-toolchain portion of runtime path of "/home/shreeshinator/AI_Challenge_Robotic_Arm/install/modular_arm_interfaces/lib/libmodular_arm_interfaces__rosidl_typesupport_fastrtps_c.so" to ""
-- Up-to-date: /home/shreeshinator/AI_Challenge_Robotic_Arm/install/modular_arm_interfaces/include/modular_arm_interfaces/modular_arm_interfaces
-- Up-to-date: /home/shreeshinator/AI_Challenge_Robotic_Arm/install/modular_arm_interfaces/include/modular_arm_interfaces/modular_arm_interfaces/msg
-- Installing: /home/shreeshinator/AI_Challenge_Robotic_Arm/install/modular_arm_interfaces/include/modular_arm_interfaces/modular_arm_interfaces/msg/rosidl_typesupport_introspection_c__visibility_control.h
-- Up-to-date: /home/shreeshinator/AI_Challenge_Robotic_Arm/install/modular_arm_interfaces/include/modular_arm_interfaces/modular_arm_interfaces/srv
-- Up-to-date: /home/shreeshinator/AI_Challenge_Robotic_Arm/install/modular_arm_interfaces/include/modular_arm_interfaces/modular_arm_interfaces/srv/detail
-- Installing: /home/shreeshinator/AI_Challenge_Robotic_Arm/install/modular_arm_interfaces/include/modular_arm_interfaces/modular_arm_interfaces/srv/detail/move_to__rosidl_typesupport_introspection_c.h
-- Installing: /home/shreeshinator/AI_Challenge_Robotic_Arm/install/modular_arm_interfaces/include/modular_arm_interfaces/modular_arm_interfaces/srv/detail/move_to__type_support.c
-- Installing: /home/shreeshinator/AI_Challenge_Robotic_Arm/install/modular_arm_interfaces/lib/libmodular_arm_interfaces__rosidl_typesupport_introspection_c.so
-- Set non-toolchain portion of runtime path of "/home/shreeshinator/AI_Challenge_Robotic_Arm/install/modular_arm_interfaces/lib/libmodular_arm_interfaces__rosidl_typesupport_introspection_c.so" to ""
-- Installing: /home/shreeshinator/AI_Challenge_Robotic_Arm/install/modular_arm_interfaces/lib/libmodular_arm_interfaces__rosidl_typesupport_c.so
-- Set non-toolchain portion of runtime path of "/home/shreeshinator/AI_Challenge_Robotic_Arm/install/modular_arm_interfaces/lib/libmodular_arm_interfaces__rosidl_typesupport_c.so" to ""
-- Up-to-date: /home/shreeshinator/AI_Challenge_Robotic_Arm/install/modular_arm_interfaces/include/modular_arm_interfaces/modular_arm_interfaces
-- Up-to-date: /home/shreeshinator/AI_Challenge_Robotic_Arm/install/modular_arm_interfaces/include/modular_arm_interfaces/modular_arm_interfaces/msg
-- Installing: /home/shreeshinator/AI_Challenge_Robotic_Arm/install/modular_arm_interfaces/include/modular_arm_interfaces/modular_arm_interfaces/msg/rosidl_generator_cpp__visibility_control.hpp
-- Up-to-date: /home/shreeshinator/AI_Challenge_Robotic_Arm/install/modular_arm_interfaces/include/modular_arm_interfaces/modular_arm_interfaces/srv
-- Up-to-date: /home/shreeshinator/AI_Challenge_Robotic_Arm/install/modular_arm_interfaces/include/modular_arm_interfaces/modular_arm_interfaces/srv/detail
-- Installing: /home/shreeshinator/AI_Challenge_Robotic_Arm/install/modular_arm_interfaces/include/modular_arm_interfaces/modular_arm_interfaces/srv/detail/move_to__traits.hpp
-- Installing: /home/shreeshinator/AI_Challenge_Robotic_Arm/install/modular_arm_interfaces/include/modular_arm_interfaces/modular_arm_interfaces/srv/detail/move_to__builder.hpp
-- Installing: /home/shreeshinator/AI_Challenge_Robotic_Arm/install/modular_arm_interfaces/include/modular_arm_interfaces/modular_arm_interfaces/srv/detail/move_to__struct.hpp
-- Installing: /home/shreeshinator/AI_Challenge_Robotic_Arm/install/modular_arm_interfaces/include/modular_arm_interfaces/modular_arm_interfaces/srv/detail/move_to__type_support.hpp
-- Installing: /home/shreeshinator/AI_Challenge_Robotic_Arm/install/modular_arm_interfaces/include/modular_arm_interfaces/modular_arm_interfaces/srv/move_to.hpp
-- Up-to-date: /home/shreeshinator/AI_Challenge_Robotic_Arm/install/modular_arm_interfaces/include/modular_arm_interfaces/modular_arm_interfaces
-- Up-to-date: /home/shreeshinator/AI_Challenge_Robotic_Arm/install/modular_arm_interfaces/include/modular_arm_interfaces/modular_arm_interfaces/msg
-- Installing: /home/shreeshinator/AI_Challenge_Robotic_Arm/install/modular_arm_interfaces/include/modular_arm_interfaces/modular_arm_interfaces/msg/rosidl_typesupport_fastrtps_cpp__visibility_control.h
-- Up-to-date: /home/shreeshinator/AI_Challenge_Robotic_Arm/install/modular_arm_interfaces/include/modular_arm_interfaces/modular_arm_interfaces/srv
-- Up-to-date: /home/shreeshinator/AI_Challenge_Robotic_Arm/install/modular_arm_interfaces/include/modular_arm_interfaces/modular_arm_interfaces/srv/detail
-- Installing: /home/shreeshinator/AI_Challenge_Robotic_Arm/install/modular_arm_interfaces/include/modular_arm_interfaces/modular_arm_interfaces/srv/detail/move_to__rosidl_typesupport_fastrtps_cpp.hpp
-- Installing: /home/shreeshinator/AI_Challenge_Robotic_Arm/install/modular_arm_interfaces/include/modular_arm_interfaces/modular_arm_interfaces/srv/detail/dds_fastrtps
-- Installing: /home/shreeshinator/AI_Challenge_Robotic_Arm/install/modular_arm_interfaces/lib/libmodular_arm_interfaces__rosidl_typesupport_fastrtps_cpp.so
-- Set non-toolchain portion of runtime path of "/home/shreeshinator/AI_Challenge_Robotic_Arm/install/modular_arm_interfaces/lib/libmodular_arm_interfaces__rosidl_typesupport_fastrtps_cpp.so" to ""
-- Up-to-date: /home/shreeshinator/AI_Challenge_Robotic_Arm/install/modular_arm_interfaces/include/modular_arm_interfaces/modular_arm_interfaces
-- Up-to-date: /home/shreeshinator/AI_Challenge_Robotic_Arm/install/modular_arm_interfaces/include/modular_arm_interfaces/modular_arm_interfaces/srv
-- Up-to-date: /home/shreeshinator/AI_Challenge_Robotic_Arm/install/modular_arm_interfaces/include/modular_arm_interfaces/modular_arm_interfaces/srv/detail
-- Installing: /home/shreeshinator/AI_Challenge_Robotic_Arm/install/modular_arm_interfaces/include/modular_arm_interfaces/modular_arm_interfaces/srv/detail/move_to__rosidl_typesupport_introspection_cpp.hpp
-- Installing: /home/shreeshinator/AI_Challenge_Robotic_Arm/install/modular_arm_interfaces/include/modular_arm_interfaces/modular_arm_interfaces/srv/detail/move_to__type_support.cpp
-- Installing: /home/shreeshinator/AI_Challenge_Robotic_Arm/install/modular_arm_interfaces/lib/libmodular_arm_interfaces__rosidl_typesupport_introspection_cpp.so
-- Set non-toolchain portion of runtime path of "/home/shreeshinator/AI_Challenge_Robotic_Arm/install/modular_arm_interfaces/lib/libmodular_arm_interfaces__rosidl_typesupport_introspection_cpp.so" to ""
-- Installing: /home/shreeshinator/AI_Challenge_Robotic_Arm/install/modular_arm_interfaces/lib/libmodular_arm_interfaces__rosidl_typesupport_cpp.so
-- Set non-toolchain portion of runtime path of "/home/shreeshinator/AI_Challenge_Robotic_Arm/install/modular_arm_interfaces/lib/libmodular_arm_interfaces__rosidl_typesupport_cpp.so" to ""
-- Installing: /home/shreeshinator/AI_Challenge_Robotic_Arm/install/modular_arm_interfaces/share/modular_arm_interfaces/environment/pythonpath.sh
-- Installing: /home/shreeshinator/AI_Challenge_Robotic_Arm/install/modular_arm_interfaces/share/modular_arm_interfaces/environment/pythonpath.dsv
-- Installing: /home/shreeshinator/AI_Challenge_Robotic_Arm/install/modular_arm_interfaces/lib/python3.12/site-packages/modular_arm_interfaces-0.1.0-py3.12.egg-info
-- Installing: /home/shreeshinator/AI_Challenge_Robotic_Arm/install/modular_arm_interfaces/lib/python3.12/site-packages/modular_arm_interfaces-0.1.0-py3.12.egg-info/PKG-INFO
-- Installing: /home/shreeshinator/AI_Challenge_Robotic_Arm/install/modular_arm_interfaces/lib/python3.12/site-packages/modular_arm_interfaces-0.1.0-py3.12.egg-info/SOURCES.txt
-- Installing: /home/shreeshinator/AI_Challenge_Robotic_Arm/install/modular_arm_interfaces/lib/python3.12/site-packages/modular_arm_interfaces-0.1.0-py3.12.egg-info/top_level.txt
-- Installing: /home/shreeshinator/AI_Challenge_Robotic_Arm/install/modular_arm_interfaces/lib/python3.12/site-packages/modular_arm_interfaces-0.1.0-py3.12.egg-info/dependency_links.txt
-- Installing: /home/shreeshinator/AI_Challenge_Robotic_Arm/install/modular_arm_interfaces/lib/python3.12/site-packages/modular_arm_interfaces
-- Installing: /home/shreeshinator/AI_Challenge_Robotic_Arm/install/modular_arm_interfaces/lib/python3.12/site-packages/modular_arm_interfaces/__init__.py
-- Installing: /home/shreeshinator/AI_Challenge_Robotic_Arm/install/modular_arm_interfaces/lib/python3.12/site-packages/modular_arm_interfaces/modular_arm_interfaces_s__rosidl_typesupport_fastrtps_c.so
-- Installing: /home/shreeshinator/AI_Challenge_Robotic_Arm/install/modular_arm_interfaces/lib/python3.12/site-packages/modular_arm_interfaces/srv
-- Installing: /home/shreeshinator/AI_Challenge_Robotic_Arm/install/modular_arm_interfaces/lib/python3.12/site-packages/modular_arm_interfaces/srv/__init__.py
-- Installing: /home/shreeshinator/AI_Challenge_Robotic_Arm/install/modular_arm_interfaces/lib/python3.12/site-packages/modular_arm_interfaces/srv/_move_to.py
-- Installing: /home/shreeshinator/AI_Challenge_Robotic_Arm/install/modular_arm_interfaces/lib/python3.12/site-packages/modular_arm_interfaces/srv/_move_to_s.c
-- Installing: /home/shreeshinator/AI_Challenge_Robotic_Arm/install/modular_arm_interfaces/lib/python3.12/site-packages/modular_arm_interfaces/_modular_arm_interfaces_s.ep.rosidl_typesupport_introspection_c.c
-- Installing: /home/shreeshinator/AI_Challenge_Robotic_Arm/install/modular_arm_interfaces/lib/python3.12/site-packages/modular_arm_interfaces/modular_arm_interfaces_s__rosidl_typesupport_c.so
-- Installing: /home/shreeshinator/AI_Challenge_Robotic_Arm/install/modular_arm_interfaces/lib/python3.12/site-packages/modular_arm_interfaces/modular_arm_interfaces_s__rosidl_typesupport_introspection_c.so
-- Installing: /home/shreeshinator/AI_Challenge_Robotic_Arm/install/modular_arm_interfaces/lib/python3.12/site-packages/modular_arm_interfaces/_modular_arm_interfaces_s.ep.rosidl_typesupport_fastrtps_c.c
-- Installing: /home/shreeshinator/AI_Challenge_Robotic_Arm/install/modular_arm_interfaces/lib/python3.12/site-packages/modular_arm_interfaces/_modular_arm_interfaces_s.ep.rosidl_typesupport_c.c
Listing '/home/shreeshinator/AI_Challenge_Robotic_Arm/install/modular_arm_interfaces/lib/python3.12/site-packages/modular_arm_interfaces'...
Compiling '/home/shreeshinator/AI_Challenge_Robotic_Arm/install/modular_arm_interfaces/lib/python3.12/site-packages/modular_arm_interfaces/__init__.py'...
Listing '/home/shreeshinator/AI_Challenge_Robotic_Arm/install/modular_arm_interfaces/lib/python3.12/site-packages/modular_arm_interfaces/srv'...
Compiling '/home/shreeshinator/AI_Challenge_Robotic_Arm/install/modular_arm_interfaces/lib/python3.12/site-packages/modular_arm_interfaces/srv/__init__.py'...
Compiling '/home/shreeshinator/AI_Challenge_Robotic_Arm/install/modular_arm_interfaces/lib/python3.12/site-packages/modular_arm_interfaces/srv/_move_to.py'...
-- Installing: /home/shreeshinator/AI_Challenge_Robotic_Arm/install/modular_arm_interfaces/lib/python3.12/site-packages/modular_arm_interfaces/modular_arm_interfaces_s__rosidl_typesupport_fastrtps_c.so
-- Set non-toolchain portion of runtime path of "/home/shreeshinator/AI_Challenge_Robotic_Arm/install/modular_arm_interfaces/lib/python3.12/site-packages/modular_arm_interfaces/modular_arm_interfaces_s__rosidl_typesupport_fastrtps_c.so" to ""
-- Installing: /home/shreeshinator/AI_Challenge_Robotic_Arm/install/modular_arm_interfaces/lib/python3.12/site-packages/modular_arm_interfaces/modular_arm_interfaces_s__rosidl_typesupport_introspection_c.so
-- Set non-toolchain portion of runtime path of "/home/shreeshinator/AI_Challenge_Robotic_Arm/install/modular_arm_interfaces/lib/python3.12/site-packages/modular_arm_interfaces/modular_arm_interfaces_s__rosidl_typesupport_introspection_c.so" to ""
-- Installing: /home/shreeshinator/AI_Challenge_Robotic_Arm/install/modular_arm_interfaces/lib/python3.12/site-packages/modular_arm_interfaces/modular_arm_interfaces_s__rosidl_typesupport_c.so
-- Set non-toolchain portion of runtime path of "/home/shreeshinator/AI_Challenge_Robotic_Arm/install/modular_arm_interfaces/lib/python3.12/site-packages/modular_arm_interfaces/modular_arm_interfaces_s__rosidl_typesupport_c.so" to ""
-- Installing: /home/shreeshinator/AI_Challenge_Robotic_Arm/install/modular_arm_interfaces/lib/libmodular_arm_interfaces__rosidl_generator_py.so
-- Set non-toolchain portion of runtime path of "/home/shreeshinator/AI_Challenge_Robotic_Arm/install/modular_arm_interfaces/lib/libmodular_arm_interfaces__rosidl_generator_py.so" to ""
-- Installing: /home/shreeshinator/AI_Challenge_Robotic_Arm/install/modular_arm_interfaces/share/ament_index/resource_index/rust_packages/modular_arm_interfaces
-- Installing: /home/shreeshinator/AI_Challenge_Robotic_Arm/install/modular_arm_interfaces/share/modular_arm_interfaces/rust
-- Installing: /home/shreeshinator/AI_Challenge_Robotic_Arm/install/modular_arm_interfaces/share/modular_arm_interfaces/rust/src
-- Installing: /home/shreeshinator/AI_Challenge_Robotic_Arm/install/modular_arm_interfaces/share/modular_arm_interfaces/rust/src/srv
-- Installing: /home/shreeshinator/AI_Challenge_Robotic_Arm/install/modular_arm_interfaces/share/modular_arm_interfaces/rust/src/srv/rmw.rs
-- Installing: /home/shreeshinator/AI_Challenge_Robotic_Arm/install/modular_arm_interfaces/share/modular_arm_interfaces/rust/src/lib.rs
-- Installing: /home/shreeshinator/AI_Challenge_Robotic_Arm/install/modular_arm_interfaces/share/modular_arm_interfaces/rust/src/srv.rs
-- Installing: /home/shreeshinator/AI_Challenge_Robotic_Arm/install/modular_arm_interfaces/share/modular_arm_interfaces/rust/Cargo.toml
-- Installing: /home/shreeshinator/AI_Challenge_Robotic_Arm/install/modular_arm_interfaces/share/modular_arm_interfaces/rust/build.rs
-- Installing: /home/shreeshinator/AI_Challenge_Robotic_Arm/install/modular_arm_interfaces/share/modular_arm_interfaces/srv/MoveTo.idl
-- Installing: /home/shreeshinator/AI_Challenge_Robotic_Arm/install/modular_arm_interfaces/share/modular_arm_interfaces/srv/MoveTo.srv
-- Installing: /home/shreeshinator/AI_Challenge_Robotic_Arm/install/modular_arm_interfaces/share/ament_index/resource_index/package_run_dependencies/modular_arm_interfaces
-- Installing: /home/shreeshinator/AI_Challenge_Robotic_Arm/install/modular_arm_interfaces/share/ament_index/resource_index/parent_prefix_path/modular_arm_interfaces
-- Installing: /home/shreeshinator/AI_Challenge_Robotic_Arm/install/modular_arm_interfaces/share/modular_arm_interfaces/environment/ament_prefix_path.sh
-- Installing: /home/shreeshinator/AI_Challenge_Robotic_Arm/install/modular_arm_interfaces/share/modular_arm_interfaces/environment/ament_prefix_path.dsv
-- Installing: /home/shreeshinator/AI_Challenge_Robotic_Arm/install/modular_arm_interfaces/share/modular_arm_interfaces/environment/path.sh
-- Installing: /home/shreeshinator/AI_Challenge_Robotic_Arm/install/modular_arm_interfaces/share/modular_arm_interfaces/environment/path.dsv
-- Installing: /home/shreeshinator/AI_Challenge_Robotic_Arm/install/modular_arm_interfaces/share/modular_arm_interfaces/local_setup.bash
-- Installing: /home/shreeshinator/AI_Challenge_Robotic_Arm/install/modular_arm_interfaces/share/modular_arm_interfaces/local_setup.sh
-- Installing: /home/shreeshinator/AI_Challenge_Robotic_Arm/install/modular_arm_interfaces/share/modular_arm_interfaces/local_setup.zsh
-- Installing: /home/shreeshinator/AI_Challenge_Robotic_Arm/install/modular_arm_interfaces/share/modular_arm_interfaces/local_setup.dsv
-- Installing: /home/shreeshinator/AI_Challenge_Robotic_Arm/install/modular_arm_interfaces/share/modular_arm_interfaces/package.dsv
-- Installing: /home/shreeshinator/AI_Challenge_Robotic_Arm/install/modular_arm_interfaces/share/ament_index/resource_index/packages/modular_arm_interfaces
-- Installing: /home/shreeshinator/AI_Challenge_Robotic_Arm/install/modular_arm_interfaces/share/modular_arm_interfaces/cmake/export_modular_arm_interfaces__rosidl_generator_cExport.cmake
-- Installing: /home/shreeshinator/AI_Challenge_Robotic_Arm/install/modular_arm_interfaces/share/modular_arm_interfaces/cmake/export_modular_arm_interfaces__rosidl_generator_cExport-noconfig.cmake
-- Installing: /home/shreeshinator/AI_Challenge_Robotic_Arm/install/modular_arm_interfaces/share/modular_arm_interfaces/cmake/export_modular_arm_interfaces__rosidl_typesupport_fastrtps_cExport.cmake
-- Installing: /home/shreeshinator/AI_Challenge_Robotic_Arm/install/modular_arm_interfaces/share/modular_arm_interfaces/cmake/export_modular_arm_interfaces__rosidl_typesupport_fastrtps_cExport-noconfig.cmake
-- Installing: /home/shreeshinator/AI_Challenge_Robotic_Arm/install/modular_arm_interfaces/share/modular_arm_interfaces/cmake/modular_arm_interfaces__rosidl_typesupport_introspection_cExport.cmake
-- Installing: /home/shreeshinator/AI_Challenge_Robotic_Arm/install/modular_arm_interfaces/share/modular_arm_interfaces/cmake/modular_arm_interfaces__rosidl_typesupport_introspection_cExport-noconfig.cmake
-- Installing: /home/shreeshinator/AI_Challenge_Robotic_Arm/install/modular_arm_interfaces/share/modular_arm_interfaces/cmake/modular_arm_interfaces__rosidl_typesupport_cExport.cmake
-- Installing: /home/shreeshinator/AI_Challenge_Robotic_Arm/install/modular_arm_interfaces/share/modular_arm_interfaces/cmake/modular_arm_interfaces__rosidl_typesupport_cExport-noconfig.cmake
-- Installing: /home/shreeshinator/AI_Challenge_Robotic_Arm/install/modular_arm_interfaces/share/modular_arm_interfaces/cmake/export_modular_arm_interfaces__rosidl_generator_cppExport.cmake
-- Installing: /home/shreeshinator/AI_Challenge_Robotic_Arm/install/modular_arm_interfaces/share/modular_arm_interfaces/cmake/export_modular_arm_interfaces__rosidl_typesupport_fastrtps_cppExport.cmake
-- Installing: /home/shreeshinator/AI_Challenge_Robotic_Arm/install/modular_arm_interfaces/share/modular_arm_interfaces/cmake/export_modular_arm_interfaces__rosidl_typesupport_fastrtps_cppExport-noconfig.cmake
-- Installing: /home/shreeshinator/AI_Challenge_Robotic_Arm/install/modular_arm_interfaces/share/modular_arm_interfaces/cmake/modular_arm_interfaces__rosidl_typesupport_introspection_cppExport.cmake
-- Installing: /home/shreeshinator/AI_Challenge_Robotic_Arm/install/modular_arm_interfaces/share/modular_arm_interfaces/cmake/modular_arm_interfaces__rosidl_typesupport_introspection_cppExport-noconfig.cmake
-- Installing: /home/shreeshinator/AI_Challenge_Robotic_Arm/install/modular_arm_interfaces/share/modular_arm_interfaces/cmake/modular_arm_interfaces__rosidl_typesupport_cppExport.cmake
-- Installing: /home/shreeshinator/AI_Challenge_Robotic_Arm/install/modular_arm_interfaces/share/modular_arm_interfaces/cmake/modular_arm_interfaces__rosidl_typesupport_cppExport-noconfig.cmake
-- Installing: /home/shreeshinator/AI_Challenge_Robotic_Arm/install/modular_arm_interfaces/share/modular_arm_interfaces/cmake/export_modular_arm_interfaces__rosidl_generator_pyExport.cmake
-- Installing: /home/shreeshinator/AI_Challenge_Robotic_Arm/install/modular_arm_interfaces/share/modular_arm_interfaces/cmake/export_modular_arm_interfaces__rosidl_generator_pyExport-noconfig.cmake
-- Installing: /home/shreeshinator/AI_Challenge_Robotic_Arm/install/modular_arm_interfaces/share/modular_arm_interfaces/cmake/rosidl_cmake-extras.cmake
-- Installing: /home/shreeshinator/AI_Challenge_Robotic_Arm/install/modular_arm_interfaces/share/modular_arm_interfaces/cmake/ament_cmake_export_dependencies-extras.cmake
-- Installing: /home/shreeshinator/AI_Challenge_Robotic_Arm/install/modular_arm_interfaces/share/modular_arm_interfaces/cmake/ament_cmake_export_include_directories-extras.cmake
-- Installing: /home/shreeshinator/AI_Challenge_Robotic_Arm/install/modular_arm_interfaces/share/modular_arm_interfaces/cmake/ament_cmake_export_libraries-extras.cmake
-- Installing: /home/shreeshinator/AI_Challenge_Robotic_Arm/install/modular_arm_interfaces/share/modular_arm_interfaces/cmake/ament_cmake_export_targets-extras.cmake
-- Installing: /home/shreeshinator/AI_Challenge_Robotic_Arm/install/modular_arm_interfaces/share/modular_arm_interfaces/cmake/rosidl_cmake_export_typesupport_targets-extras.cmake
-- Installing: /home/shreeshinator/AI_Challenge_Robotic_Arm/install/modular_arm_interfaces/share/modular_arm_interfaces/cmake/rosidl_cmake_export_typesupport_libraries-extras.cmake
-- Installing: /home/shreeshinator/AI_Challenge_Robotic_Arm/install/modular_arm_interfaces/share/modular_arm_interfaces/cmake/rosidl_cmake_aggregate_target-extras.cmake
-- Installing: /home/shreeshinator/AI_Challenge_Robotic_Arm/install/modular_arm_interfaces/share/modular_arm_interfaces/cmake/modular_arm_interfacesConfig.cmake
-- Installing: /home/shreeshinator/AI_Challenge_Robotic_Arm/install/modular_arm_interfaces/share/modular_arm_interfaces/cmake/modular_arm_interfacesConfig-version.cmake
-- Installing: /home/shreeshinator/AI_Challenge_Robotic_Arm/install/modular_arm_interfaces/share/modular_arm_interfaces/package.xml
