-- Install configuration: ""
-- Up-to-date: /home/shreeshinator/AI_Challenge_Robotic_Arm/install/modular_arm_description/share/modular_arm_description/urdf
-- Up-to-date: /home/shreeshinator/AI_Challenge_Robotic_Arm/install/modular_arm_description/share/modular_arm_description/urdf/modular_arm.urdf.xacro
-- Up-to-date: /home/shreeshinator/AI_Challenge_Robotic_Arm/install/modular_arm_description/share/modular_arm_description/urdf/modular_arm.gazebo.xacro
-- Up-to-date: /home/shreeshinator/AI_Challenge_Robotic_Arm/install/modular_arm_description/share/modular_arm_description/launch
-- Installing: /home/shreeshinator/AI_Challenge_Robotic_Arm/install/modular_arm_description/share/modular_arm_description/launch/gazebo.launch.py
-- Installing: /home/shreeshinator/AI_Challenge_Robotic_Arm/install/modular_arm_description/share/modular_arm_description/launch/display.launch.py
-- Up-to-date: /home/shreeshinator/AI_Challenge_Robotic_Arm/install/modular_arm_description/share/modular_arm_description/config
-- Up-to-date: /home/shreeshinator/AI_Challenge_Robotic_Arm/install/modular_arm_description/share/modular_arm_description/config/ros2_controllers.yaml
-- Up-to-date: /home/shreeshinator/AI_Challenge_Robotic_Arm/install/modular_arm_description/share/modular_arm_description/rviz
-- Up-to-date: /home/shreeshinator/AI_Challenge_Robotic_Arm/install/modular_arm_description/share/modular_arm_description/rviz/view_arm.rviz
-- Up-to-date: /home/shreeshinator/AI_Challenge_Robotic_Arm/install/modular_arm_description/share/ament_index/resource_index/package_run_dependencies/modular_arm_description
-- Up-to-date: /home/shreeshinator/AI_Challenge_Robotic_Arm/install/modular_arm_description/share/ament_index/resource_index/parent_prefix_path/modular_arm_description
-- Up-to-date: /home/shreeshinator/AI_Challenge_Robotic_Arm/install/modular_arm_description/share/modular_arm_description/environment/ament_prefix_path.sh
-- Up-to-date: /home/shreeshinator/AI_Challenge_Robotic_Arm/install/modular_arm_description/share/modular_arm_description/environment/ament_prefix_path.dsv
-- Up-to-date: /home/shreeshinator/AI_Challenge_Robotic_Arm/install/modular_arm_description/share/modular_arm_description/environment/path.sh
-- Up-to-date: /home/shreeshinator/AI_Challenge_Robotic_Arm/install/modular_arm_description/share/modular_arm_description/environment/path.dsv
-- Up-to-date: /home/shreeshinator/AI_Challenge_Robotic_Arm/install/modular_arm_description/share/modular_arm_description/local_setup.bash
-- Up-to-date: /home/shreeshinator/AI_Challenge_Robotic_Arm/install/modular_arm_description/share/modular_arm_description/local_setup.sh
-- Up-to-date: /home/shreeshinator/AI_Challenge_Robotic_Arm/install/modular_arm_description/share/modular_arm_description/local_setup.zsh
-- Up-to-date: /home/shreeshinator/AI_Challenge_Robotic_Arm/install/modular_arm_description/share/modular_arm_description/local_setup.dsv
-- Up-to-date: /home/shreeshinator/AI_Challenge_Robotic_Arm/install/modular_arm_description/share/modular_arm_description/package.dsv
-- Up-to-date: /home/shreeshinator/AI_Challenge_Robotic_Arm/install/modular_arm_description/share/ament_index/resource_index/packages/modular_arm_description
-- Up-to-date: /home/shreeshinator/AI_Challenge_Robotic_Arm/install/modular_arm_description/share/modular_arm_description/cmake/modular_arm_descriptionConfig.cmake
-- Up-to-date: /home/shreeshinator/AI_Challenge_Robotic_Arm/install/modular_arm_description/share/modular_arm_description/cmake/modular_arm_descriptionConfig-version.cmake
-- Up-to-date: /home/shreeshinator/AI_Challenge_Robotic_Arm/install/modular_arm_description/share/modular_arm_description/package.xml
