[0.048s] Invoking command in '/home/shreeshinator/AI_Challenge_Robotic_Arm/build/modular_arm_description': CMAKE_PREFIX_PATH=${CMAKE_PREFIX_PATH}:/home/shreeshinator/AI_Challenge_Robotic_Arm/install/modular_arm_kinematics:/opt/ros/jazzy /usr/bin/cmake --build /home/shreeshinator/AI_Challenge_Robotic_Arm/build/modular_arm_description -- -j12 -l12
[0.174s] Invoked command in '/home/shreeshinator/AI_Challenge_Robotic_Arm/build/modular_arm_description' returned '0': CMAKE_PREFIX_PATH=${CMAKE_PREFIX_PATH}:/home/shreeshinator/AI_Challenge_Robotic_Arm/install/modular_arm_kinematics:/opt/ros/jazzy /usr/bin/cmake --build /home/shreeshinator/AI_Challenge_Robotic_Arm/build/modular_arm_description -- -j12 -l12
[0.202s] Invoking command in '/home/shreeshinator/AI_Challenge_Robotic_Arm/build/modular_arm_description': CMAKE_PREFIX_PATH=${CMAKE_PREFIX_PATH}:/home/shreeshinator/AI_Challenge_Robotic_Arm/install/modular_arm_kinematics:/opt/ros/jazzy /usr/bin/cmake --install /home/shreeshinator/AI_Challenge_Robotic_Arm/build/modular_arm_description
[0.225s] -- Install configuration: ""
[0.226s] -- Up-to-date: /home/shreeshinator/AI_Challenge_Robotic_Arm/install/modular_arm_description/share/modular_arm_description/urdf
[0.226s] -- Up-to-date: /home/shreeshinator/AI_Challenge_Robotic_Arm/install/modular_arm_description/share/modular_arm_description/urdf/modular_arm.urdf.xacro
[0.227s] -- Up-to-date: /home/shreeshinator/AI_Challenge_Robotic_Arm/install/modular_arm_description/share/modular_arm_description/urdf/modular_arm.gazebo.xacro
[0.227s] -- Up-to-date: /home/shreeshinator/AI_Challenge_Robotic_Arm/install/modular_arm_description/share/modular_arm_description/launch
[0.227s] -- Installing: /home/shreeshinator/AI_Challenge_Robotic_Arm/install/modular_arm_description/share/modular_arm_description/launch/gazebo.launch.py
[0.228s] -- Installing: /home/shreeshinator/AI_Challenge_Robotic_Arm/install/modular_arm_description/share/modular_arm_description/launch/display.launch.py
[0.229s] -- Up-to-date: /home/shreeshinator/AI_Challenge_Robotic_Arm/install/modular_arm_description/share/modular_arm_description/config
[0.229s] -- Up-to-date: /home/shreeshinator/AI_Challenge_Robotic_Arm/install/modular_arm_description/share/modular_arm_description/config/ros2_controllers.yaml
[0.229s] -- Up-to-date: /home/shreeshinator/AI_Challenge_Robotic_Arm/install/modular_arm_description/share/modular_arm_description/rviz
[0.229s] -- Up-to-date: /home/shreeshinator/AI_Challenge_Robotic_Arm/install/modular_arm_description/share/modular_arm_description/rviz/view_arm.rviz
[0.229s] -- Up-to-date: /home/shreeshinator/AI_Challenge_Robotic_Arm/install/modular_arm_description/share/ament_index/resource_index/package_run_dependencies/modular_arm_description
[0.229s] -- Up-to-date: /home/shreeshinator/AI_Challenge_Robotic_Arm/install/modular_arm_description/share/ament_index/resource_index/parent_prefix_path/modular_arm_description
[0.230s] -- Up-to-date: /home/shreeshinator/AI_Challenge_Robotic_Arm/install/modular_arm_description/share/modular_arm_description/environment/ament_prefix_path.sh
[0.230s] -- Up-to-date: /home/shreeshinator/AI_Challenge_Robotic_Arm/install/modular_arm_description/share/modular_arm_description/environment/ament_prefix_path.dsv
[0.231s] -- Up-to-date: /home/shreeshinator/AI_Challenge_Robotic_Arm/install/modular_arm_description/share/modular_arm_description/environment/path.sh
[0.231s] -- Up-to-date: /home/shreeshinator/AI_Challenge_Robotic_Arm/install/modular_arm_description/share/modular_arm_description/environment/path.dsv
[0.231s] -- Up-to-date: /home/shreeshinator/AI_Challenge_Robotic_Arm/install/modular_arm_description/share/modular_arm_description/local_setup.bash
[0.231s] -- Up-to-date: /home/shreeshinator/AI_Challenge_Robotic_Arm/install/modular_arm_description/share/modular_arm_description/local_setup.sh
[0.232s] -- Up-to-date: /home/shreeshinator/AI_Challenge_Robotic_Arm/install/modular_arm_description/share/modular_arm_description/local_setup.zsh
[0.232s] -- Up-to-date: /home/shreeshinator/AI_Challenge_Robotic_Arm/install/modular_arm_description/share/modular_arm_description/local_setup.dsv
[0.233s] -- Up-to-date: /home/shreeshinator/AI_Challenge_Robotic_Arm/install/modular_arm_description/share/modular_arm_description/package.dsv
[0.233s] -- Up-to-date: /home/shreeshinator/AI_Challenge_Robotic_Arm/install/modular_arm_description/share/ament_index/resource_index/packages/modular_arm_description
[0.234s] -- Up-to-date: /home/shreeshinator/AI_Challenge_Robotic_Arm/install/modular_arm_description/share/modular_arm_description/cmake/modular_arm_descriptionConfig.cmake
[0.236s] -- Up-to-date: /home/shreeshinator/AI_Challenge_Robotic_Arm/install/modular_arm_description/share/modular_arm_description/cmake/modular_arm_descriptionConfig-version.cmake
[0.236s] -- Up-to-date: /home/shreeshinator/AI_Challenge_Robotic_Arm/install/modular_arm_description/share/modular_arm_description/package.xml
[0.237s] Invoked command in '/home/shreeshinator/AI_Challenge_Robotic_Arm/build/modular_arm_description' returned '0': CMAKE_PREFIX_PATH=${CMAKE_PREFIX_PATH}:/home/shreeshinator/AI_Challenge_Robotic_Arm/install/modular_arm_kinematics:/opt/ros/jazzy /usr/bin/cmake --install /home/shreeshinator/AI_Challenge_Robotic_Arm/build/modular_arm_description
