[  2%] Built target modular_arm_interfaces__rosidl_generator_type_description
[  5%] Built target modular_arm_interfaces__rs
[  5%] Built target ament_cmake_python_copy_modular_arm_interfaces
[  8%] Built target modular_arm_interfaces__cpp
[ 22%] Built target modular_arm_interfaces__rosidl_generator_c
[ 31%] Built target modular_arm_interfaces__rosidl_typesupport_introspection_c
[ 40%] Built target modular_arm_interfaces__rosidl_typesupport_c
[ 48%] Built target modular_arm_interfaces__rosidl_typesupport_fastrtps_cpp
[ 60%] Built target modular_arm_interfaces__rosidl_typesupport_fastrtps_c
[ 74%] Built target modular_arm_interfaces__rosidl_typesupport_introspection_cpp
[ 74%] Built target modular_arm_interfaces__rosidl_typesupport_cpp
[ 74%] Built target modular_arm_interfaces
[ 77%] Built target modular_arm_interfaces__py
[ 82%] Built target modular_arm_interfaces__rosidl_generator_py
[ 88%] Built target modular_arm_interfaces_s__rosidl_typesupport_c
[100%] Built target modular_arm_interfaces_s__rosidl_typesupport_fastrtps_c
[100%] Built target modular_arm_interfaces_s__rosidl_typesupport_introspection_c
running egg_info
writing modular_arm_interfaces.egg-info/PKG-INFO
writing dependency_links to modular_arm_interfaces.egg-info/dependency_links.txt
writing top-level names to modular_arm_interfaces.egg-info/top_level.txt
reading manifest file 'modular_arm_interfaces.egg-info/SOURCES.txt'
writing manifest file 'modular_arm_interfaces.egg-info/SOURCES.txt'
[100%] Built target ament_cmake_python_build_modular_arm_interfaces_egg
-- Install configuration: ""
-- Up-to-date: /home/shreeshinator/AI_Challenge_Robotic_Arm/install/modular_arm_interfaces/share/ament_index/resource_index/rosidl_interfaces/modular_arm_interfaces
-- Up-to-date: /home/shreeshinator/AI_Challenge_Robotic_Arm/install/modular_arm_interfaces/share/modular_arm_interfaces/srv/MoveTo.json
-- Up-to-date: /home/shreeshinator/AI_Challenge_Robotic_Arm/install/modular_arm_interfaces/include/modular_arm_interfaces/modular_arm_interfaces
-- Up-to-date: /home/shreeshinator/AI_Challenge_Robotic_Arm/install/modular_arm_interfaces/include/modular_arm_interfaces/modular_arm_interfaces/msg
-- Up-to-date: /home/shreeshinator/AI_Challenge_Robotic_Arm/install/modular_arm_interfaces/include/modular_arm_interfaces/modular_arm_interfaces/msg/rosidl_generator_c__visibility_control.h
-- Up-to-date: /home/shreeshinator/AI_Challenge_Robotic_Arm/install/modular_arm_interfaces/include/modular_arm_interfaces/modular_arm_interfaces/srv
-- Up-to-date: /home/shreeshinator/AI_Challenge_Robotic_Arm/install/modular_arm_interfaces/include/modular_arm_interfaces/modular_arm_interfaces/srv/detail
-- Up-to-date: /home/shreeshinator/AI_Challenge_Robotic_Arm/install/modular_arm_interfaces/include/modular_arm_interfaces/modular_arm_interfaces/srv/detail/move_to__functions.h
-- Up-to-date: /home/shreeshinator/AI_Challenge_Robotic_Arm/install/modular_arm_interfaces/include/modular_arm_interfaces/modular_arm_interfaces/srv/detail/move_to__functions.c
-- Up-to-date: /home/shreeshinator/AI_Challenge_Robotic_Arm/install/modular_arm_interfaces/include/modular_arm_interfaces/modular_arm_interfaces/srv/detail/move_to__type_support.h
-- Up-to-date: /home/shreeshinator/AI_Challenge_Robotic_Arm/install/modular_arm_interfaces/include/modular_arm_interfaces/modular_arm_interfaces/srv/detail/move_to__struct.h
-- Up-to-date: /home/shreeshinator/AI_Challenge_Robotic_Arm/install/modular_arm_interfaces/include/modular_arm_interfaces/modular_arm_interfaces/srv/detail/move_to__description.c
-- Up-to-date: /home/shreeshinator/AI_Challenge_Robotic_Arm/install/modular_arm_interfaces/include/modular_arm_interfaces/modular_arm_interfaces/srv/detail/move_to__type_support.c
-- Up-to-date: /home/shreeshinator/AI_Challenge_Robotic_Arm/install/modular_arm_interfaces/include/modular_arm_interfaces/modular_arm_interfaces/srv/move_to.h
-- Up-to-date: /home/shreeshinator/AI_Challenge_Robotic_Arm/install/modular_arm_interfaces/share/modular_arm_interfaces/environment/library_path.sh
-- Up-to-date: /home/shreeshinator/AI_Challenge_Robotic_Arm/install/modular_arm_interfaces/share/modular_arm_interfaces/environment/library_path.dsv
-- Up-to-date: /home/shreeshinator/AI_Challenge_Robotic_Arm/install/modular_arm_interfaces/lib/libmodular_arm_interfaces__rosidl_generator_c.so
-- Up-to-date: /home/shreeshinator/AI_Challenge_Robotic_Arm/install/modular_arm_interfaces/include/modular_arm_interfaces/modular_arm_interfaces
-- Up-to-date: /home/shreeshinator/AI_Challenge_Robotic_Arm/install/modular_arm_interfaces/include/modular_arm_interfaces/modular_arm_interfaces/msg
-- Up-to-date: /home/shreeshinator/AI_Challenge_Robotic_Arm/install/modular_arm_interfaces/include/modular_arm_interfaces/modular_arm_interfaces/msg/rosidl_typesupport_fastrtps_c__visibility_control.h
-- Up-to-date: /home/shreeshinator/AI_Challenge_Robotic_Arm/install/modular_arm_interfaces/include/modular_arm_interfaces/modular_arm_interfaces/srv
-- Up-to-date: /home/shreeshinator/AI_Challenge_Robotic_Arm/install/modular_arm_interfaces/include/modular_arm_interfaces/modular_arm_interfaces/srv/detail
-- Up-to-date: /home/shreeshinator/AI_Challenge_Robotic_Arm/install/modular_arm_interfaces/include/modular_arm_interfaces/modular_arm_interfaces/srv/detail/move_to__rosidl_typesupport_fastrtps_c.h
-- Up-to-date: /home/shreeshinator/AI_Challenge_Robotic_Arm/install/modular_arm_interfaces/lib/libmodular_arm_interfaces__rosidl_typesupport_fastrtps_c.so
-- Up-to-date: /home/shreeshinator/AI_Challenge_Robotic_Arm/install/modular_arm_interfaces/include/modular_arm_interfaces/modular_arm_interfaces
-- Up-to-date: /home/shreeshinator/AI_Challenge_Robotic_Arm/install/modular_arm_interfaces/include/modular_arm_interfaces/modular_arm_interfaces/msg
-- Up-to-date: /home/shreeshinator/AI_Challenge_Robotic_Arm/install/modular_arm_interfaces/include/modular_arm_interfaces/modular_arm_interfaces/msg/rosidl_typesupport_introspection_c__visibility_control.h
-- Up-to-date: /home/shreeshinator/AI_Challenge_Robotic_Arm/install/modular_arm_interfaces/include/modular_arm_interfaces/modular_arm_interfaces/srv
-- Up-to-date: /home/shreeshinator/AI_Challenge_Robotic_Arm/install/modular_arm_interfaces/include/modular_arm_interfaces/modular_arm_interfaces/srv/detail
-- Up-to-date: /home/shreeshinator/AI_Challenge_Robotic_Arm/install/modular_arm_interfaces/include/modular_arm_interfaces/modular_arm_interfaces/srv/detail/move_to__rosidl_typesupport_introspection_c.h
-- Up-to-date: /home/shreeshinator/AI_Challenge_Robotic_Arm/install/modular_arm_interfaces/include/modular_arm_interfaces/modular_arm_interfaces/srv/detail/move_to__type_support.c
-- Up-to-date: /home/shreeshinator/AI_Challenge_Robotic_Arm/install/modular_arm_interfaces/lib/libmodular_arm_interfaces__rosidl_typesupport_introspection_c.so
-- Up-to-date: /home/shreeshinator/AI_Challenge_Robotic_Arm/install/modular_arm_interfaces/lib/libmodular_arm_interfaces__rosidl_typesupport_c.so
-- Up-to-date: /home/shreeshinator/AI_Challenge_Robotic_Arm/install/modular_arm_interfaces/include/modular_arm_interfaces/modular_arm_interfaces
-- Up-to-date: /home/shreeshinator/AI_Challenge_Robotic_Arm/install/modular_arm_interfaces/include/modular_arm_interfaces/modular_arm_interfaces/msg
-- Up-to-date: /home/shreeshinator/AI_Challenge_Robotic_Arm/install/modular_arm_interfaces/include/modular_arm_interfaces/modular_arm_interfaces/msg/rosidl_generator_cpp__visibility_control.hpp
-- Up-to-date: /home/shreeshinator/AI_Challenge_Robotic_Arm/install/modular_arm_interfaces/include/modular_arm_interfaces/modular_arm_interfaces/srv
-- Up-to-date: /home/shreeshinator/AI_Challenge_Robotic_Arm/install/modular_arm_interfaces/include/modular_arm_interfaces/modular_arm_interfaces/srv/detail
-- Up-to-date: /home/shreeshinator/AI_Challenge_Robotic_Arm/install/modular_arm_interfaces/include/modular_arm_interfaces/modular_arm_interfaces/srv/detail/move_to__traits.hpp
-- Up-to-date: /home/shreeshinator/AI_Challenge_Robotic_Arm/install/modular_arm_interfaces/include/modular_arm_interfaces/modular_arm_interfaces/srv/detail/move_to__builder.hpp
-- Up-to-date: /home/shreeshinator/AI_Challenge_Robotic_Arm/install/modular_arm_interfaces/include/modular_arm_interfaces/modular_arm_interfaces/srv/detail/move_to__struct.hpp
-- Up-to-date: /home/shreeshinator/AI_Challenge_Robotic_Arm/install/modular_arm_interfaces/include/modular_arm_interfaces/modular_arm_interfaces/srv/detail/move_to__type_support.hpp
-- Up-to-date: /home/shreeshinator/AI_Challenge_Robotic_Arm/install/modular_arm_interfaces/include/modular_arm_interfaces/modular_arm_interfaces/srv/move_to.hpp
-- Up-to-date: /home/shreeshinator/AI_Challenge_Robotic_Arm/install/modular_arm_interfaces/include/modular_arm_interfaces/modular_arm_interfaces
-- Up-to-date: /home/shreeshinator/AI_Challenge_Robotic_Arm/install/modular_arm_interfaces/include/modular_arm_interfaces/modular_arm_interfaces/msg
-- Up-to-date: /home/shreeshinator/AI_Challenge_Robotic_Arm/install/modular_arm_interfaces/include/modular_arm_interfaces/modular_arm_interfaces/msg/rosidl_typesupport_fastrtps_cpp__visibility_control.h
-- Up-to-date: /home/shreeshinator/AI_Challenge_Robotic_Arm/install/modular_arm_interfaces/include/modular_arm_interfaces/modular_arm_interfaces/srv
-- Up-to-date: /home/shreeshinator/AI_Challenge_Robotic_Arm/install/modular_arm_interfaces/include/modular_arm_interfaces/modular_arm_interfaces/srv/detail
-- Up-to-date: /home/shreeshinator/AI_Challenge_Robotic_Arm/install/modular_arm_interfaces/include/modular_arm_interfaces/modular_arm_interfaces/srv/detail/move_to__rosidl_typesupport_fastrtps_cpp.hpp
-- Up-to-date: /home/shreeshinator/AI_Challenge_Robotic_Arm/install/modular_arm_interfaces/include/modular_arm_interfaces/modular_arm_interfaces/srv/detail/dds_fastrtps
-- Up-to-date: /home/shreeshinator/AI_Challenge_Robotic_Arm/install/modular_arm_interfaces/lib/libmodular_arm_interfaces__rosidl_typesupport_fastrtps_cpp.so
-- Up-to-date: /home/shreeshinator/AI_Challenge_Robotic_Arm/install/modular_arm_interfaces/include/modular_arm_interfaces/modular_arm_interfaces
-- Up-to-date: /home/shreeshinator/AI_Challenge_Robotic_Arm/install/modular_arm_interfaces/include/modular_arm_interfaces/modular_arm_interfaces/srv
-- Up-to-date: /home/shreeshinator/AI_Challenge_Robotic_Arm/install/modular_arm_interfaces/include/modular_arm_interfaces/modular_arm_interfaces/srv/detail
-- Up-to-date: /home/shreeshinator/AI_Challenge_Robotic_Arm/install/modular_arm_interfaces/include/modular_arm_interfaces/modular_arm_interfaces/srv/detail/move_to__rosidl_typesupport_introspection_cpp.hpp
-- Up-to-date: /home/shreeshinator/AI_Challenge_Robotic_Arm/install/modular_arm_interfaces/include/modular_arm_interfaces/modular_arm_interfaces/srv/detail/move_to__type_support.cpp
-- Up-to-date: /home/shreeshinator/AI_Challenge_Robotic_Arm/install/modular_arm_interfaces/lib/libmodular_arm_interfaces__rosidl_typesupport_introspection_cpp.so
-- Up-to-date: /home/shreeshinator/AI_Challenge_Robotic_Arm/install/modular_arm_interfaces/lib/libmodular_arm_interfaces__rosidl_typesupport_cpp.so
-- Up-to-date: /home/shreeshinator/AI_Challenge_Robotic_Arm/install/modular_arm_interfaces/share/modular_arm_interfaces/environment/pythonpath.sh
-- Up-to-date: /home/shreeshinator/AI_Challenge_Robotic_Arm/install/modular_arm_interfaces/share/modular_arm_interfaces/environment/pythonpath.dsv
-- Up-to-date: /home/shreeshinator/AI_Challenge_Robotic_Arm/install/modular_arm_interfaces/lib/python3.12/site-packages/modular_arm_interfaces-0.1.0-py3.12.egg-info
-- Installing: /home/shreeshinator/AI_Challenge_Robotic_Arm/install/modular_arm_interfaces/lib/python3.12/site-packages/modular_arm_interfaces-0.1.0-py3.12.egg-info/PKG-INFO
-- Installing: /home/shreeshinator/AI_Challenge_Robotic_Arm/install/modular_arm_interfaces/lib/python3.12/site-packages/modular_arm_interfaces-0.1.0-py3.12.egg-info/SOURCES.txt
-- Installing: /home/shreeshinator/AI_Challenge_Robotic_Arm/install/modular_arm_interfaces/lib/python3.12/site-packages/modular_arm_interfaces-0.1.0-py3.12.egg-info/top_level.txt
-- Installing: /home/shreeshinator/AI_Challenge_Robotic_Arm/install/modular_arm_interfaces/lib/python3.12/site-packages/modular_arm_interfaces-0.1.0-py3.12.egg-info/dependency_links.txt
-- Up-to-date: /home/shreeshinator/AI_Challenge_Robotic_Arm/install/modular_arm_interfaces/lib/python3.12/site-packages/modular_arm_interfaces
-- Up-to-date: /home/shreeshinator/AI_Challenge_Robotic_Arm/install/modular_arm_interfaces/lib/python3.12/site-packages/modular_arm_interfaces/__init__.py
-- Up-to-date: /home/shreeshinator/AI_Challenge_Robotic_Arm/install/modular_arm_interfaces/lib/python3.12/site-packages/modular_arm_interfaces/modular_arm_interfaces_s__rosidl_typesupport_fastrtps_c.so
-- Up-to-date: /home/shreeshinator/AI_Challenge_Robotic_Arm/install/modular_arm_interfaces/lib/python3.12/site-packages/modular_arm_interfaces/srv
-- Up-to-date: /home/shreeshinator/AI_Challenge_Robotic_Arm/install/modular_arm_interfaces/lib/python3.12/site-packages/modular_arm_interfaces/srv/__init__.py
-- Up-to-date: /home/shreeshinator/AI_Challenge_Robotic_Arm/install/modular_arm_interfaces/lib/python3.12/site-packages/modular_arm_interfaces/srv/_move_to.py
-- Up-to-date: /home/shreeshinator/AI_Challenge_Robotic_Arm/install/modular_arm_interfaces/lib/python3.12/site-packages/modular_arm_interfaces/srv/_move_to_s.c
-- Up-to-date: /home/shreeshinator/AI_Challenge_Robotic_Arm/install/modular_arm_interfaces/lib/python3.12/site-packages/modular_arm_interfaces/_modular_arm_interfaces_s.ep.rosidl_typesupport_introspection_c.c
-- Up-to-date: /home/shreeshinator/AI_Challenge_Robotic_Arm/install/modular_arm_interfaces/lib/python3.12/site-packages/modular_arm_interfaces/modular_arm_interfaces_s__rosidl_typesupport_c.so
-- Up-to-date: /home/shreeshinator/AI_Challenge_Robotic_Arm/install/modular_arm_interfaces/lib/python3.12/site-packages/modular_arm_interfaces/modular_arm_interfaces_s__rosidl_typesupport_introspection_c.so
-- Up-to-date: /home/shreeshinator/AI_Challenge_Robotic_Arm/install/modular_arm_interfaces/lib/python3.12/site-packages/modular_arm_interfaces/_modular_arm_interfaces_s.ep.rosidl_typesupport_fastrtps_c.c
-- Up-to-date: /home/shreeshinator/AI_Challenge_Robotic_Arm/install/modular_arm_interfaces/lib/python3.12/site-packages/modular_arm_interfaces/_modular_arm_interfaces_s.ep.rosidl_typesupport_c.c
Listing '/home/shreeshinator/AI_Challenge_Robotic_Arm/install/modular_arm_interfaces/lib/python3.12/site-packages/modular_arm_interfaces'...
Listing '/home/shreeshinator/AI_Challenge_Robotic_Arm/install/modular_arm_interfaces/lib/python3.12/site-packages/modular_arm_interfaces/srv'...
-- Up-to-date: /home/shreeshinator/AI_Challenge_Robotic_Arm/install/modular_arm_interfaces/lib/python3.12/site-packages/modular_arm_interfaces/modular_arm_interfaces_s__rosidl_typesupport_fastrtps_c.so
-- Up-to-date: /home/shreeshinator/AI_Challenge_Robotic_Arm/install/modular_arm_interfaces/lib/python3.12/site-packages/modular_arm_interfaces/modular_arm_interfaces_s__rosidl_typesupport_introspection_c.so
-- Up-to-date: /home/shreeshinator/AI_Challenge_Robotic_Arm/install/modular_arm_interfaces/lib/python3.12/site-packages/modular_arm_interfaces/modular_arm_interfaces_s__rosidl_typesupport_c.so
-- Up-to-date: /home/shreeshinator/AI_Challenge_Robotic_Arm/install/modular_arm_interfaces/lib/libmodular_arm_interfaces__rosidl_generator_py.so
-- Up-to-date: /home/shreeshinator/AI_Challenge_Robotic_Arm/install/modular_arm_interfaces/share/ament_index/resource_index/rust_packages/modular_arm_interfaces
-- Up-to-date: /home/shreeshinator/AI_Challenge_Robotic_Arm/install/modular_arm_interfaces/share/modular_arm_interfaces/rust
-- Up-to-date: /home/shreeshinator/AI_Challenge_Robotic_Arm/install/modular_arm_interfaces/share/modular_arm_interfaces/rust/src
-- Up-to-date: /home/shreeshinator/AI_Challenge_Robotic_Arm/install/modular_arm_interfaces/share/modular_arm_interfaces/rust/src/srv
-- Up-to-date: /home/shreeshinator/AI_Challenge_Robotic_Arm/install/modular_arm_interfaces/share/modular_arm_interfaces/rust/src/srv/rmw.rs
-- Up-to-date: /home/shreeshinator/AI_Challenge_Robotic_Arm/install/modular_arm_interfaces/share/modular_arm_interfaces/rust/src/lib.rs
-- Up-to-date: /home/shreeshinator/AI_Challenge_Robotic_Arm/install/modular_arm_interfaces/share/modular_arm_interfaces/rust/src/srv.rs
-- Up-to-date: /home/shreeshinator/AI_Challenge_Robotic_Arm/install/modular_arm_interfaces/share/modular_arm_interfaces/rust/Cargo.toml
-- Up-to-date: /home/shreeshinator/AI_Challenge_Robotic_Arm/install/modular_arm_interfaces/share/modular_arm_interfaces/rust/build.rs
-- Up-to-date: /home/shreeshinator/AI_Challenge_Robotic_Arm/install/modular_arm_interfaces/share/modular_arm_interfaces/srv/MoveTo.idl
-- Up-to-date: /home/shreeshinator/AI_Challenge_Robotic_Arm/install/modular_arm_interfaces/share/modular_arm_interfaces/srv/MoveTo.srv
-- Up-to-date: /home/shreeshinator/AI_Challenge_Robotic_Arm/install/modular_arm_interfaces/share/ament_index/resource_index/package_run_dependencies/modular_arm_interfaces
-- Up-to-date: /home/shreeshinator/AI_Challenge_Robotic_Arm/install/modular_arm_interfaces/share/ament_index/resource_index/parent_prefix_path/modular_arm_interfaces
-- Up-to-date: /home/shreeshinator/AI_Challenge_Robotic_Arm/install/modular_arm_interfaces/share/modular_arm_interfaces/environment/ament_prefix_path.sh
-- Up-to-date: /home/shreeshinator/AI_Challenge_Robotic_Arm/install/modular_arm_interfaces/share/modular_arm_interfaces/environment/ament_prefix_path.dsv
-- Up-to-date: /home/shreeshinator/AI_Challenge_Robotic_Arm/install/modular_arm_interfaces/share/modular_arm_interfaces/environment/path.sh
-- Up-to-date: /home/shreeshinator/AI_Challenge_Robotic_Arm/install/modular_arm_interfaces/share/modular_arm_interfaces/environment/path.dsv
-- Up-to-date: /home/shreeshinator/AI_Challenge_Robotic_Arm/install/modular_arm_interfaces/share/modular_arm_interfaces/local_setup.bash
-- Up-to-date: /home/shreeshinator/AI_Challenge_Robotic_Arm/install/modular_arm_interfaces/share/modular_arm_interfaces/local_setup.sh
-- Up-to-date: /home/shreeshinator/AI_Challenge_Robotic_Arm/install/modular_arm_interfaces/share/modular_arm_interfaces/local_setup.zsh
-- Up-to-date: /home/shreeshinator/AI_Challenge_Robotic_Arm/install/modular_arm_interfaces/share/modular_arm_interfaces/local_setup.dsv
-- Installing: /home/shreeshinator/AI_Challenge_Robotic_Arm/install/modular_arm_interfaces/share/modular_arm_interfaces/package.dsv
-- Up-to-date: /home/shreeshinator/AI_Challenge_Robotic_Arm/install/modular_arm_interfaces/share/ament_index/resource_index/packages/modular_arm_interfaces
-- Up-to-date: /home/shreeshinator/AI_Challenge_Robotic_Arm/install/modular_arm_interfaces/share/modular_arm_interfaces/cmake/export_modular_arm_interfaces__rosidl_generator_cExport.cmake
-- Up-to-date: /home/shreeshinator/AI_Challenge_Robotic_Arm/install/modular_arm_interfaces/share/modular_arm_interfaces/cmake/export_modular_arm_interfaces__rosidl_generator_cExport-noconfig.cmake
-- Up-to-date: /home/shreeshinator/AI_Challenge_Robotic_Arm/install/modular_arm_interfaces/share/modular_arm_interfaces/cmake/export_modular_arm_interfaces__rosidl_typesupport_fastrtps_cExport.cmake
-- Up-to-date: /home/shreeshinator/AI_Challenge_Robotic_Arm/install/modular_arm_interfaces/share/modular_arm_interfaces/cmake/export_modular_arm_interfaces__rosidl_typesupport_fastrtps_cExport-noconfig.cmake
-- Up-to-date: /home/shreeshinator/AI_Challenge_Robotic_Arm/install/modular_arm_interfaces/share/modular_arm_interfaces/cmake/modular_arm_interfaces__rosidl_typesupport_introspection_cExport.cmake
-- Up-to-date: /home/shreeshinator/AI_Challenge_Robotic_Arm/install/modular_arm_interfaces/share/modular_arm_interfaces/cmake/modular_arm_interfaces__rosidl_typesupport_introspection_cExport-noconfig.cmake
-- Up-to-date: /home/shreeshinator/AI_Challenge_Robotic_Arm/install/modular_arm_interfaces/share/modular_arm_interfaces/cmake/modular_arm_interfaces__rosidl_typesupport_cExport.cmake
-- Up-to-date: /home/shreeshinator/AI_Challenge_Robotic_Arm/install/modular_arm_interfaces/share/modular_arm_interfaces/cmake/modular_arm_interfaces__rosidl_typesupport_cExport-noconfig.cmake
-- Up-to-date: /home/shreeshinator/AI_Challenge_Robotic_Arm/install/modular_arm_interfaces/share/modular_arm_interfaces/cmake/export_modular_arm_interfaces__rosidl_generator_cppExport.cmake
-- Up-to-date: /home/shreeshinator/AI_Challenge_Robotic_Arm/install/modular_arm_interfaces/share/modular_arm_interfaces/cmake/export_modular_arm_interfaces__rosidl_typesupport_fastrtps_cppExport.cmake
-- Up-to-date: /home/shreeshinator/AI_Challenge_Robotic_Arm/install/modular_arm_interfaces/share/modular_arm_interfaces/cmake/export_modular_arm_interfaces__rosidl_typesupport_fastrtps_cppExport-noconfig.cmake
-- Up-to-date: /home/shreeshinator/AI_Challenge_Robotic_Arm/install/modular_arm_interfaces/share/modular_arm_interfaces/cmake/modular_arm_interfaces__rosidl_typesupport_introspection_cppExport.cmake
-- Up-to-date: /home/shreeshinator/AI_Challenge_Robotic_Arm/install/modular_arm_interfaces/share/modular_arm_interfaces/cmake/modular_arm_interfaces__rosidl_typesupport_introspection_cppExport-noconfig.cmake
-- Up-to-date: /home/shreeshinator/AI_Challenge_Robotic_Arm/install/modular_arm_interfaces/share/modular_arm_interfaces/cmake/modular_arm_interfaces__rosidl_typesupport_cppExport.cmake
-- Up-to-date: /home/shreeshinator/AI_Challenge_Robotic_Arm/install/modular_arm_interfaces/share/modular_arm_interfaces/cmake/modular_arm_interfaces__rosidl_typesupport_cppExport-noconfig.cmake
-- Up-to-date: /home/shreeshinator/AI_Challenge_Robotic_Arm/install/modular_arm_interfaces/share/modular_arm_interfaces/cmake/export_modular_arm_interfaces__rosidl_generator_pyExport.cmake
-- Up-to-date: /home/shreeshinator/AI_Challenge_Robotic_Arm/install/modular_arm_interfaces/share/modular_arm_interfaces/cmake/export_modular_arm_interfaces__rosidl_generator_pyExport-noconfig.cmake
-- Up-to-date: /home/shreeshinator/AI_Challenge_Robotic_Arm/install/modular_arm_interfaces/share/modular_arm_interfaces/cmake/rosidl_cmake-extras.cmake
-- Up-to-date: /home/shreeshinator/AI_Challenge_Robotic_Arm/install/modular_arm_interfaces/share/modular_arm_interfaces/cmake/ament_cmake_export_dependencies-extras.cmake
-- Up-to-date: /home/shreeshinator/AI_Challenge_Robotic_Arm/install/modular_arm_interfaces/share/modular_arm_interfaces/cmake/ament_cmake_export_include_directories-extras.cmake
-- Up-to-date: /home/shreeshinator/AI_Challenge_Robotic_Arm/install/modular_arm_interfaces/share/modular_arm_interfaces/cmake/ament_cmake_export_libraries-extras.cmake
-- Up-to-date: /home/shreeshinator/AI_Challenge_Robotic_Arm/install/modular_arm_interfaces/share/modular_arm_interfaces/cmake/ament_cmake_export_targets-extras.cmake
-- Up-to-date: /home/shreeshinator/AI_Challenge_Robotic_Arm/install/modular_arm_interfaces/share/modular_arm_interfaces/cmake/rosidl_cmake_export_typesupport_targets-extras.cmake
-- Up-to-date: /home/shreeshinator/AI_Challenge_Robotic_Arm/install/modular_arm_interfaces/share/modular_arm_interfaces/cmake/rosidl_cmake_export_typesupport_libraries-extras.cmake
-- Up-to-date: /home/shreeshinator/AI_Challenge_Robotic_Arm/install/modular_arm_interfaces/share/modular_arm_interfaces/cmake/rosidl_cmake_aggregate_target-extras.cmake
-- Up-to-date: /home/shreeshinator/AI_Challenge_Robotic_Arm/install/modular_arm_interfaces/share/modular_arm_interfaces/cmake/modular_arm_interfacesConfig.cmake
-- Up-to-date: /home/shreeshinator/AI_Challenge_Robotic_Arm/install/modular_arm_interfaces/share/modular_arm_interfaces/cmake/modular_arm_interfacesConfig-version.cmake
-- Up-to-date: /home/shreeshinator/AI_Challenge_Robotic_Arm/install/modular_arm_interfaces/share/modular_arm_interfaces/package.xml
