[0.039s] Invoking command in '/home/shreeshinator/ros2_ws/build/modular_arm_interfaces': CMAKE_PREFIX_PATH=${CMAKE_PREFIX_PATH}:/opt/ros/jazzy DEBUGINFOD_URLS=https://debuginfod.ubuntu.com /usr/bin/cmake /home/shreeshinator/ros2_ws/src/modular_arm_interfaces -DCMAKE_INSTALL_PREFIX=/home/shreeshinator/ros2_ws/install/modular_arm_interfaces
[0.077s] -- Found ament_cmake: 2.5.6 (/opt/ros/jazzy/share/ament_cmake/cmake)
[0.476s] -- Override CMake install command with custom implementation using symlinks instead of copying resources
[0.486s] -- Found rosidl_default_generators: 1.6.1 (/opt/ros/jazzy/share/rosidl_default_generators/cmake)
[0.489s] -- Using all available rosidl_typesupport_c: rosidl_typesupport_fastrtps_c;rosidl_typesupport_introspection_c
[0.783s] -- Using all available rosidl_typesupport_cpp: rosidl_typesupport_fastrtps_cpp;rosidl_typesupport_introspection_cpp
[0.841s] -- Found rosidl_adapter: 4.6.9 (/opt/ros/jazzy/share/rosidl_adapter/cmake)
[0.844s] -- Found std_msgs: 5.3.8 (/opt/ros/jazzy/share/std_msgs/cmake)
[1.162s] [31mCMake Error at /opt/ros/jazzy/share/rosidl_adapter/cmake/rosidl_adapt_interfaces.cmake:57 (message):
[1.163s]   execute_process(/home/shreeshinator/.local/bin/python3.12 -m rosidl_adapter
[1.163s]   --package-name modular_arm_interfaces --arguments-file
[1.163s]   /home/shreeshinator/ros2_ws/build/modular_arm_interfaces/rosidl_adapter__arguments__modular_arm_interfaces.json
[1.164s]   --output-dir
[1.164s]   /home/shreeshinator/ros2_ws/build/modular_arm_interfaces/rosidl_adapter/modular_arm_interfaces
[1.164s]   --output-file
[1.164s]   /home/shreeshinator/ros2_ws/build/modular_arm_interfaces/rosidl_adapter/modular_arm_interfaces.idls)
[1.164s]   returned error code 1:
[1.164s] 
[1.165s]   Traceback (most recent call last):
[1.165s] 
[1.165s]     File "<frozen runpy>", line 198, in _run_module_as_main
[1.165s]     File "<frozen runpy>", line 88, in _run_code
[1.165s]     File "/opt/ros/jazzy/lib/python3.12/site-packages/rosidl_adapter/__main__.py", line 19, in <module>
[1.165s]       sys.exit(main())
[1.166s]                ^^^^^^
[1.166s]     File "/opt/ros/jazzy/lib/python3.12/site-packages/rosidl_adapter/main.py", line 53, in main
[1.166s]       abs_idl_file = convert_to_idl(
[1.166s]                      ^^^^^^^^^^^^^^^
[1.166s]     File "/opt/ros/jazzy/lib/python3.12/site-packages/rosidl_adapter/__init__.py", line 23, in convert_to_idl
[1.166s]       from rosidl_adapter.srv import convert_srv_to_idl
[1.167s]     File "/opt/ros/jazzy/lib/python3.12/site-packages/rosidl_adapter/srv/__init__.py", line 16, in <module>
[1.167s]       from rosidl_adapter.resource import expand_template
[1.167s]     File "/opt/ros/jazzy/lib/python3.12/site-packages/rosidl_adapter/resource/__init__.py", line 19, in <module>
[1.167s]       import em
[1.167s] 
[1.167s]   ModuleNotFoundError: No module named 'em'
[1.168s] 
[1.168s] Call Stack (most recent call first):
[1.168s]   /opt/ros/jazzy/share/rosidl_cmake/cmake/rosidl_generate_interfaces.cmake:132 (rosidl_adapt_interfaces)
[1.168s]   CMakeLists.txt:12 (rosidl_generate_interfaces)
[1.168s] 
[1.168s] [0m
[1.168s] -- Configuring incomplete, errors occurred!
